Archive member included to satisfy reference by file (symbol)

c:/st/stm32cubeide_1.3.0/stm32cubeide/plugins/com.st.stm32cube.ide.mcu.externaltools.gnu-tools-for-stm32.7-2018-q2-update.win32_1.0.0.201904181610/tools/bin/../lib/gcc/arm-none-eabi/7.3.1/../../../../arm-none-eabi/lib/thumb/v7e-m/fpv4-sp/hard\libc_nano.a(lib_a-errno.o)
                              Core/Src/syscalls.o (__errno)
c:/st/stm32cubeide_1.3.0/stm32cubeide/plugins/com.st.stm32cube.ide.mcu.externaltools.gnu-tools-for-stm32.7-2018-q2-update.win32_1.0.0.201904181610/tools/bin/../lib/gcc/arm-none-eabi/7.3.1/../../../../arm-none-eabi/lib/thumb/v7e-m/fpv4-sp/hard\libc_nano.a(lib_a-exit.o)
                              c:/st/stm32cubeide_1.3.0/stm32cubeide/plugins/com.st.stm32cube.ide.mcu.externaltools.gnu-tools-for-stm32.7-2018-q2-update.win32_1.0.0.201904181610/tools/bin/../lib/gcc/arm-none-eabi/7.3.1/../../../../arm-none-eabi/lib/thumb/v7e-m/fpv4-sp/hard/crt0.o (exit)
c:/st/stm32cubeide_1.3.0/stm32cubeide/plugins/com.st.stm32cube.ide.mcu.externaltools.gnu-tools-for-stm32.7-2018-q2-update.win32_1.0.0.201904181610/tools/bin/../lib/gcc/arm-none-eabi/7.3.1/../../../../arm-none-eabi/lib/thumb/v7e-m/fpv4-sp/hard\libc_nano.a(lib_a-impure.o)
                              c:/st/stm32cubeide_1.3.0/stm32cubeide/plugins/com.st.stm32cube.ide.mcu.externaltools.gnu-tools-for-stm32.7-2018-q2-update.win32_1.0.0.201904181610/tools/bin/../lib/gcc/arm-none-eabi/7.3.1/../../../../arm-none-eabi/lib/thumb/v7e-m/fpv4-sp/hard\libc_nano.a(lib_a-exit.o) (_global_impure_ptr)
c:/st/stm32cubeide_1.3.0/stm32cubeide/plugins/com.st.stm32cube.ide.mcu.externaltools.gnu-tools-for-stm32.7-2018-q2-update.win32_1.0.0.201904181610/tools/bin/../lib/gcc/arm-none-eabi/7.3.1/../../../../arm-none-eabi/lib/thumb/v7e-m/fpv4-sp/hard\libc_nano.a(lib_a-init.o)
                              c:/st/stm32cubeide_1.3.0/stm32cubeide/plugins/com.st.stm32cube.ide.mcu.externaltools.gnu-tools-for-stm32.7-2018-q2-update.win32_1.0.0.201904181610/tools/bin/../lib/gcc/arm-none-eabi/7.3.1/../../../../arm-none-eabi/lib/thumb/v7e-m/fpv4-sp/hard/crt0.o (__libc_init_array)
c:/st/stm32cubeide_1.3.0/stm32cubeide/plugins/com.st.stm32cube.ide.mcu.externaltools.gnu-tools-for-stm32.7-2018-q2-update.win32_1.0.0.201904181610/tools/bin/../lib/gcc/arm-none-eabi/7.3.1/../../../../arm-none-eabi/lib/thumb/v7e-m/fpv4-sp/hard\libc_nano.a(lib_a-malloc.o)
                              Middlewares/ST/STM32_USB_Host_Library/Class/MSC/Src/usbh_msc.o (malloc)
c:/st/stm32cubeide_1.3.0/stm32cubeide/plugins/com.st.stm32cube.ide.mcu.externaltools.gnu-tools-for-stm32.7-2018-q2-update.win32_1.0.0.201904181610/tools/bin/../lib/gcc/arm-none-eabi/7.3.1/../../../../arm-none-eabi/lib/thumb/v7e-m/fpv4-sp/hard\libc_nano.a(lib_a-memcpy-stub.o)
                              Core/Src/MY_CS43L22.o (memcpy)
c:/st/stm32cubeide_1.3.0/stm32cubeide/plugins/com.st.stm32cube.ide.mcu.externaltools.gnu-tools-for-stm32.7-2018-q2-update.win32_1.0.0.201904181610/tools/bin/../lib/gcc/arm-none-eabi/7.3.1/../../../../arm-none-eabi/lib/thumb/v7e-m/fpv4-sp/hard\libc_nano.a(lib_a-memset.o)
                              c:/st/stm32cubeide_1.3.0/stm32cubeide/plugins/com.st.stm32cube.ide.mcu.externaltools.gnu-tools-for-stm32.7-2018-q2-update.win32_1.0.0.201904181610/tools/bin/../lib/gcc/arm-none-eabi/7.3.1/../../../../arm-none-eabi/lib/thumb/v7e-m/fpv4-sp/hard/crt0.o (memset)
c:/st/stm32cubeide_1.3.0/stm32cubeide/plugins/com.st.stm32cube.ide.mcu.externaltools.gnu-tools-for-stm32.7-2018-q2-update.win32_1.0.0.201904181610/tools/bin/../lib/gcc/arm-none-eabi/7.3.1/../../../../arm-none-eabi/lib/thumb/v7e-m/fpv4-sp/hard\libc_nano.a(lib_a-nano-freer.o)
                              c:/st/stm32cubeide_1.3.0/stm32cubeide/plugins/com.st.stm32cube.ide.mcu.externaltools.gnu-tools-for-stm32.7-2018-q2-update.win32_1.0.0.201904181610/tools/bin/../lib/gcc/arm-none-eabi/7.3.1/../../../../arm-none-eabi/lib/thumb/v7e-m/fpv4-sp/hard\libc_nano.a(lib_a-malloc.o) (_free_r)
c:/st/stm32cubeide_1.3.0/stm32cubeide/plugins/com.st.stm32cube.ide.mcu.externaltools.gnu-tools-for-stm32.7-2018-q2-update.win32_1.0.0.201904181610/tools/bin/../lib/gcc/arm-none-eabi/7.3.1/../../../../arm-none-eabi/lib/thumb/v7e-m/fpv4-sp/hard\libc_nano.a(lib_a-nano-mallocr.o)
                              c:/st/stm32cubeide_1.3.0/stm32cubeide/plugins/com.st.stm32cube.ide.mcu.externaltools.gnu-tools-for-stm32.7-2018-q2-update.win32_1.0.0.201904181610/tools/bin/../lib/gcc/arm-none-eabi/7.3.1/../../../../arm-none-eabi/lib/thumb/v7e-m/fpv4-sp/hard\libc_nano.a(lib_a-malloc.o) (_malloc_r)
c:/st/stm32cubeide_1.3.0/stm32cubeide/plugins/com.st.stm32cube.ide.mcu.externaltools.gnu-tools-for-stm32.7-2018-q2-update.win32_1.0.0.201904181610/tools/bin/../lib/gcc/arm-none-eabi/7.3.1/../../../../arm-none-eabi/lib/thumb/v7e-m/fpv4-sp/hard\libc_nano.a(lib_a-sbrkr.o)
[...]
Memory Configuration

Name             Origin             Length             Attributes
RAM              0x0000000020000000 0x0000000000020000 xrw
FLASH            0x0000000008000000 0x0000000000080000 xr
*default*        0x0000000000000000 0xffffffffffffffff

Linker script and memory map

LOAD c:/st/stm32cubeide_1.3.0/stm32cubeide/plugins/com.st.stm32cube.ide.mcu.externaltools.gnu-tools-for-stm32.7-2018-q2-update.win32_1.0.0.201904181610/tools/bin/../lib/gcc/arm-none-eabi/7.3.1/thumb/v7e-m/fpv4-sp/hard/crti.o
LOAD c:/st/stm32cubeide_1.3.0/stm32cubeide/plugins/com.st.stm32cube.ide.mcu.externaltools.gnu-tools-for-stm32.7-2018-q2-update.win32_1.0.0.201904181610/tools/bin/../lib/gcc/arm-none-eabi/7.3.1/thumb/v7e-m/fpv4-sp/hard/crtbegin.o
LOAD c:/st/stm32cubeide_1.3.0/stm32cubeide/plugins/com.st.stm32cube.ide.mcu.externaltools.gnu-tools-for-stm32.7-2018-q2-update.win32_1.0.0.201904181610/tools/bin/../lib/gcc/arm-none-eabi/7.3.1/../../../../arm-none-eabi/lib/thumb/v7e-m/fpv4-sp/hard/crt0.o
LOAD Core/Src/MY_CS43L22.o
LOAD Core/Src/audioI2S.o
LOAD Core/Src/lcd16x2_i2c.o
LOAD Core/Src/main.o
LOAD Core/Src/stm32f4xx_hal_msp.o
LOAD Core/Src/stm32f4xx_it.o
LOAD Core/Src/syscalls.o
LOAD Core/Src/sysmem.o
LOAD Core/Src/system_stm32f4xx.o
LOAD Core/Src/wav_player.o
LOAD Core/Startup/startup_stm32f411vetx.o
LOAD Drivers/STM32F4xx_HAL_Driver/Src/stm32f4xx_hal.o
LOAD Drivers/STM32F4xx_HAL_Driver/Src/stm32f4xx_hal_cortex.o
LOAD Drivers/STM32F4xx_HAL_Driver/Src/stm32f4xx_hal_dma.o
LOAD Drivers/STM32F4xx_HAL_Driver/Src/stm32f4xx_hal_dma_ex.o
LOAD Drivers/STM32F4xx_HAL_Driver/Src/stm32f4xx_hal_exti.o
LOAD Drivers/STM32F4xx_HAL_Driver/Src/stm32f4xx_hal_flash.o
LOAD Drivers/STM32F4xx_HAL_Driver/Src/stm32f4xx_hal_flash_ex.o
LOAD Drivers/STM32F4xx_HAL_Driver/Src/stm32f4xx_hal_flash_ramfunc.o
LOAD Drivers/STM32F4xx_HAL_Driver/Src/stm32f4xx_hal_gpio.o
LOAD Drivers/STM32F4xx_HAL_Driver/Src/stm32f4xx_hal_hcd.o
LOAD Drivers/STM32F4xx_HAL_Driver/Src/stm32f4xx_hal_i2c.o
LOAD Drivers/STM32F4xx_HAL_Driver/Src/stm32f4xx_hal_i2c_ex.o
LOAD Drivers/STM32F4xx_HAL_Driver/Src/stm32f4xx_hal_i2s.o
LOAD Drivers/STM32F4xx_HAL_Driver/Src/stm32f4xx_hal_i2s_ex.o
LOAD Drivers/STM32F4xx_HAL_Driver/Src/stm32f4xx_hal_pwr.o
LOAD Drivers/STM32F4xx_HAL_Driver/Src/stm32f4xx_hal_pwr_ex.o
LOAD Drivers/STM32F4xx_HAL_Driver/Src/stm32f4xx_hal_rcc.o
LOAD Drivers/STM32F4xx_HAL_Driver/Src/stm32f4xx_hal_rcc_ex.o
LOAD Drivers/STM32F4xx_HAL_Driver/Src/stm32f4xx_hal_tim.o
LOAD Drivers/STM32F4xx_HAL_Driver/Src/stm32f4xx_hal_tim_ex.o
LOAD Drivers/STM32F4xx_HAL_Driver/Src/stm32f4xx_ll_usb.o
LOAD FATFS/App/fatfs.o
LOAD FATFS/Target/usbh_diskio.o
LOAD Middlewares/ST/STM32_USB_Host_Library/Class/MSC/Src/usbh_msc.o
LOAD Middlewares/ST/STM32_USB_Host_Library/Class/MSC/Src/usbh_msc_bot.o
LOAD Middlewares/ST/STM32_USB_Host_Library/Class/MSC/Src/usbh_msc_scsi.o
LOAD Middlewares/ST/STM32_USB_Host_Library/Core/Src/usbh_core.o
LOAD Middlewares/ST/STM32_USB_Host_Library/Core/Src/usbh_ctlreq.o
LOAD Middlewares/ST/STM32_USB_Host_Library/Core/Src/usbh_ioreq.o
LOAD Middlewares/ST/STM32_USB_Host_Library/Core/Src/usbh_pipes.o
LOAD Middlewares/Third_Party/FatFs/src/diskio.o
LOAD Middlewares/Third_Party/FatFs/src/ff.o
LOAD Middlewares/Third_Party/FatFs/src/ff_gen_drv.o
LOAD Middlewares/Third_Party/FatFs/src/option/syscall.o
LOAD USB_HOST/App/usb_host.o
LOAD USB_HOST/Target/usbh_conf.o
LOAD USB_HOST/Target/usbh_platform.o
START GROUP
LOAD c:/st/stm32cubeide_1.3.0/stm32cubeide/plugins/com.st.stm32cube.ide.mcu.externaltools.gnu-tools-for-stm32.7-2018-q2-update.win32_1.0.0.201904181610/tools/bin/../lib/gcc/arm-none-eabi/7.3.1/../../../../arm-none-eabi/lib/thumb/v7e-m/fpv4-sp/hard\libc_nano.a
LOAD c:/st/stm32cubeide_1.3.0/stm32cubeide/plugins/com.st.stm32cube.ide.mcu.externaltools.gnu-tools-for-stm32.7-2018-q2-update.win32_1.0.0.201904181610/tools/bin/../lib/gcc/arm-none-eabi/7.3.1/../../../../arm-none-eabi/lib/thumb/v7e-m/fpv4-sp/hard\libm.a
END GROUP
START GROUP
LOAD c:/st/stm32cubeide_1.3.0/stm32cubeide/plugins/com.st.stm32cube.ide.mcu.externaltools.gnu-tools-for-stm32.7-2018-q2-update.win32_1.0.0.201904181610/tools/bin/../lib/gcc/arm-none-eabi/7.3.1/thumb/v7e-m/fpv4-sp/hard\libgcc.a
LOAD c:/st/stm32cubeide_1.3.0/stm32cubeide/plugins/com.st.stm32cube.ide.mcu.externaltools.gnu-tools-for-stm32.7-2018-q2-update.win32_1.0.0.201904181610/tools/bin/../lib/gcc/arm-none-eabi/7.3.1/../../../../arm-none-eabi/lib/thumb/v7e-m/fpv4-sp/hard\libc_nano.a
END GROUP
START GROUP
LOAD c:/st/stm32cubeide_1.3.0/stm32cubeide/plugins/com.st.stm32cube.ide.mcu.externaltools.gnu-tools-for-stm32.7-2018-q2-update.win32_1.0.0.201904181610/tools/bin/../lib/gcc/arm-none-eabi/7.3.1/thumb/v7e-m/fpv4-sp/hard\libgcc.a
LOAD c:/st/stm32cubeide_1.3.0/stm32cubeide/plugins/com.st.stm32cube.ide.mcu.externaltools.gnu-tools-for-stm32.7-2018-q2-update.win32_1.0.0.201904181610/tools/bin/../lib/gcc/arm-none-eabi/7.3.1/../../../../arm-none-eabi/lib/thumb/v7e-m/fpv4-sp/hard\libc_nano.a
LOAD c:/st/stm32cubeide_1.3.0/stm32cubeide/plugins/com.st.stm32cube.ide.mcu.externaltools.gnu-tools-for-stm32.7-2018-q2-update.win32_1.0.0.201904181610/tools/bin/../lib/gcc/arm-none-eabi/7.3.1/../../../../arm-none-eabi/lib/thumb/v7e-m/fpv4-sp/hard\libnosys.a
END GROUP
START GROUP
LOAD c:/st/stm32cubeide_1.3.0/stm32cubeide/plugins/com.st.stm32cube.ide.mcu.externaltools.gnu-tools-for-stm32.7-2018-q2-update.win32_1.0.0.201904181610/tools/bin/../lib/gcc/arm-none-eabi/7.3.1/thumb/v7e-m/fpv4-sp/hard\libgcc.a
LOAD c:/st/stm32cubeide_1.3.0/stm32cubeide/plugins/com.st.stm32cube.ide.mcu.externaltools.gnu-tools-for-stm32.7-2018-q2-update.win32_1.0.0.201904181610/tools/bin/../lib/gcc/arm-none-eabi/7.3.1/../../../../arm-none-eabi/lib/thumb/v7e-m/fpv4-sp/hard\libc_nano.a
LOAD c:/st/stm32cubeide_1.3.0/stm32cubeide/plugins/com.st.stm32cube.ide.mcu.externaltools.gnu-tools-for-stm32.7-2018-q2-update.win32_1.0.0.201904181610/tools/bin/../lib/gcc/arm-none-eabi/7.3.1/../../../../arm-none-eabi/lib/thumb/v7e-m/fpv4-sp/hard\libnosys.a
END GROUP
LOAD c:/st/stm32cubeide_1.3.0/stm32cubeide/plugins/com.st.stm32cube.ide.mcu.externaltools.gnu-tools-for-stm32.7-2018-q2-update.win32_1.0.0.201904181610/tools/bin/../lib/gcc/arm-none-eabi/7.3.1/thumb/v7e-m/fpv4-sp/hard/crtend.o
LOAD c:/st/stm32cubeide_1.3.0/stm32cubeide/plugins/com.st.stm32cube.ide.mcu.externaltools.gnu-tools-for-stm32.7-2018-q2-update.win32_1.0.0.201904181610/tools/bin/../lib/gcc/arm-none-eabi/7.3.1/thumb/v7e-m/fpv4-sp/hard/crtn.o
                0x0000000020020000                _estack = (ORIGIN (RAM) + LENGTH (RAM))
                0x0000000000002000                _Min_Heap_Size = 0x2000
                0x0000000000002000                _Min_Stack_Size = 0x2000

.isr_vector     0x0000000008000000      0x198
                0x0000000008000000                . = ALIGN (0x4)
 *(.isr_vector)
 .isr_vector    0x0000000008000000      0x198 Core/Startup/startup_stm32f411vetx.o
                0x0000000008000000                g_pfnVectors
                0x0000000008000198                . = ALIGN (0x4)

.text           0x00000000080001a0     0xfc88
                0x00000000080001a0                . = ALIGN (0x4)
 *(.text)
 .text          0x00000000080001a0       0x40 c:/st/stm32cubeide_1.3.0/stm32cubeide/plugins/com.st.stm32cube.ide.mcu.externaltools.gnu-tools-for-stm32.7-2018-q2-update.win32_1.0.0.201904181610/tools/bin/../lib/gcc/arm-none-eabi/7.3.1/thumb/v7e-m/fpv4-sp/hard/crtbegin.o
 .text          0x00000000080001e0       0x10 c:/st/stm32cubeide_1.3.0/stm32cubeide/plugins/com.st.stm32cube.ide.mcu.externaltools.gnu-tools-for-stm32.7-2018-q2-update.win32_1.0.0.201904181610/tools/bin/../lib/gcc/arm-none-eabi/7.3.1/../../../../arm-none-eabi/lib/thumb/v7e-m/fpv4-sp/hard\libc_nano.a(lib_a-strlen.o)
                0x00000000080001e0                strlen
 .text          0x00000000080001f0       0xa0 c:/st/stm32cubeide_1.3.0/stm32cubeide/plugins/com.st.stm32cube.ide.mcu.externaltools.gnu-tools-for-stm32.7-2018-q2-update.win32_1.0.0.201904181610/tools/bin/../lib/gcc/arm-none-eabi/7.3.1/../../../../arm-none-eabi/lib/thumb/v7e-m/fpv4-sp/hard\libc_nano.a(lib_a-memchr.o)
                0x00000000080001f0                memchr
 .text          0x0000000008000290       0x30 c:/st/stm32cubeide_1.3.0/stm32cubeide/plugins/com.st.stm32cube.ide.mcu.externaltools.gnu-tools-for-stm32.7-2018-q2-update.win32_1.0.0.201904181610/tools/bin/../lib/gcc/arm-none-eabi/7.3.1/thumb/v7e-m/fpv4-sp/hard\libgcc.a(_aeabi_uldivmod.o)
                0x0000000008000290                __aeabi_uldivmod
 .text          0x00000000080002c0      0x2cc c:/st/stm32cubeide_1.3.0/stm32cubeide/plugins/com.st.stm32cube.ide.mcu.externaltools.gnu-tools-for-stm32.7-2018-q2-update.win32_1.0.0.201904181610/tools/bin/../lib/gcc/arm-none-eabi/7.3.1/thumb/v7e-m/fpv4-sp/hard\libgcc.a(_udivmoddi4.o)
                0x00000000080002c0                __udivmoddi4
 .text          0x000000000800058c        0x4 c:/st/stm32cubeide_1.3.0/stm32cubeide/plugins/com.st.stm32cube.ide.mcu.externaltools.gnu-tools-for-stm32.7-2018-q2-update.win32_1.0.0.201904181610/tools/bin/../lib/gcc/arm-none-eabi/7.3.1/thumb/v7e-m/fpv4-sp/hard\libgcc.a(_dvmd_tls.o)
                0x000000000800058c                __aeabi_idiv0
                0x000000000800058c                __aeabi_ldiv0
 *(.text*)
 .text.write_register
                0x0000000008000590       0x34 Core/Src/MY_CS43L22.o
 .text.read_register
                0x00000000080005c4       0x40 Core/Src/MY_CS43L22.o
 .text.CS43_Init
                0x0000000008000604      0x20c Core/Src/MY_CS43L22.o
                0x0000000008000604                CS43_Init
 .text.CS43_Enable_RightLeft
                0x0000000008000810       0x94 Core/Src/MY_CS43L22.o
                0x0000000008000810                CS43_Enable_RightLeft
 .text.CS43_SetVolume
                0x00000000080008a4       0x36 Core/Src/MY_CS43L22.o
                0x00000000080008a4                CS43_SetVolume
 .text.CS43_SetMute
                0x00000000080008da       0x7e Core/Src/MY_CS43L22.o
                0x00000000080008da                CS43_SetMute
 .text.CS43_Start
                0x0000000008000958       0x98 Core/Src/MY_CS43L22.o
                0x0000000008000958                CS43_Start
 .text.CS43_Stop
                0x00000000080009f0       0x34 Core/Src/MY_CS43L22.o
                0x00000000080009f0                CS43_Stop
 .text.audioI2S_pllClockConfig
                0x0000000008000a24       0xb0 Core/Src/audioI2S.o
 .text.I2S3_freqUpdate
                0x0000000008000ad4       0x88 Core/Src/audioI2S.o
 .text.audioI2S_setHandle
                0x0000000008000b5c       0x20 Core/Src/audioI2S.o
                0x0000000008000b5c                audioI2S_setHandle
 .text.audioI2S_init
                0x0000000008000b7c       0x1e Core/Src/audioI2S.o
                0x0000000008000b7c                audioI2S_init
 *fill*         0x0000000008000b9a        0x2 
 .text.audioI2S_play
                0x0000000008000b9c       0x3c Core/Src/audioI2S.o
                0x0000000008000b9c                audioI2S_play
 .text.audioI2S_stop
                0x0000000008000bd8       0x1c Core/Src/audioI2S.o
                0x0000000008000bd8                audioI2S_stop
 .text.HAL_I2S_TxCpltCallback
                0x0000000008000bf4       0x24 Core/Src/audioI2S.o
                0x0000000008000bf4                HAL_I2S_TxCpltCallback
 .text.HAL_I2S_TxHalfCpltCallback
                0x0000000008000c18       0x24 Core/Src/audioI2S.o
                0x0000000008000c18                HAL_I2S_TxHalfCpltCallback
 .text.lcd16x2_i2c_sendCommand
                0x0000000008000c3c       0x68 Core/Src/lcd16x2_i2c.o
 .text.lcd16x2_i2c_sendData
                0x0000000008000ca4       0x68 Core/Src/lcd16x2_i2c.o
 .text.lcd16x2_i2c_init
                0x0000000008000d0c       0xd8 Core/Src/lcd16x2_i2c.o
                0x0000000008000d0c                lcd16x2_i2c_init
 .text.lcd16x2_i2c_setCursor
                0x0000000008000de4       0x48 Core/Src/lcd16x2_i2c.o
                0x0000000008000de4                lcd16x2_i2c_setCursor
 .text.lcd16x2_i2c_1stLine
                0x0000000008000e2c       0x10 Core/Src/lcd16x2_i2c.o
                0x0000000008000e2c                lcd16x2_i2c_1stLine
 .text.lcd16x2_i2c_2ndLine
                0x0000000008000e3c       0x10 Core/Src/lcd16x2_i2c.o
                0x0000000008000e3c                lcd16x2_i2c_2ndLine
 .text.lcd16x2_i2c_clear
                0x0000000008000e4c       0x14 Core/Src/lcd16x2_i2c.o
                0x0000000008000e4c                lcd16x2_i2c_clear
 .text.lcd16x2_i2c_printf
                0x0000000008000e60       0x60 Core/Src/lcd16x2_i2c.o
                0x0000000008000e60                lcd16x2_i2c_printf
 .text.HAL_TIM_PeriodElapsedCallback
                0x0000000008000ec0      0x1c0 Core/Src/main.o
                0x0000000008000ec0                HAL_TIM_PeriodElapsedCallback
 .text.HAL_GPIO_EXTI_Callback
                0x0000000008001080       0x64 Core/Src/main.o
                0x0000000008001080                HAL_GPIO_EXTI_Callback
 .text.wake     0x00000000080010e4       0x34 Core/Src/main.o
                0x00000000080010e4                wake
 .text.move     0x0000000008001118       0x60 Core/Src/main.o
                0x0000000008001118                move
 .text.move_begin
                0x0000000008001178       0x30 Core/Src/main.o
                0x0000000008001178                move_begin
 .text.setPosition
                0x00000000080011a8       0xc0 Core/Src/main.o
                0x00000000080011a8                setPosition
 .text.pumpInit
                0x0000000008001268       0x48 Core/Src/main.o
                0x0000000008001268                pumpInit
 .text.main     0x00000000080012b0      0x4f0 Core/Src/main.o
                0x00000000080012b0                main
 .text.SystemClock_Config
                0x00000000080017a0      0x108 Core/Src/main.o
                0x00000000080017a0                SystemClock_Config
 .text.MX_I2C1_Init
                0x00000000080018a8       0x5c Core/Src/main.o
 .text.MX_I2C2_Init
                0x0000000008001904       0x5c Core/Src/main.o
 .text.MX_I2S3_Init
                0x0000000008001960       0x5c Core/Src/main.o
 .text.MX_TIM3_Init
                0x00000000080019bc       0x9c Core/Src/main.o
 .text.MX_TIM4_Init
                0x0000000008001a58       0x9c Core/Src/main.o
 .text.MX_TIM5_Init
                0x0000000008001af4       0xe0 Core/Src/main.o
 .text.MX_TIM10_Init
                0x0000000008001bd4       0x48 Core/Src/main.o
 .text.MX_DMA_Init
                0x0000000008001c1c       0x40 Core/Src/main.o
 .text.MX_GPIO_Init
                0x0000000008001c5c      0x210 Core/Src/main.o
 .text.Error_Handler
                0x0000000008001e6c        0xe Core/Src/main.o
                0x0000000008001e6c                Error_Handler
 *fill*         0x0000000008001e7a        0x2 
 .text.HAL_MspInit
                0x0000000008001e7c       0x50 Core/Src/stm32f4xx_hal_msp.o
                0x0000000008001e7c                HAL_MspInit
 .text.HAL_I2C_MspInit
                0x0000000008001ecc      0x11c Core/Src/stm32f4xx_hal_msp.o
                0x0000000008001ecc                HAL_I2C_MspInit
 .text.HAL_I2S_MspInit
                0x0000000008001fe8      0x14c Core/Src/stm32f4xx_hal_msp.o
                0x0000000008001fe8                HAL_I2S_MspInit
 .text.HAL_TIM_Base_MspInit
                0x0000000008002134       0xc8 Core/Src/stm32f4xx_hal_msp.o
                0x0000000008002134                HAL_TIM_Base_MspInit
 .text.HAL_TIM_PWM_MspInit
                0x00000000080021fc       0x44 Core/Src/stm32f4xx_hal_msp.o
                0x00000000080021fc                HAL_TIM_PWM_MspInit
 .text.HAL_TIM_MspPostInit
                0x0000000008002240       0x74 Core/Src/stm32f4xx_hal_msp.o
                0x0000000008002240                HAL_TIM_MspPostInit
 .text.NMI_Handler
                0x00000000080022b4        0xe Core/Src/stm32f4xx_it.o
                0x00000000080022b4                NMI_Handler
 .text.HardFault_Handler
                0x00000000080022c2        0x6 Core/Src/stm32f4xx_it.o
                0x00000000080022c2                HardFault_Handler
 .text.MemManage_Handler
                0x00000000080022c8        0x6 Core/Src/stm32f4xx_it.o
                0x00000000080022c8                MemManage_Handler
 .text.BusFault_Handler
                0x00000000080022ce        0x6 Core/Src/stm32f4xx_it.o
                0x00000000080022ce                BusFault_Handler
 .text.UsageFault_Handler
                0x00000000080022d4        0x6 Core/Src/stm32f4xx_it.o
                0x00000000080022d4                UsageFault_Handler
 .text.SVC_Handler
                0x00000000080022da        0xe Core/Src/stm32f4xx_it.o
                0x00000000080022da                SVC_Handler
 .text.DebugMon_Handler
                0x00000000080022e8        0xe Core/Src/stm32f4xx_it.o
                0x00000000080022e8                DebugMon_Handler
 .text.PendSV_Handler
                0x00000000080022f6        0xe Core/Src/stm32f4xx_it.o
                0x00000000080022f6                PendSV_Handler
 .text.SysTick_Handler
                0x0000000008002304        0xc Core/Src/stm32f4xx_it.o
                0x0000000008002304                SysTick_Handler
 .text.EXTI1_IRQHandler
                0x0000000008002310        0xe Core/Src/stm32f4xx_it.o
                0x0000000008002310                EXTI1_IRQHandler
 .text.EXTI3_IRQHandler
                0x000000000800231e        0xe Core/Src/stm32f4xx_it.o
                0x000000000800231e                EXTI3_IRQHandler
 .text.DMA1_Stream5_IRQHandler
                0x000000000800232c       0x14 Core/Src/stm32f4xx_it.o
                0x000000000800232c                DMA1_Stream5_IRQHandler
 .text.EXTI9_5_IRQHandler
                0x0000000008002340        0xe Core/Src/stm32f4xx_it.o
                0x0000000008002340                EXTI9_5_IRQHandler
 *fill*         0x000000000800234e        0x2 
 .text.TIM1_UP_TIM10_IRQHandler
                0x0000000008002350       0x14 Core/Src/stm32f4xx_it.o
                0x0000000008002350                TIM1_UP_TIM10_IRQHandler
 .text.TIM3_IRQHandler
                0x0000000008002364       0x14 Core/Src/stm32f4xx_it.o
                0x0000000008002364                TIM3_IRQHandler
 .text.TIM4_IRQHandler
                0x0000000008002378       0x14 Core/Src/stm32f4xx_it.o
                0x0000000008002378                TIM4_IRQHandler
 .text.EXTI15_10_IRQHandler
                0x000000000800238c       0x10 Core/Src/stm32f4xx_it.o
                0x000000000800238c                EXTI15_10_IRQHandler
 .text.OTG_FS_IRQHandler
                0x000000000800239c       0x14 Core/Src/stm32f4xx_it.o
                0x000000000800239c                OTG_FS_IRQHandler
 .text._sbrk    0x00000000080023b0       0x58 Core/Src/sysmem.o
                0x00000000080023b0                _sbrk
 .text.SystemInit
                0x0000000008002408       0x2c Core/Src/system_stm32f4xx.o
                0x0000000008002408                SystemInit
 .text.wavPlayer_reset
                0x0000000008002434       0x24 Core/Src/wav_player.o
 .text.wavPlayer_fileSelect
                0x0000000008002458       0x54 Core/Src/wav_player.o
                0x0000000008002458                wavPlayer_fileSelect
 .text.wavPlayer_play
                0x00000000080024ac       0x64 Core/Src/wav_player.o
                0x00000000080024ac                wavPlayer_play
 .text.wavPlayer_process
                0x0000000008002510       0xe4 Core/Src/wav_player.o
                0x0000000008002510                wavPlayer_process
 .text.wavPlayer_stop
                0x00000000080025f4       0x18 Core/Src/wav_player.o
                0x00000000080025f4                wavPlayer_stop
 .text.wavPlayer_isFinished
                0x000000000800260c       0x18 Core/Src/wav_player.o
                0x000000000800260c                wavPlayer_isFinished
 .text.audioI2S_halfTransfer_Callback
                0x0000000008002624       0x18 Core/Src/wav_player.o
                0x0000000008002624                audioI2S_halfTransfer_Callback
 .text.audioI2S_fullTransfer_Callback
                0x000000000800263c       0x18 Core/Src/wav_player.o
                0x000000000800263c                audioI2S_fullTransfer_Callback
 .text.Reset_Handler
                0x0000000008002654       0x50 Core/Startup/startup_stm32f411vetx.o
                0x0000000008002654                Reset_Handler
 .text.Default_Handler
                0x00000000080026a4        0x2 Core/Startup/startup_stm32f411vetx.o
                0x00000000080026a4                RTC_Alarm_IRQHandler
                0x00000000080026a4                EXTI2_IRQHandler
                0x00000000080026a4                SPI4_IRQHandler
                0x00000000080026a4                TIM1_CC_IRQHandler
                0x00000000080026a4                DMA2_Stream5_IRQHandler
                0x00000000080026a4                PVD_IRQHandler
                0x00000000080026a4                SDIO_IRQHandler
                0x00000000080026a4                TAMP_STAMP_IRQHandler
                0x00000000080026a4                I2C3_ER_IRQHandler
                0x00000000080026a4                EXTI0_IRQHandler
                0x00000000080026a4                I2C2_EV_IRQHandler
                0x00000000080026a4                DMA1_Stream2_IRQHandler
                0x00000000080026a4                FPU_IRQHandler
                0x00000000080026a4                DMA2_Stream2_IRQHandler
                0x00000000080026a4                SPI1_IRQHandler
                0x00000000080026a4                TIM1_BRK_TIM9_IRQHandler
                0x00000000080026a4                DMA2_Stream3_IRQHandler
                0x00000000080026a4                USART6_IRQHandler
                0x00000000080026a4                DMA2_Stream0_IRQHandler
                0x00000000080026a4                I2C1_EV_IRQHandler
                0x00000000080026a4                DMA1_Stream6_IRQHandler
                0x00000000080026a4                DMA1_Stream1_IRQHandler
                0x00000000080026a4                RCC_IRQHandler
                0x00000000080026a4                Default_Handler
                0x00000000080026a4                ADC_IRQHandler
                0x00000000080026a4                DMA1_Stream7_IRQHandler
                0x00000000080026a4                SPI5_IRQHandler
                0x00000000080026a4                TIM5_IRQHandler
                0x00000000080026a4                DMA2_Stream7_IRQHandler
                0x00000000080026a4                I2C3_EV_IRQHandler
                0x00000000080026a4                RTC_WKUP_IRQHandler
                0x00000000080026a4                SPI2_IRQHandler
                0x00000000080026a4                DMA1_Stream0_IRQHandler
                0x00000000080026a4                EXTI4_IRQHandler
                0x00000000080026a4                WWDG_IRQHandler
                0x00000000080026a4                TIM2_IRQHandler
                0x00000000080026a4                OTG_FS_WKUP_IRQHandler
                0x00000000080026a4                TIM1_TRG_COM_TIM11_IRQHandler
                0x00000000080026a4                USART2_IRQHandler
                0x00000000080026a4                I2C2_ER_IRQHandler
                0x00000000080026a4                DMA2_Stream1_IRQHandler
                0x00000000080026a4                FLASH_IRQHandler
                0x00000000080026a4                DMA2_Stream4_IRQHandler
                0x00000000080026a4                USART1_IRQHandler
                0x00000000080026a4                SPI3_IRQHandler
                0x00000000080026a4                DMA1_Stream4_IRQHandler
                0x00000000080026a4                I2C1_ER_IRQHandler
                0x00000000080026a4                DMA2_Stream6_IRQHandler
                0x00000000080026a4                DMA1_Stream3_IRQHandler
 *fill*         0x00000000080026a6        0x2 
 .text.HAL_Init
                0x00000000080026a8       0x44 Drivers/STM32F4xx_HAL_Driver/Src/stm32f4xx_hal.o
                0x00000000080026a8                HAL_Init
 .text.HAL_InitTick
                0x00000000080026ec       0x60 Drivers/STM32F4xx_HAL_Driver/Src/stm32f4xx_hal.o
                0x00000000080026ec                HAL_InitTick
 .text.HAL_IncTick
                0x000000000800274c       0x28 Drivers/STM32F4xx_HAL_Driver/Src/stm32f4xx_hal.o
                0x000000000800274c                HAL_IncTick
 .text.HAL_GetTick
                0x0000000008002774       0x18 Drivers/STM32F4xx_HAL_Driver/Src/stm32f4xx_hal.o
                0x0000000008002774                HAL_GetTick
 .text.HAL_Delay
                0x000000000800278c       0x44 Drivers/STM32F4xx_HAL_Driver/Src/stm32f4xx_hal.o
                0x000000000800278c                HAL_Delay
 .text.__NVIC_SetPriorityGrouping
                0x00000000080027d0       0x48 Drivers/STM32F4xx_HAL_Driver/Src/stm32f4xx_hal_cortex.o
 .text.__NVIC_GetPriorityGrouping
                0x0000000008002818       0x1c Drivers/STM32F4xx_HAL_Driver/Src/stm32f4xx_hal_cortex.o
 .text.__NVIC_EnableIRQ
                0x0000000008002834       0x3c Drivers/STM32F4xx_HAL_Driver/Src/stm32f4xx_hal_cortex.o
 .text.__NVIC_SetPriority
                0x0000000008002870       0x54 Drivers/STM32F4xx_HAL_Driver/Src/stm32f4xx_hal_cortex.o
 .text.NVIC_EncodePriority
                0x00000000080028c4       0x66 Drivers/STM32F4xx_HAL_Driver/Src/stm32f4xx_hal_cortex.o
 *fill*         0x000000000800292a        0x2 
 .text.SysTick_Config
                0x000000000800292c       0x44 Drivers/STM32F4xx_HAL_Driver/Src/stm32f4xx_hal_cortex.o
 .text.HAL_NVIC_SetPriorityGrouping
                0x0000000008002970       0x16 Drivers/STM32F4xx_HAL_Driver/Src/stm32f4xx_hal_cortex.o
                0x0000000008002970                HAL_NVIC_SetPriorityGrouping
 .text.HAL_NVIC_SetPriority
                0x0000000008002986       0x38 Drivers/STM32F4xx_HAL_Driver/Src/stm32f4xx_hal_cortex.o
                0x0000000008002986                HAL_NVIC_SetPriority
 .text.HAL_NVIC_EnableIRQ
                0x00000000080029be       0x1c Drivers/STM32F4xx_HAL_Driver/Src/stm32f4xx_hal_cortex.o
                0x00000000080029be                HAL_NVIC_EnableIRQ
 .text.HAL_SYSTICK_Config
                0x00000000080029da       0x18 Drivers/STM32F4xx_HAL_Driver/Src/stm32f4xx_hal_cortex.o
                0x00000000080029da                HAL_SYSTICK_Config
 *fill*         0x00000000080029f2        0x2 
 .text.HAL_DMA_Init
                0x00000000080029f4      0x15c Drivers/STM32F4xx_HAL_Driver/Src/stm32f4xx_hal_dma.o
                0x00000000080029f4                HAL_DMA_Init
 .text.HAL_DMA_Start_IT
                0x0000000008002b50       0xb0 Drivers/STM32F4xx_HAL_Driver/Src/stm32f4xx_hal_dma.o
                0x0000000008002b50                HAL_DMA_Start_IT
 .text.HAL_DMA_Abort
                0x0000000008002c00       0xe0 Drivers/STM32F4xx_HAL_Driver/Src/stm32f4xx_hal_dma.o
                0x0000000008002c00                HAL_DMA_Abort
 .text.HAL_DMA_IRQHandler
                0x0000000008002ce0      0x314 Drivers/STM32F4xx_HAL_Driver/Src/stm32f4xx_hal_dma.o
                0x0000000008002ce0                HAL_DMA_IRQHandler
 .text.DMA_SetConfig
                0x0000000008002ff4       0x5c Drivers/STM32F4xx_HAL_Driver/Src/stm32f4xx_hal_dma.o
 .text.DMA_CalcBaseAndBitshift
                0x0000000008003050       0x6c Drivers/STM32F4xx_HAL_Driver/Src/stm32f4xx_hal_dma.o
 .text.DMA_CheckFifoParam
                0x00000000080030bc       0xf4 Drivers/STM32F4xx_HAL_Driver/Src/stm32f4xx_hal_dma.o
 .text.HAL_GPIO_Init
                0x00000000080031b0      0x304 Drivers/STM32F4xx_HAL_Driver/Src/stm32f4xx_hal_gpio.o
                0x00000000080031b0                HAL_GPIO_Init
 .text.HAL_GPIO_WritePin
                0x00000000080034b4       0x32 Drivers/STM32F4xx_HAL_Driver/Src/stm32f4xx_hal_gpio.o
                0x00000000080034b4                HAL_GPIO_WritePin
 .text.HAL_GPIO_TogglePin
                0x00000000080034e6       0x36 Drivers/STM32F4xx_HAL_Driver/Src/stm32f4xx_hal_gpio.o
                0x00000000080034e6                HAL_GPIO_TogglePin
 .text.HAL_GPIO_EXTI_IRQHandler
                0x000000000800351c       0x30 Drivers/STM32F4xx_HAL_Driver/Src/stm32f4xx_hal_gpio.o
                0x000000000800351c                HAL_GPIO_EXTI_IRQHandler
 .text.HAL_HCD_Init
                0x000000000800354c       0xc4 Drivers/STM32F4xx_HAL_Driver/Src/stm32f4xx_hal_hcd.o
                0x000000000800354c                HAL_HCD_Init
 .text.HAL_HCD_HC_Init
                0x0000000008003610      0x130 Drivers/STM32F4xx_HAL_Driver/Src/stm32f4xx_hal_hcd.o
                0x0000000008003610                HAL_HCD_HC_Init
 .text.HAL_HCD_HC_Halt
                0x0000000008003740       0x46 Drivers/STM32F4xx_HAL_Driver/Src/stm32f4xx_hal_hcd.o
                0x0000000008003740                HAL_HCD_HC_Halt
 *fill*         0x0000000008003786        0x2 
 .text.HAL_HCD_HC_SubmitRequest
                0x0000000008003788      0x2e4 Drivers/STM32F4xx_HAL_Driver/Src/stm32f4xx_hal_hcd.o
                0x0000000008003788                HAL_HCD_HC_SubmitRequest
 .text.HAL_HCD_IRQHandler
                0x0000000008003a6c      0x208 Drivers/STM32F4xx_HAL_Driver/Src/stm32f4xx_hal_hcd.o
                0x0000000008003a6c                HAL_HCD_IRQHandler
 .text.HAL_HCD_Start
                0x0000000008003c74       0x46 Drivers/STM32F4xx_HAL_Driver/Src/stm32f4xx_hal_hcd.o
                0x0000000008003c74                HAL_HCD_Start
 .text.HAL_HCD_Stop
                0x0000000008003cba       0x3a Drivers/STM32F4xx_HAL_Driver/Src/stm32f4xx_hal_hcd.o
                0x0000000008003cba                HAL_HCD_Stop
 .text.HAL_HCD_ResetPort
                0x0000000008003cf4       0x1c Drivers/STM32F4xx_HAL_Driver/Src/stm32f4xx_hal_hcd.o
                0x0000000008003cf4                HAL_HCD_ResetPort
 .text.HAL_HCD_HC_GetURBState
                0x0000000008003d10       0x2a Drivers/STM32F4xx_HAL_Driver/Src/stm32f4xx_hal_hcd.o
                0x0000000008003d10                HAL_HCD_HC_GetURBState
 .text.HAL_HCD_HC_GetXferCount
                0x0000000008003d3a       0x2a Drivers/STM32F4xx_HAL_Driver/Src/stm32f4xx_hal_hcd.o
                0x0000000008003d3a                HAL_HCD_HC_GetXferCount
 .text.HAL_HCD_GetCurrentFrame
                0x0000000008003d64       0x1c Drivers/STM32F4xx_HAL_Driver/Src/stm32f4xx_hal_hcd.o
                0x0000000008003d64                HAL_HCD_GetCurrentFrame
 .text.HAL_HCD_GetCurrentSpeed
                0x0000000008003d80       0x1c Drivers/STM32F4xx_HAL_Driver/Src/stm32f4xx_hal_hcd.o
                0x0000000008003d80                HAL_HCD_GetCurrentSpeed
 .text.HCD_HC_IN_IRQHandler
                0x0000000008003d9c      0x86a Drivers/STM32F4xx_HAL_Driver/Src/stm32f4xx_hal_hcd.o
 .text.HCD_HC_OUT_IRQHandler
                0x0000000008004606      0x6ea Drivers/STM32F4xx_HAL_Driver/Src/stm32f4xx_hal_hcd.o
 .text.HCD_RXQLVL_IRQHandler
                0x0000000008004cf0      0x158 Drivers/STM32F4xx_HAL_Driver/Src/stm32f4xx_hal_hcd.o
 .text.HCD_Port_IRQHandler
                0x0000000008004e48       0xe6 Drivers/STM32F4xx_HAL_Driver/Src/stm32f4xx_hal_hcd.o
 *fill*         0x0000000008004f2e        0x2 
 .text.HAL_I2C_Init
                0x0000000008004f30      0x270 Drivers/STM32F4xx_HAL_Driver/Src/stm32f4xx_hal_i2c.o
                0x0000000008004f30                HAL_I2C_Init
 .text.HAL_I2C_Master_Transmit
                0x00000000080051a0      0x1fc Drivers/STM32F4xx_HAL_Driver/Src/stm32f4xx_hal_i2c.o
                0x00000000080051a0                HAL_I2C_Master_Transmit
 .text.HAL_I2C_Master_Receive
                0x000000000800539c      0x44c Drivers/STM32F4xx_HAL_Driver/Src/stm32f4xx_hal_i2c.o
                0x000000000800539c                HAL_I2C_Master_Receive
 .text.HAL_I2C_IsDeviceReady
                0x00000000080057e8      0x25c Drivers/STM32F4xx_HAL_Driver/Src/stm32f4xx_hal_i2c.o
                0x00000000080057e8                HAL_I2C_IsDeviceReady
 .text.I2C_MasterRequestWrite
                0x0000000008005a44      0x104 Drivers/STM32F4xx_HAL_Driver/Src/stm32f4xx_hal_i2c.o
 .text.I2C_MasterRequestRead
                0x0000000008005b48      0x198 Drivers/STM32F4xx_HAL_Driver/Src/stm32f4xx_hal_i2c.o
 .text.I2C_WaitOnFlagUntilTimeout
                0x0000000008005ce0       0xae Drivers/STM32F4xx_HAL_Driver/Src/stm32f4xx_hal_i2c.o
 .text.I2C_WaitOnMasterAddressFlagUntilTimeout
                0x0000000008005d8e       0xfe Drivers/STM32F4xx_HAL_Driver/Src/stm32f4xx_hal_i2c.o
 .text.I2C_WaitOnTXEFlagUntilTimeout
                0x0000000008005e8c       0x82 Drivers/STM32F4xx_HAL_Driver/Src/stm32f4xx_hal_i2c.o
 .text.I2C_WaitOnBTFFlagUntilTimeout
                0x0000000008005f0e       0x82 Drivers/STM32F4xx_HAL_Driver/Src/stm32f4xx_hal_i2c.o
 .text.I2C_WaitOnRXNEFlagUntilTimeout
                0x0000000008005f90       0xac Drivers/STM32F4xx_HAL_Driver/Src/stm32f4xx_hal_i2c.o
 .text.I2C_IsAcknowledgeFailed
                0x000000000800603c       0x5e Drivers/STM32F4xx_HAL_Driver/Src/stm32f4xx_hal_i2c.o
 *fill*         0x000000000800609a        0x2 
 .text.HAL_I2S_Init
                0x000000000800609c      0x280 Drivers/STM32F4xx_HAL_Driver/Src/stm32f4xx_hal_i2s.o
                0x000000000800609c                HAL_I2S_Init
 .text.HAL_I2S_Transmit_DMA
                0x000000000800631c      0x150 Drivers/STM32F4xx_HAL_Driver/Src/stm32f4xx_hal_i2s.o
                0x000000000800631c                HAL_I2S_Transmit_DMA
 .text.HAL_I2S_DMAStop
                0x000000000800646c      0x3b4 Drivers/STM32F4xx_HAL_Driver/Src/stm32f4xx_hal_i2s.o
                0x000000000800646c                HAL_I2S_DMAStop
 .text.HAL_I2S_RxCpltCallback
                0x0000000008006820       0x14 Drivers/STM32F4xx_HAL_Driver/Src/stm32f4xx_hal_i2s.o
                0x0000000008006820                HAL_I2S_RxCpltCallback
 .text.HAL_I2S_ErrorCallback
                0x0000000008006834       0x14 Drivers/STM32F4xx_HAL_Driver/Src/stm32f4xx_hal_i2s.o
                0x0000000008006834                HAL_I2S_ErrorCallback
 .text.I2S_DMATxCplt
                0x0000000008006848       0x42 Drivers/STM32F4xx_HAL_Driver/Src/stm32f4xx_hal_i2s.o
 .text.I2S_DMATxHalfCplt
                0x000000000800688a       0x1c Drivers/STM32F4xx_HAL_Driver/Src/stm32f4xx_hal_i2s.o
 .text.I2S_DMAError
                0x00000000080068a6       0x4c Drivers/STM32F4xx_HAL_Driver/Src/stm32f4xx_hal_i2s.o
 .text.I2S_Transmit_IT
                0x00000000080068f2       0x5c Drivers/STM32F4xx_HAL_Driver/Src/stm32f4xx_hal_i2s.o
 .text.I2S_Receive_IT
                0x000000000800694e       0x5e Drivers/STM32F4xx_HAL_Driver/Src/stm32f4xx_hal_i2s.o
 .text.I2S_IRQHandler
                0x00000000080069ac      0x114 Drivers/STM32F4xx_HAL_Driver/Src/stm32f4xx_hal_i2s.o
 .text.I2S_WaitFlagStateUntilTimeout
                0x0000000008006ac0       0x72 Drivers/STM32F4xx_HAL_Driver/Src/stm32f4xx_hal_i2s.o
 *fill*         0x0000000008006b32        0x2 
 .text.HAL_I2SEx_FullDuplex_IRQHandler
                0x0000000008006b34      0x2a8 Drivers/STM32F4xx_HAL_Driver/Src/stm32f4xx_hal_i2s_ex.o
                0x0000000008006b34                HAL_I2SEx_FullDuplex_IRQHandler
 .text.HAL_I2SEx_TxRxCpltCallback
                0x0000000008006ddc       0x14 Drivers/STM32F4xx_HAL_Driver/Src/stm32f4xx_hal_i2s_ex.o
                0x0000000008006ddc                HAL_I2SEx_TxRxCpltCallback
 .text.I2SEx_TxISR_I2S
                0x0000000008006df0       0x62 Drivers/STM32F4xx_HAL_Driver/Src/stm32f4xx_hal_i2s_ex.o
 *fill*         0x0000000008006e52        0x2 
 .text.I2SEx_TxISR_I2SExt
                0x0000000008006e54       0x98 Drivers/STM32F4xx_HAL_Driver/Src/stm32f4xx_hal_i2s_ex.o
 .text.I2SEx_RxISR_I2S
                0x0000000008006eec       0x64 Drivers/STM32F4xx_HAL_Driver/Src/stm32f4xx_hal_i2s_ex.o
 .text.I2SEx_RxISR_I2SExt
                0x0000000008006f50       0x98 Drivers/STM32F4xx_HAL_Driver/Src/stm32f4xx_hal_i2s_ex.o
 .text.HAL_RCC_OscConfig
                0x0000000008006fe8      0x4e0 Drivers/STM32F4xx_HAL_Driver/Src/stm32f4xx_hal_rcc.o
                0x0000000008006fe8                HAL_RCC_OscConfig
 .text.HAL_RCC_ClockConfig
                0x00000000080074c8      0x1cc Drivers/STM32F4xx_HAL_Driver/Src/stm32f4xx_hal_rcc.o
                0x00000000080074c8                HAL_RCC_ClockConfig
 .text.HAL_RCC_GetSysClockFreq
                0x0000000008007694      0x1b0 Drivers/STM32F4xx_HAL_Driver/Src/stm32f4xx_hal_rcc.o
                0x0000000008007694                HAL_RCC_GetSysClockFreq
 .text.HAL_RCC_GetHCLKFreq
                0x0000000008007844       0x18 Drivers/STM32F4xx_HAL_Driver/Src/stm32f4xx_hal_rcc.o
                0x0000000008007844                HAL_RCC_GetHCLKFreq
 .text.HAL_RCC_GetPCLK1Freq
                0x000000000800785c       0x28 Drivers/STM32F4xx_HAL_Driver/Src/stm32f4xx_hal_rcc.o
                0x000000000800785c                HAL_RCC_GetPCLK1Freq
 .text.HAL_RCCEx_PeriphCLKConfig
                0x0000000008007884      0x1e0 Drivers/STM32F4xx_HAL_Driver/Src/stm32f4xx_hal_rcc_ex.o
                0x0000000008007884                HAL_RCCEx_PeriphCLKConfig
 .text.HAL_RCCEx_GetPeriphCLKConfig
                0x0000000008007a64       0x84 Drivers/STM32F4xx_HAL_Driver/Src/stm32f4xx_hal_rcc_ex.o
                0x0000000008007a64                HAL_RCCEx_GetPeriphCLKConfig
 .text.HAL_RCCEx_GetPeriphCLKFreq
                0x0000000008007ae8       0xbc Drivers/STM32F4xx_HAL_Driver/Src/stm32f4xx_hal_rcc_ex.o
                0x0000000008007ae8                HAL_RCCEx_GetPeriphCLKFreq
 .text.HAL_TIM_Base_Init
                0x0000000008007ba4       0x56 Drivers/STM32F4xx_HAL_Driver/Src/stm32f4xx_hal_tim.o
                0x0000000008007ba4                HAL_TIM_Base_Init
 .text.HAL_TIM_Base_Start_IT
                0x0000000008007bfa       0x48 Drivers/STM32F4xx_HAL_Driver/Src/stm32f4xx_hal_tim.o
                0x0000000008007bfa                HAL_TIM_Base_Start_IT
 .text.HAL_TIM_Base_Stop_IT
                0x0000000008007c42       0x56 Drivers/STM32F4xx_HAL_Driver/Src/stm32f4xx_hal_tim.o
                0x0000000008007c42                HAL_TIM_Base_Stop_IT
 .text.HAL_TIM_PWM_Init
                0x0000000008007c98       0x56 Drivers/STM32F4xx_HAL_Driver/Src/stm32f4xx_hal_tim.o
                0x0000000008007c98                HAL_TIM_PWM_Init
 *fill*         0x0000000008007cee        0x2 
 .text.HAL_TIM_PWM_Start
                0x0000000008007cf0       0x64 Drivers/STM32F4xx_HAL_Driver/Src/stm32f4xx_hal_tim.o
                0x0000000008007cf0                HAL_TIM_PWM_Start
 .text.HAL_TIM_IRQHandler
                0x0000000008007d54      0x210 Drivers/STM32F4xx_HAL_Driver/Src/stm32f4xx_hal_tim.o
                0x0000000008007d54                HAL_TIM_IRQHandler
 .text.HAL_TIM_PWM_ConfigChannel
                0x0000000008007f64      0x18c Drivers/STM32F4xx_HAL_Driver/Src/stm32f4xx_hal_tim.o
                0x0000000008007f64                HAL_TIM_PWM_ConfigChannel
 .text.HAL_TIM_ConfigClockSource
                0x00000000080080f0      0x16e Drivers/STM32F4xx_HAL_Driver/Src/stm32f4xx_hal_tim.o
                0x00000000080080f0                HAL_TIM_ConfigClockSource
 .text.HAL_TIM_OC_DelayElapsedCallback
                0x000000000800825e       0x14 Drivers/STM32F4xx_HAL_Driver/Src/stm32f4xx_hal_tim.o
                0x000000000800825e                HAL_TIM_OC_DelayElapsedCallback
 .text.HAL_TIM_IC_CaptureCallback
                0x0000000008008272       0x14 Drivers/STM32F4xx_HAL_Driver/Src/stm32f4xx_hal_tim.o
                0x0000000008008272                HAL_TIM_IC_CaptureCallback
 .text.HAL_TIM_PWM_PulseFinishedCallback
                0x0000000008008286       0x14 Drivers/STM32F4xx_HAL_Driver/Src/stm32f4xx_hal_tim.o
                0x0000000008008286                HAL_TIM_PWM_PulseFinishedCallback
 .text.HAL_TIM_TriggerCallback
                0x000000000800829a       0x14 Drivers/STM32F4xx_HAL_Driver/Src/stm32f4xx_hal_tim.o
                0x000000000800829a                HAL_TIM_TriggerCallback
 *fill*         0x00000000080082ae        0x2 
 .text.TIM_Base_SetConfig
                0x00000000080082b0      0x100 Drivers/STM32F4xx_HAL_Driver/Src/stm32f4xx_hal_tim.o
                0x00000000080082b0                TIM_Base_SetConfig
 .text.TIM_OC1_SetConfig
                0x00000000080083b0       0xcc Drivers/STM32F4xx_HAL_Driver/Src/stm32f4xx_hal_tim.o
 .text.TIM_OC2_SetConfig
                0x000000000800847c       0xd8 Drivers/STM32F4xx_HAL_Driver/Src/stm32f4xx_hal_tim.o
                0x000000000800847c                TIM_OC2_SetConfig
 .text.TIM_OC3_SetConfig
                0x0000000008008554       0xd4 Drivers/STM32F4xx_HAL_Driver/Src/stm32f4xx_hal_tim.o
 .text.TIM_OC4_SetConfig
                0x0000000008008628       0xa0 Drivers/STM32F4xx_HAL_Driver/Src/stm32f4xx_hal_tim.o
 .text.TIM_TI1_ConfigInputStage
                0x00000000080086c8       0x5e Drivers/STM32F4xx_HAL_Driver/Src/stm32f4xx_hal_tim.o
 .text.TIM_TI2_ConfigInputStage
                0x0000000008008726       0x60 Drivers/STM32F4xx_HAL_Driver/Src/stm32f4xx_hal_tim.o
 .text.TIM_ITRx_SetConfig
                0x0000000008008786       0x36 Drivers/STM32F4xx_HAL_Driver/Src/stm32f4xx_hal_tim.o
 .text.TIM_ETR_SetConfig
                0x00000000080087bc       0x40 Drivers/STM32F4xx_HAL_Driver/Src/stm32f4xx_hal_tim.o
                0x00000000080087bc                TIM_ETR_SetConfig
 .text.TIM_CCxChannelCmd
                0x00000000080087fc       0x4a Drivers/STM32F4xx_HAL_Driver/Src/stm32f4xx_hal_tim.o
                0x00000000080087fc                TIM_CCxChannelCmd
 *fill*         0x0000000008008846        0x2 
 .text.HAL_TIMEx_MasterConfigSynchronization
                0x0000000008008848       0xdc Drivers/STM32F4xx_HAL_Driver/Src/stm32f4xx_hal_tim_ex.o
                0x0000000008008848                HAL_TIMEx_MasterConfigSynchronization
 .text.HAL_TIMEx_CommutCallback
                0x0000000008008924       0x14 Drivers/STM32F4xx_HAL_Driver/Src/stm32f4xx_hal_tim_ex.o
                0x0000000008008924                HAL_TIMEx_CommutCallback
 .text.HAL_TIMEx_BreakCallback
                0x0000000008008938       0x14 Drivers/STM32F4xx_HAL_Driver/Src/stm32f4xx_hal_tim_ex.o
                0x0000000008008938                HAL_TIMEx_BreakCallback
 .text.USB_CoreInit
                0x000000000800894c       0xc2 Drivers/STM32F4xx_HAL_Driver/Src/stm32f4xx_ll_usb.o
                0x000000000800894c                USB_CoreInit
 .text.USB_EnableGlobalInt
                0x0000000008008a0e       0x22 Drivers/STM32F4xx_HAL_Driver/Src/stm32f4xx_ll_usb.o
                0x0000000008008a0e                USB_EnableGlobalInt
 .text.USB_DisableGlobalInt
                0x0000000008008a30       0x22 Drivers/STM32F4xx_HAL_Driver/Src/stm32f4xx_ll_usb.o
                0x0000000008008a30                USB_DisableGlobalInt
 .text.USB_SetCurrentMode
                0x0000000008008a52       0x54 Drivers/STM32F4xx_HAL_Driver/Src/stm32f4xx_ll_usb.o
                0x0000000008008a52                USB_SetCurrentMode
 *fill*         0x0000000008008aa6        0x2 
 .text.USB_FlushTxFifo
                0x0000000008008aa8       0x4c Drivers/STM32F4xx_HAL_Driver/Src/stm32f4xx_ll_usb.o
                0x0000000008008aa8                USB_FlushTxFifo
 .text.USB_FlushRxFifo
                0x0000000008008af4       0x44 Drivers/STM32F4xx_HAL_Driver/Src/stm32f4xx_ll_usb.o
                0x0000000008008af4                USB_FlushRxFifo
 .text.USB_WritePacket
                0x0000000008008b38       0x6a Drivers/STM32F4xx_HAL_Driver/Src/stm32f4xx_ll_usb.o
                0x0000000008008b38                USB_WritePacket
 .text.USB_ReadPacket
                0x0000000008008ba2       0x52 Drivers/STM32F4xx_HAL_Driver/Src/stm32f4xx_ll_usb.o
                0x0000000008008ba2                USB_ReadPacket
 .text.USB_ReadInterrupts
                0x0000000008008bf4       0x26 Drivers/STM32F4xx_HAL_Driver/Src/stm32f4xx_ll_usb.o
                0x0000000008008bf4                USB_ReadInterrupts
 .text.USB_GetMode
                0x0000000008008c1a       0x1c Drivers/STM32F4xx_HAL_Driver/Src/stm32f4xx_ll_usb.o
                0x0000000008008c1a                USB_GetMode
 *fill*         0x0000000008008c36        0x2 
 .text.USB_CoreReset
                0x0000000008008c38       0x68 Drivers/STM32F4xx_HAL_Driver/Src/stm32f4xx_ll_usb.o
 .text.USB_HostInit
                0x0000000008008ca0      0x178 Drivers/STM32F4xx_HAL_Driver/Src/stm32f4xx_ll_usb.o
                0x0000000008008ca0                USB_HostInit
 .text.USB_InitFSLSPClkSel
                0x0000000008008e18       0x74 Drivers/STM32F4xx_HAL_Driver/Src/stm32f4xx_ll_usb.o
                0x0000000008008e18                USB_InitFSLSPClkSel
 .text.USB_ResetPort
                0x0000000008008e8c       0x54 Drivers/STM32F4xx_HAL_Driver/Src/stm32f4xx_ll_usb.o
                0x0000000008008e8c                USB_ResetPort
 .text.USB_DriveVbus
                0x0000000008008ee0       0x72 Drivers/STM32F4xx_HAL_Driver/Src/stm32f4xx_ll_usb.o
                0x0000000008008ee0                USB_DriveVbus
 .text.USB_GetHostSpeed
                0x0000000008008f52       0x2e Drivers/STM32F4xx_HAL_Driver/Src/stm32f4xx_ll_usb.o
                0x0000000008008f52                USB_GetHostSpeed
 .text.USB_GetCurrentFrame
                0x0000000008008f80       0x22 Drivers/STM32F4xx_HAL_Driver/Src/stm32f4xx_ll_usb.o
                0x0000000008008f80                USB_GetCurrentFrame
 *fill*         0x0000000008008fa2        0x2 
 .text.USB_HC_Init
                0x0000000008008fa4      0x214 Drivers/STM32F4xx_HAL_Driver/Src/stm32f4xx_ll_usb.o
                0x0000000008008fa4                USB_HC_Init
 .text.USB_HC_StartXfer
                0x00000000080091b8      0x288 Drivers/STM32F4xx_HAL_Driver/Src/stm32f4xx_ll_usb.o
                0x00000000080091b8                USB_HC_StartXfer
 .text.USB_HC_ReadInterrupt
                0x0000000008009440       0x22 Drivers/STM32F4xx_HAL_Driver/Src/stm32f4xx_ll_usb.o
                0x0000000008009440                USB_HC_ReadInterrupt
 .text.USB_HC_Halt
                0x0000000008009462      0x1fe Drivers/STM32F4xx_HAL_Driver/Src/stm32f4xx_ll_usb.o
                0x0000000008009462                USB_HC_Halt
 .text.USB_DoPing
                0x0000000008009660       0x78 Drivers/STM32F4xx_HAL_Driver/Src/stm32f4xx_ll_usb.o
                0x0000000008009660                USB_DoPing
 .text.USB_StopHost
                0x00000000080096d8      0x10c Drivers/STM32F4xx_HAL_Driver/Src/stm32f4xx_ll_usb.o
                0x00000000080096d8                USB_StopHost
 .text.MX_FATFS_Init
                0x00000000080097e4       0x24 FATFS/App/fatfs.o
                0x00000000080097e4                MX_FATFS_Init
 .text.get_fattime
                0x0000000008009808       0x10 FATFS/App/fatfs.o
                0x0000000008009808                get_fattime
 .text.USBH_initialize
                0x0000000008009818       0x18 FATFS/Target/usbh_diskio.o
                0x0000000008009818                USBH_initialize
 .text.USBH_status
                0x0000000008009830       0x38 FATFS/Target/usbh_diskio.o
                0x0000000008009830                USBH_status
 .text.USBH_read
                0x0000000008009868       0x70 FATFS/Target/usbh_diskio.o
                0x0000000008009868                USBH_read
 .text.USBH_write
                0x00000000080098d8       0x84 FATFS/Target/usbh_diskio.o
                0x00000000080098d8                USBH_write
 .text.USBH_ioctl
                0x000000000800995c       0xd8 FATFS/Target/usbh_diskio.o
                0x000000000800995c                USBH_ioctl
 .text.USBH_MSC_InterfaceInit
                0x0000000008009a34      0x216 Middlewares/ST/STM32_USB_Host_Library/Class/MSC/Src/usbh_msc.o
 .text.USBH_MSC_InterfaceDeInit
                0x0000000008009c4a       0x8c Middlewares/ST/STM32_USB_Host_Library/Class/MSC/Src/usbh_msc.o
 .text.USBH_MSC_ClassRequest
                0x0000000008009cd6       0xc8 Middlewares/ST/STM32_USB_Host_Library/Class/MSC/Src/usbh_msc.o
 *fill*         0x0000000008009d9e        0x2 
 .text.USBH_MSC_Process
                0x0000000008009da0      0x520 Middlewares/ST/STM32_USB_Host_Library/Class/MSC/Src/usbh_msc.o
 .text.USBH_MSC_SOFProcess
                0x000000000800a2c0       0x16 Middlewares/ST/STM32_USB_Host_Library/Class/MSC/Src/usbh_msc.o
 .text.USBH_MSC_RdWrProcess
                0x000000000800a2d6      0x194 Middlewares/ST/STM32_USB_Host_Library/Class/MSC/Src/usbh_msc.o
 .text.USBH_MSC_UnitIsReady
                0x000000000800a46a       0x4c Middlewares/ST/STM32_USB_Host_Library/Class/MSC/Src/usbh_msc.o
                0x000000000800a46a                USBH_MSC_UnitIsReady
 .text.USBH_MSC_GetLUNInfo
                0x000000000800a4b6       0x48 Middlewares/ST/STM32_USB_Host_Library/Class/MSC/Src/usbh_msc.o
                0x000000000800a4b6                USBH_MSC_GetLUNInfo
 .text.USBH_MSC_Read
                0x000000000800a4fe       0xd2 Middlewares/ST/STM32_USB_Host_Library/Class/MSC/Src/usbh_msc.o
                0x000000000800a4fe                USBH_MSC_Read
 .text.USBH_MSC_Write
                0x000000000800a5d0       0xd2 Middlewares/ST/STM32_USB_Host_Library/Class/MSC/Src/usbh_msc.o
                0x000000000800a5d0                USBH_MSC_Write
 .text.USBH_MSC_BOT_REQ_Reset
                0x000000000800a6a2       0x3a Middlewares/ST/STM32_USB_Host_Library/Class/MSC/Src/usbh_msc_bot.o
                0x000000000800a6a2                USBH_MSC_BOT_REQ_Reset
 .text.USBH_MSC_BOT_REQ_GetMaxLUN
                0x000000000800a6dc       0x3c Middlewares/ST/STM32_USB_Host_Library/Class/MSC/Src/usbh_msc_bot.o
                0x000000000800a6dc                USBH_MSC_BOT_REQ_GetMaxLUN
 .text.USBH_MSC_BOT_Init
                0x000000000800a718       0x44 Middlewares/ST/STM32_USB_Host_Library/Class/MSC/Src/usbh_msc_bot.o
                0x000000000800a718                USBH_MSC_BOT_Init
 .text.USBH_MSC_BOT_Process
                0x000000000800a75c      0x3a4 Middlewares/ST/STM32_USB_Host_Library/Class/MSC/Src/usbh_msc_bot.o
                0x000000000800a75c                USBH_MSC_BOT_Process
 .text.USBH_MSC_BOT_Abort
                0x000000000800ab00       0x58 Middlewares/ST/STM32_USB_Host_Library/Class/MSC/Src/usbh_msc_bot.o
 .text.USBH_MSC_DecodeCSW
                0x000000000800ab58       0x88 Middlewares/ST/STM32_USB_Host_Library/Class/MSC/Src/usbh_msc_bot.o
 .text.USBH_MSC_SCSI_TestUnitReady
                0x000000000800abe0       0x86 Middlewares/ST/STM32_USB_Host_Library/Class/MSC/Src/usbh_msc_scsi.o
                0x000000000800abe0                USBH_MSC_SCSI_TestUnitReady
 .text.USBH_MSC_SCSI_ReadCapacity
                0x000000000800ac66       0xf6 Middlewares/ST/STM32_USB_Host_Library/Class/MSC/Src/usbh_msc_scsi.o
                0x000000000800ac66                USBH_MSC_SCSI_ReadCapacity
 .text.USBH_MSC_SCSI_Inquiry
                0x000000000800ad5c      0x14a Middlewares/ST/STM32_USB_Host_Library/Class/MSC/Src/usbh_msc_scsi.o
                0x000000000800ad5c                USBH_MSC_SCSI_Inquiry
 .text.USBH_MSC_SCSI_RequestSense
                0x000000000800aea6       0xf2 Middlewares/ST/STM32_USB_Host_Library/Class/MSC/Src/usbh_msc_scsi.o
                0x000000000800aea6                USBH_MSC_SCSI_RequestSense
 .text.USBH_MSC_SCSI_Write
                0x000000000800af98       0xd6 Middlewares/ST/STM32_USB_Host_Library/Class/MSC/Src/usbh_msc_scsi.o
                0x000000000800af98                USBH_MSC_SCSI_Write
 .text.USBH_MSC_SCSI_Read
                0x000000000800b06e       0xd6 Middlewares/ST/STM32_USB_Host_Library/Class/MSC/Src/usbh_msc_scsi.o
                0x000000000800b06e                USBH_MSC_SCSI_Read
 .text.USBH_Init
                0x000000000800b144       0x74 Middlewares/ST/STM32_USB_Host_Library/Core/Src/usbh_core.o
                0x000000000800b144                USBH_Init
 .text.DeInitStateMachine
                0x000000000800b1b8       0xa8 Middlewares/ST/STM32_USB_Host_Library/Core/Src/usbh_core.o
 .text.USBH_RegisterClass
                0x000000000800b260       0x54 Middlewares/ST/STM32_USB_Host_Library/Core/Src/usbh_core.o
                0x000000000800b260                USBH_RegisterClass
 .text.USBH_SelectInterface
                0x000000000800b2b4       0x38 Middlewares/ST/STM32_USB_Host_Library/Core/Src/usbh_core.o
                0x000000000800b2b4                USBH_SelectInterface
 .text.USBH_FindInterface
                0x000000000800b2ec       0x8c Middlewares/ST/STM32_USB_Host_Library/Core/Src/usbh_core.o
                0x000000000800b2ec                USBH_FindInterface
 .text.USBH_Start
                0x000000000800b378       0x20 Middlewares/ST/STM32_USB_Host_Library/Core/Src/usbh_core.o
                0x000000000800b378                USBH_Start
 .text.USBH_Process
                0x000000000800b398      0x3c0 Middlewares/ST/STM32_USB_Host_Library/Core/Src/usbh_core.o
                0x000000000800b398                USBH_Process
 .text.USBH_HandleEnum
                0x000000000800b758      0x3c8 Middlewares/ST/STM32_USB_Host_Library/Core/Src/usbh_core.o
 .text.USBH_LL_SetTimer
                0x000000000800bb20       0x1e Middlewares/ST/STM32_USB_Host_Library/Core/Src/usbh_core.o
                0x000000000800bb20                USBH_LL_SetTimer
 .text.USBH_LL_IncTimer
                0x000000000800bb3e       0x24 Middlewares/ST/STM32_USB_Host_Library/Core/Src/usbh_core.o
                0x000000000800bb3e                USBH_LL_IncTimer
 .text.USBH_HandleSof
                0x000000000800bb62       0x30 Middlewares/ST/STM32_USB_Host_Library/Core/Src/usbh_core.o
 .text.USBH_LL_PortEnabled
                0x000000000800bb92       0x1c Middlewares/ST/STM32_USB_Host_Library/Core/Src/usbh_core.o
                0x000000000800bb92                USBH_LL_PortEnabled
 .text.USBH_LL_PortDisabled
                0x000000000800bbae       0x1c Middlewares/ST/STM32_USB_Host_Library/Core/Src/usbh_core.o
                0x000000000800bbae                USBH_LL_PortDisabled
 .text.USBH_LL_Connect
                0x000000000800bbca       0x2e Middlewares/ST/STM32_USB_Host_Library/Core/Src/usbh_core.o
                0x000000000800bbca                USBH_LL_Connect
 .text.USBH_LL_Disconnect
                0x000000000800bbf8       0x48 Middlewares/ST/STM32_USB_Host_Library/Core/Src/usbh_core.o
                0x000000000800bbf8                USBH_LL_Disconnect
 .text.USBH_Get_DevDesc
                0x000000000800bc40       0x50 Middlewares/ST/STM32_USB_Host_Library/Core/Src/usbh_ctlreq.o
                0x000000000800bc40                USBH_Get_DevDesc
 .text.USBH_Get_CfgDesc
                0x000000000800bc90       0x48 Middlewares/ST/STM32_USB_Host_Library/Core/Src/usbh_ctlreq.o
                0x000000000800bc90                USBH_Get_CfgDesc
 .text.USBH_Get_StringDesc
                0x000000000800bcd8       0x56 Middlewares/ST/STM32_USB_Host_Library/Core/Src/usbh_ctlreq.o
                0x000000000800bcd8                USBH_Get_StringDesc
 .text.USBH_GetDescriptor
                0x000000000800bd2e       0x6a Middlewares/ST/STM32_USB_Host_Library/Core/Src/usbh_ctlreq.o
                0x000000000800bd2e                USBH_GetDescriptor
 .text.USBH_SetAddress
                0x000000000800bd98       0x48 Middlewares/ST/STM32_USB_Host_Library/Core/Src/usbh_ctlreq.o
                0x000000000800bd98                USBH_SetAddress
 .text.USBH_SetCfg
                0x000000000800bde0       0x46 Middlewares/ST/STM32_USB_Host_Library/Core/Src/usbh_ctlreq.o
                0x000000000800bde0                USBH_SetCfg
 .text.USBH_SetFeature
                0x000000000800be26       0x48 Middlewares/ST/STM32_USB_Host_Library/Core/Src/usbh_ctlreq.o
                0x000000000800be26                USBH_SetFeature
 .text.USBH_ClrFeature
                0x000000000800be6e       0x48 Middlewares/ST/STM32_USB_Host_Library/Core/Src/usbh_ctlreq.o
                0x000000000800be6e                USBH_ClrFeature
 .text.USBH_ParseDevDesc
                0x000000000800beb6       0xe0 Middlewares/ST/STM32_USB_Host_Library/Core/Src/usbh_ctlreq.o
 .text.USBH_ParseCfgDesc
                0x000000000800bf96      0x144 Middlewares/ST/STM32_USB_Host_Library/Core/Src/usbh_ctlreq.o
 .text.USBH_ParseInterfaceDesc
                0x000000000800c0da       0x5e Middlewares/ST/STM32_USB_Host_Library/Core/Src/usbh_ctlreq.o
 .text.USBH_ParseEPDesc
                0x000000000800c138       0x5a Middlewares/ST/STM32_USB_Host_Library/Core/Src/usbh_ctlreq.o
 .text.USBH_ParseStringDesc
                0x000000000800c192       0x66 Middlewares/ST/STM32_USB_Host_Library/Core/Src/usbh_ctlreq.o
 .text.USBH_GetNextDesc
                0x000000000800c1f8       0x36 Middlewares/ST/STM32_USB_Host_Library/Core/Src/usbh_ctlreq.o
                0x000000000800c1f8                USBH_GetNextDesc
 .text.USBH_CtlReq
                0x000000000800c22e       0x7a Middlewares/ST/STM32_USB_Host_Library/Core/Src/usbh_ctlreq.o
                0x000000000800c22e                USBH_CtlReq
 .text.USBH_HandleControl
                0x000000000800c2a8      0x2ec Middlewares/ST/STM32_USB_Host_Library/Core/Src/usbh_ctlreq.o
 .text.USBH_CtlSendSetup
                0x000000000800c594       0x34 Middlewares/ST/STM32_USB_Host_Library/Core/Src/usbh_ioreq.o
                0x000000000800c594                USBH_CtlSendSetup
 .text.USBH_CtlSendData
                0x000000000800c5c8       0x4a Middlewares/ST/STM32_USB_Host_Library/Core/Src/usbh_ioreq.o
                0x000000000800c5c8                USBH_CtlSendData
 .text.USBH_CtlReceiveData
                0x000000000800c612       0x3c Middlewares/ST/STM32_USB_Host_Library/Core/Src/usbh_ioreq.o
                0x000000000800c612                USBH_CtlReceiveData
 .text.USBH_BulkSendData
                0x000000000800c64e       0x4a Middlewares/ST/STM32_USB_Host_Library/Core/Src/usbh_ioreq.o
                0x000000000800c64e                USBH_BulkSendData
 .text.USBH_BulkReceiveData
                0x000000000800c698       0x3c Middlewares/ST/STM32_USB_Host_Library/Core/Src/usbh_ioreq.o
                0x000000000800c698                USBH_BulkReceiveData
 .text.USBH_OpenPipe
                0x000000000800c6d4       0x3e Middlewares/ST/STM32_USB_Host_Library/Core/Src/usbh_pipes.o
                0x000000000800c6d4                USBH_OpenPipe
 .text.USBH_ClosePipe
                0x000000000800c712       0x20 Middlewares/ST/STM32_USB_Host_Library/Core/Src/usbh_pipes.o
                0x000000000800c712                USBH_ClosePipe
 .text.USBH_AllocPipe
                0x000000000800c732       0x42 Middlewares/ST/STM32_USB_Host_Library/Core/Src/usbh_pipes.o
                0x000000000800c732                USBH_AllocPipe
 .text.USBH_FreePipe
                0x000000000800c774       0x3c Middlewares/ST/STM32_USB_Host_Library/Core/Src/usbh_pipes.o
                0x000000000800c774                USBH_FreePipe
 .text.USBH_GetFreePipe
                0x000000000800c7b0       0x48 Middlewares/ST/STM32_USB_Host_Library/Core/Src/usbh_pipes.o
 .text.disk_status
                0x000000000800c7f8       0x34 Middlewares/Third_Party/FatFs/src/diskio.o
                0x000000000800c7f8                disk_status
 .text.disk_initialize
                0x000000000800c82c       0x4c Middlewares/Third_Party/FatFs/src/diskio.o
                0x000000000800c82c                disk_initialize
 .text.disk_read
                0x000000000800c878       0x40 Middlewares/Third_Party/FatFs/src/diskio.o
                0x000000000800c878                disk_read
 .text.disk_write
                0x000000000800c8b8       0x40 Middlewares/Third_Party/FatFs/src/diskio.o
                0x000000000800c8b8                disk_write
 .text.disk_ioctl
                0x000000000800c8f8       0x3c Middlewares/Third_Party/FatFs/src/diskio.o
                0x000000000800c8f8                disk_ioctl
 .text.ld_word  0x000000000800c934       0x30 Middlewares/Third_Party/FatFs/src/ff.o
 .text.ld_dword
                0x000000000800c964       0x46 Middlewares/Third_Party/FatFs/src/ff.o
 .text.st_word  0x000000000800c9aa       0x36 Middlewares/Third_Party/FatFs/src/ff.o
 .text.st_dword
                0x000000000800c9e0       0x58 Middlewares/Third_Party/FatFs/src/ff.o
 .text.mem_cpy  0x000000000800ca38       0x42 Middlewares/Third_Party/FatFs/src/ff.o
 .text.mem_set  0x000000000800ca7a       0x34 Middlewares/Third_Party/FatFs/src/ff.o
 .text.mem_cmp  0x000000000800caae       0x4e Middlewares/Third_Party/FatFs/src/ff.o
 .text.chk_chr  0x000000000800cafc       0x36 Middlewares/Third_Party/FatFs/src/ff.o
 *fill*         0x000000000800cb32        0x2 
 .text.chk_lock
                0x000000000800cb34       0xb8 Middlewares/Third_Party/FatFs/src/ff.o
 .text.enq_lock
                0x000000000800cbec       0x44 Middlewares/Third_Party/FatFs/src/ff.o
 .text.inc_lock
                0x000000000800cc30      0x11c Middlewares/Third_Party/FatFs/src/ff.o
 .text.dec_lock
                0x000000000800cd4c       0x78 Middlewares/Third_Party/FatFs/src/ff.o
 .text.clear_lock
                0x000000000800cdc4       0x48 Middlewares/Third_Party/FatFs/src/ff.o
 .text.sync_window
                0x000000000800ce0c       0x88 Middlewares/Third_Party/FatFs/src/ff.o
 .text.move_window
                0x000000000800ce94       0x5a Middlewares/Third_Party/FatFs/src/ff.o
 *fill*         0x000000000800ceee        0x2 
 .text.sync_fs  0x000000000800cef0       0xdc Middlewares/Third_Party/FatFs/src/ff.o
 .text.clust2sect
                0x000000000800cfcc       0x3e Middlewares/Third_Party/FatFs/src/ff.o
 .text.get_fat  0x000000000800d00a      0x14a Middlewares/Third_Party/FatFs/src/ff.o
 .text.put_fat  0x000000000800d154      0x1ce Middlewares/Third_Party/FatFs/src/ff.o
 .text.remove_chain
                0x000000000800d322       0xca Middlewares/Third_Party/FatFs/src/ff.o
 .text.create_chain
                0x000000000800d3ec      0x130 Middlewares/Third_Party/FatFs/src/ff.o
 .text.clmt_clust
                0x000000000800d51c       0x68 Middlewares/Third_Party/FatFs/src/ff.o
 .text.dir_sdi  0x000000000800d584       0xf6 Middlewares/Third_Party/FatFs/src/ff.o
 .text.dir_next
                0x000000000800d67a      0x18a Middlewares/Third_Party/FatFs/src/ff.o
 .text.dir_alloc
                0x000000000800d804       0x8e Middlewares/Third_Party/FatFs/src/ff.o
 .text.ld_clust
                0x000000000800d892       0x3e Middlewares/Third_Party/FatFs/src/ff.o
 .text.st_clust
                0x000000000800d8d0       0x40 Middlewares/Third_Party/FatFs/src/ff.o
 .text.dir_find
                0x000000000800d910       0xaa Middlewares/Third_Party/FatFs/src/ff.o
 .text.dir_register
                0x000000000800d9ba       0x64 Middlewares/Third_Party/FatFs/src/ff.o
 *fill*         0x000000000800da1e        0x2 
 .text.create_name
                0x000000000800da20      0x128 Middlewares/Third_Party/FatFs/src/ff.o
 .text.follow_path
                0x000000000800db48       0xe2 Middlewares/Third_Party/FatFs/src/ff.o
 .text.get_ldnumber
                0x000000000800dc2a       0x88 Middlewares/Third_Party/FatFs/src/ff.o
 *fill*         0x000000000800dcb2        0x2 
 .text.check_fs
                0x000000000800dcb4       0xac Middlewares/Third_Party/FatFs/src/ff.o
 .text.find_volume
                0x000000000800dd60      0x498 Middlewares/Third_Party/FatFs/src/ff.o
 .text.validate
                0x000000000800e1f8       0x6a Middlewares/Third_Party/FatFs/src/ff.o
 *fill*         0x000000000800e262        0x2 
 .text.f_mount  0x000000000800e264       0x8c Middlewares/Third_Party/FatFs/src/ff.o
                0x000000000800e264                f_mount
 .text.f_open   0x000000000800e2f0      0x37c Middlewares/Third_Party/FatFs/src/ff.o
                0x000000000800e2f0                f_open
 .text.f_read   0x000000000800e66c      0x27e Middlewares/Third_Party/FatFs/src/ff.o
                0x000000000800e66c                f_read
 .text.f_sync   0x000000000800e8ea       0xfc Middlewares/Third_Party/FatFs/src/ff.o
                0x000000000800e8ea                f_sync
 .text.f_close  0x000000000800e9e6       0x54 Middlewares/Third_Party/FatFs/src/ff.o
                0x000000000800e9e6                f_close
 .text.f_lseek  0x000000000800ea3a      0x412 Middlewares/Third_Party/FatFs/src/ff.o
                0x000000000800ea3a                f_lseek
 .text.FATFS_LinkDriverEx
                0x000000000800ee4c       0x98 Middlewares/Third_Party/FatFs/src/ff_gen_drv.o
                0x000000000800ee4c                FATFS_LinkDriverEx
 .text.FATFS_LinkDriver
                0x000000000800eee4       0x1e Middlewares/Third_Party/FatFs/src/ff_gen_drv.o
                0x000000000800eee4                FATFS_LinkDriver
 *fill*         0x000000000800ef02        0x2 
 .text.MX_USB_HOST_Init
                0x000000000800ef04       0x4c USB_HOST/App/usb_host.o
                0x000000000800ef04                MX_USB_HOST_Init
 .text.MX_USB_HOST_Process
                0x000000000800ef50       0x14 USB_HOST/App/usb_host.o
                0x000000000800ef50                MX_USB_HOST_Process
 .text.USBH_UserProcess
                0x000000000800ef64       0x5c USB_HOST/App/usb_host.o
 .text.HAL_HCD_MspInit
                0x000000000800efc0       0xc4 USB_HOST/Target/usbh_conf.o
                0x000000000800efc0                HAL_HCD_MspInit
 .text.HAL_HCD_SOF_Callback
                0x000000000800f084       0x1c USB_HOST/Target/usbh_conf.o
                0x000000000800f084                HAL_HCD_SOF_Callback
 .text.HAL_HCD_Connect_Callback
                0x000000000800f0a0       0x1c USB_HOST/Target/usbh_conf.o
                0x000000000800f0a0                HAL_HCD_Connect_Callback
 .text.HAL_HCD_Disconnect_Callback
                0x000000000800f0bc       0x1c USB_HOST/Target/usbh_conf.o
                0x000000000800f0bc                HAL_HCD_Disconnect_Callback
 .text.HAL_HCD_HC_NotifyURBChange_Callback
                0x000000000800f0d8       0x1c USB_HOST/Target/usbh_conf.o
                0x000000000800f0d8                HAL_HCD_HC_NotifyURBChange_Callback
 .text.HAL_HCD_PortEnabled_Callback
                0x000000000800f0f4       0x1c USB_HOST/Target/usbh_conf.o
                0x000000000800f0f4                HAL_HCD_PortEnabled_Callback
 .text.HAL_HCD_PortDisabled_Callback
                0x000000000800f110       0x1c USB_HOST/Target/usbh_conf.o
                0x000000000800f110                HAL_HCD_PortDisabled_Callback
 .text.USBH_LL_Init
                0x000000000800f12c       0x78 USB_HOST/Target/usbh_conf.o
                0x000000000800f12c                USBH_LL_Init
 .text.USBH_LL_Start
                0x000000000800f1a4       0x36 USB_HOST/Target/usbh_conf.o
                0x000000000800f1a4                USBH_LL_Start
 .text.USBH_LL_Stop
                0x000000000800f1da       0x36 USB_HOST/Target/usbh_conf.o
                0x000000000800f1da                USBH_LL_Stop
 .text.USBH_LL_GetSpeed
                0x000000000800f210       0x4a USB_HOST/Target/usbh_conf.o
                0x000000000800f210                USBH_LL_GetSpeed
 .text.USBH_LL_ResetPort
                0x000000000800f25a       0x36 USB_HOST/Target/usbh_conf.o
                0x000000000800f25a                USBH_LL_ResetPort
 .text.USBH_LL_GetLastXferSize
                0x000000000800f290       0x26 USB_HOST/Target/usbh_conf.o
                0x000000000800f290                USBH_LL_GetLastXferSize
 .text.USBH_LL_OpenPipe
                0x000000000800f2b6       0x5e USB_HOST/Target/usbh_conf.o
                0x000000000800f2b6                USBH_LL_OpenPipe
 .text.USBH_LL_ClosePipe
                0x000000000800f314       0x3e USB_HOST/Target/usbh_conf.o
                0x000000000800f314                USBH_LL_ClosePipe
 .text.USBH_LL_SubmitURB
                0x000000000800f352       0x62 USB_HOST/Target/usbh_conf.o
                0x000000000800f352                USBH_LL_SubmitURB
 .text.USBH_LL_GetURBState
                0x000000000800f3b4       0x26 USB_HOST/Target/usbh_conf.o
                0x000000000800f3b4                USBH_LL_GetURBState
 .text.USBH_LL_DriverVBUS
                0x000000000800f3da       0x2e USB_HOST/Target/usbh_conf.o
                0x000000000800f3da                USBH_LL_DriverVBUS
 .text.USBH_LL_SetToggle
                0x000000000800f408       0x66 USB_HOST/Target/usbh_conf.o
                0x000000000800f408                USBH_LL_SetToggle
 .text.USBH_LL_GetToggle
                0x000000000800f46e       0x66 USB_HOST/Target/usbh_conf.o
                0x000000000800f46e                USBH_LL_GetToggle
 .text.USBH_Delay
                0x000000000800f4d4       0x16 USB_HOST/Target/usbh_conf.o
                0x000000000800f4d4                USBH_Delay
 *fill*         0x000000000800f4ea        0x2 
 .text.USBH_Get_USB_Status
                0x000000000800f4ec       0x58 USB_HOST/Target/usbh_conf.o
                0x000000000800f4ec                USBH_Get_USB_Status
 .text.MX_DriverVbusFS
                0x000000000800f544       0x38 USB_HOST/Target/usbh_platform.o
                0x000000000800f544                MX_DriverVbusFS
 .text.__errno  0x000000000800f57c        0xc c:/st/stm32cubeide_1.3.0/stm32cubeide/plugins/com.st.stm32cube.ide.mcu.externaltools.gnu-tools-for-stm32.7-2018-q2-update.win32_1.0.0.201904181610/tools/bin/../lib/gcc/arm-none-eabi/7.3.1/../../../../arm-none-eabi/lib/thumb/v7e-m/fpv4-sp/hard\libc_nano.a(lib_a-errno.o)
                0x000000000800f57c                __errno
 .text.__libc_init_array
                0x000000000800f588       0x48 c:/st/stm32cubeide_1.3.0/stm32cubeide/plugins/com.st.stm32cube.ide.mcu.externaltools.gnu-tools-for-stm32.7-2018-q2-update.win32_1.0.0.201904181610/tools/bin/../lib/gcc/arm-none-eabi/7.3.1/../../../../arm-none-eabi/lib/thumb/v7e-m/fpv4-sp/hard\libc_nano.a(lib_a-init.o)
                0x000000000800f588                __libc_init_array
 .text.malloc   0x000000000800f5d0       0x10 c:/st/stm32cubeide_1.3.0/stm32cubeide/plugins/com.st.stm32cube.ide.mcu.externaltools.gnu-tools-for-stm32.7-2018-q2-update.win32_1.0.0.201904181610/tools/bin/../lib/gcc/arm-none-eabi/7.3.1/../../../../arm-none-eabi/lib/thumb/v7e-m/fpv4-sp/hard\libc_nano.a(lib_a-malloc.o)
                0x000000000800f5d0                malloc
 .text.free     0x000000000800f5e0       0x10 c:/st/stm32cubeide_1.3.0/stm32cubeide/plugins/com.st.stm32cube.ide.mcu.externaltools.gnu-tools-for-stm32.7-2018-q2-update.win32_1.0.0.201904181610/tools/bin/../lib/gcc/arm-none-eabi/7.3.1/../../../../arm-none-eabi/lib/thumb/v7e-m/fpv4-sp/hard\libc_nano.a(lib_a-malloc.o)
                0x000000000800f5e0                free
 .text.memcpy   0x000000000800f5f0       0x16 c:/st/stm32cubeide_1.3.0/stm32cubeide/plugins/com.st.stm32cube.ide.mcu.externaltools.gnu-tools-for-stm32.7-2018-q2-update.win32_1.0.0.201904181610/tools/bin/../lib/gcc/arm-none-eabi/7.3.1/../../../../arm-none-eabi/lib/thumb/v7e-m/fpv4-sp/hard\libc_nano.a(lib_a-memcpy-stub.o)
                0x000000000800f5f0                memcpy
 .text.memset   0x000000000800f606       0x10 c:/st/stm32cubeide_1.3.0/stm32cubeide/plugins/com.st.stm32cube.ide.mcu.externaltools.gnu-tools-for-stm32.7-2018-q2-update.win32_1.0.0.201904181610/tools/bin/../lib/gcc/arm-none-eabi/7.3.1/../../../../arm-none-eabi/lib/thumb/v7e-m/fpv4-sp/hard\libc_nano.a(lib_a-memset.o)
                0x000000000800f606                memset
 *fill*         0x000000000800f616        0x2 
 .text._free_r  0x000000000800f618       0x9c c:/st/stm32cubeide_1.3.0/stm32cubeide/plugins/com.st.stm32cube.ide.mcu.externaltools.gnu-tools-for-stm32.7-2018-q2-update.win32_1.0.0.201904181610/tools/bin/../lib/gcc/arm-none-eabi/7.3.1/../../../../arm-none-eabi/lib/thumb/v7e-m/fpv4-sp/hard\libc_nano.a(lib_a-nano-freer.o)
                0x000000000800f618                _free_r
 .text._malloc_r
                0x000000000800f6b4       0xb4 c:/st/stm32cubeide_1.3.0/stm32cubeide/plugins/com.st.stm32cube.ide.mcu.externaltools.gnu-tools-for-stm32.7-2018-q2-update.win32_1.0.0.201904181610/tools/bin/../lib/gcc/arm-none-eabi/7.3.1/../../../../arm-none-eabi/lib/thumb/v7e-m/fpv4-sp/hard\libc_nano.a(lib_a-nano-mallocr.o)
                0x000000000800f6b4                _malloc_r
 .text._sbrk_r  0x000000000800f768       0x20 c:/st/stm32cubeide_1.3.0/stm32cubeide/plugins/com.st.stm32cube.ide.mcu.externaltools.gnu-tools-for-stm32.7-2018-q2-update.win32_1.0.0.201904181610/tools/bin/../lib/gcc/arm-none-eabi/7.3.1/../../../../arm-none-eabi/lib/thumb/v7e-m/fpv4-sp/hard\libc_nano.a(lib_a-sbrkr.o)
                0x000000000800f768                _sbrk_r
 .text._vsprintf_r
                0x000000000800f788       0x2c c:/st/stm32cubeide_1.3.0/stm32cubeide/plugins/com.st.stm32cube.ide.mcu.externaltools.gnu-tools-for-stm32.7-2018-q2-update.win32_1.0.0.201904181610/tools/bin/../lib/gcc/arm-none-eabi/7.3.1/../../../../arm-none-eabi/lib/thumb/v7e-m/fpv4-sp/hard\libc_nano.a(lib_a-vsprintf.o)
                0x000000000800f788                _vsprintf_r
                0x000000000800f788                _vsiprintf_r
 .text.vsprintf
                0x000000000800f7b4       0x14 c:/st/stm32cubeide_1.3.0/stm32cubeide/plugins/com.st.stm32cube.ide.mcu.externaltools.gnu-tools-for-stm32.7-2018-q2-update.win32_1.0.0.201904181610/tools/bin/../lib/gcc/arm-none-eabi/7.3.1/../../../../arm-none-eabi/lib/thumb/v7e-m/fpv4-sp/hard\libc_nano.a(lib_a-vsprintf.o)
                0x000000000800f7b4                vsiprintf
                0x000000000800f7b4                vsprintf
 .text.__malloc_lock
                0x000000000800f7c8        0x2 c:/st/stm32cubeide_1.3.0/stm32cubeide/plugins/com.st.stm32cube.ide.mcu.externaltools.gnu-tools-for-stm32.7-2018-q2-update.win32_1.0.0.201904181610/tools/bin/../lib/gcc/arm-none-eabi/7.3.1/../../../../arm-none-eabi/lib/thumb/v7e-m/fpv4-sp/hard\libc_nano.a(lib_a-mlock.o)
                0x000000000800f7c8                __malloc_lock
 .text.__malloc_unlock
                0x000000000800f7ca        0x2 c:/st/stm32cubeide_1.3.0/stm32cubeide/plugins/com.st.stm32cube.ide.mcu.externaltools.gnu-tools-for-stm32.7-2018-q2-update.win32_1.0.0.201904181610/tools/bin/../lib/gcc/arm-none-eabi/7.3.1/../../../../arm-none-eabi/lib/thumb/v7e-m/fpv4-sp/hard\libc_nano.a(lib_a-mlock.o)
                0x000000000800f7ca                __malloc_unlock
 .text.__ssputs_r
                0x000000000800f7cc       0xb4 c:/st/stm32cubeide_1.3.0/stm32cubeide/plugins/com.st.stm32cube.ide.mcu.externaltools.gnu-tools-for-stm32.7-2018-q2-update.win32_1.0.0.201904181610/tools/bin/../lib/gcc/arm-none-eabi/7.3.1/../../../../arm-none-eabi/lib/thumb/v7e-m/fpv4-sp/hard\libc_nano.a(lib_a-nano-svfprintf.o)
                0x000000000800f7cc                __ssputs_r
 .text._svfprintf_r
                0x000000000800f880      0x1f0 c:/st/stm32cubeide_1.3.0/stm32cubeide/plugins/com.st.stm32cube.ide.mcu.externaltools.gnu-tools-for-stm32.7-2018-q2-update.win32_1.0.0.201904181610/tools/bin/../lib/gcc/arm-none-eabi/7.3.1/../../../../arm-none-eabi/lib/thumb/v7e-m/fpv4-sp/hard\libc_nano.a(lib_a-nano-svfprintf.o)
                0x000000000800f880                _svfiprintf_r
                0x000000000800f880                _svfprintf_r
 .text._printf_common
                0x000000000800fa70       0xea c:/st/stm32cubeide_1.3.0/stm32cubeide/plugins/com.st.stm32cube.ide.mcu.externaltools.gnu-tools-for-stm32.7-2018-q2-update.win32_1.0.0.201904181610/tools/bin/../lib/gcc/arm-none-eabi/7.3.1/../../../../arm-none-eabi/lib/thumb/v7e-m/fpv4-sp/hard\libc_nano.a(lib_a-nano-vfprintf_i.o)
                0x000000000800fa70                _printf_common
 *fill*         0x000000000800fb5a        0x2 
 .text._printf_i
                0x000000000800fb5c      0x224 c:/st/stm32cubeide_1.3.0/stm32cubeide/plugins/com.st.stm32cube.ide.mcu.externaltools.gnu-tools-for-stm32.7-2018-q2-update.win32_1.0.0.201904181610/tools/bin/../lib/gcc/arm-none-eabi/7.3.1/../../../../arm-none-eabi/lib/thumb/v7e-m/fpv4-sp/hard\libc_nano.a(lib_a-nano-vfprintf_i.o)
                0x000000000800fb5c                _printf_i
 .text.memmove  0x000000000800fd80       0x32 c:/st/stm32cubeide_1.3.0/stm32cubeide/plugins/com.st.stm32cube.ide.mcu.externaltools.gnu-tools-for-stm32.7-2018-q2-update.win32_1.0.0.201904181610/tools/bin/../lib/gcc/arm-none-eabi/7.3.1/../../../../arm-none-eabi/lib/thumb/v7e-m/fpv4-sp/hard\libc_nano.a(lib_a-memmove.o)
                0x000000000800fd80                memmove
 .text._realloc_r
                0x000000000800fdb2       0x4c c:/st/stm32cubeide_1.3.0/stm32cubeide/plugins/com.st.stm32cube.ide.mcu.externaltools.gnu-tools-for-stm32.7-2018-q2-update.win32_1.0.0.201904181610/tools/bin/../lib/gcc/arm-none-eabi/7.3.1/../../../../arm-none-eabi/lib/thumb/v7e-m/fpv4-sp/hard\libc_nano.a(lib_a-nano-reallocr.o)
                0x000000000800fdb2                _realloc_r
 .text._malloc_usable_size_r
                0x000000000800fdfe       0x10 c:/st/stm32cubeide_1.3.0/stm32cubeide/plugins/com.st.stm32cube.ide.mcu.externaltools.gnu-tools-for-stm32.7-2018-q2-update.win32_1.0.0.201904181610/tools/bin/../lib/gcc/arm-none-eabi/7.3.1/../../../../arm-none-eabi/lib/thumb/v7e-m/fpv4-sp/hard\libc_nano.a(lib_a-nano-msizer.o)
                0x000000000800fdfe                _malloc_usable_size_r
 *(.glue_7)
 .glue_7        0x000000000800fe0e        0x0 linker stubs
 *(.glue_7t)
 .glue_7t       0x000000000800fe0e        0x0 linker stubs
 *(.eh_frame)
 *fill*         0x000000000800fe0e        0x2 
 .eh_frame      0x000000000800fe10        0x0 c:/st/stm32cubeide_1.3.0/stm32cubeide/plugins/com.st.stm32cube.ide.mcu.externaltools.gnu-tools-for-stm32.7-2018-q2-update.win32_1.0.0.201904181610/tools/bin/../lib/gcc/arm-none-eabi/7.3.1/thumb/v7e-m/fpv4-sp/hard/crtbegin.o
 *(.init)
 .init          0x000000000800fe10        0x4 c:/st/stm32cubeide_1.3.0/stm32cubeide/plugins/com.st.stm32cube.ide.mcu.externaltools.gnu-tools-for-stm32.7-2018-q2-update.win32_1.0.0.201904181610/tools/bin/../lib/gcc/arm-none-eabi/7.3.1/thumb/v7e-m/fpv4-sp/hard/crti.o
                0x000000000800fe10                _init
 .init          0x000000000800fe14        0x8 c:/st/stm32cubeide_1.3.0/stm32cubeide/plugins/com.st.stm32cube.ide.mcu.externaltools.gnu-tools-for-stm32.7-2018-q2-update.win32_1.0.0.201904181610/tools/bin/../lib/gcc/arm-none-eabi/7.3.1/thumb/v7e-m/fpv4-sp/hard/crtn.o
 *(.fini)
 .fini          0x000000000800fe1c        0x4 c:/st/stm32cubeide_1.3.0/stm32cubeide/plugins/com.st.stm32cube.ide.mcu.externaltools.gnu-tools-for-stm32.7-2018-q2-update.win32_1.0.0.201904181610/tools/bin/../lib/gcc/arm-none-eabi/7.3.1/thumb/v7e-m/fpv4-sp/hard/crti.o
                0x000000000800fe1c                _fini
 .fini          0x000000000800fe20        0x8 c:/st/stm32cubeide_1.3.0/stm32cubeide/plugins/com.st.stm32cube.ide.mcu.externaltools.gnu-tools-for-stm32.7-2018-q2-update.win32_1.0.0.201904181610/tools/bin/../lib/gcc/arm-none-eabi/7.3.1/thumb/v7e-m/fpv4-sp/hard/crtn.o
                0x000000000800fe28                . = ALIGN (0x4)
                0x000000000800fe28                _etext = .

.vfp11_veneer   0x000000000800fe28        0x0
 .vfp11_veneer  0x000000000800fe28        0x0 linker stubs

.v4_bx          0x000000000800fe28        0x0
 .v4_bx         0x000000000800fe28        0x0 linker stubs

.iplt           0x000000000800fe28        0x0
 .iplt          0x000000000800fe28        0x0 c:/st/stm32cubeide_1.3.0/stm32cubeide/plugins/com.st.stm32cube.ide.mcu.externaltools.gnu-tools-for-stm32.7-2018-q2-update.win32_1.0.0.201904181610/tools/bin/../lib/gcc/arm-none-eabi/7.3.1/thumb/v7e-m/fpv4-sp/hard/crtbegin.o

.rodata         0x000000000800fe28      0x224
                0x000000000800fe28                . = ALIGN (0x4)
 *(.rodata)
 .rodata        0x000000000800fe28       0x91 Core/Src/main.o
 *fill*         0x000000000800feb9        0x3 
 .rodata        0x000000000800febc        0x4 Middlewares/ST/STM32_USB_Host_Library/Class/MSC/Src/usbh_msc.o
 .rodata        0x000000000800fec0       0x44 Middlewares/Third_Party/FatFs/src/ff.o
 *(.rodata*)
 .rodata.I2SFreq
                0x000000000800ff04       0x20 Core/Src/audioI2S.o
                0x000000000800ff04                I2SFreq
 .rodata.I2SPLLN
                0x000000000800ff24       0x20 Core/Src/audioI2S.o
                0x000000000800ff24                I2SPLLN
 .rodata.I2SPLLR
                0x000000000800ff44       0x20 Core/Src/audioI2S.o
                0x000000000800ff44                I2SPLLR
 .rodata.AHBPrescTable
                0x000000000800ff64       0x10 Core/Src/system_stm32f4xx.o
                0x000000000800ff64                AHBPrescTable
 .rodata.APBPrescTable
                0x000000000800ff74        0x8 Core/Src/system_stm32f4xx.o
                0x000000000800ff74                APBPrescTable
 .rodata.flagBitshiftOffset.8494
                0x000000000800ff7c        0x8 Drivers/STM32F4xx_HAL_Driver/Src/stm32f4xx_hal_dma.o
 .rodata.USBH_Driver
                0x000000000800ff84       0x14 FATFS/Target/usbh_diskio.o
                0x000000000800ff84                USBH_Driver
 .rodata.ExCvt  0x000000000800ff98       0x80 Middlewares/Third_Party/FatFs/src/ff.o
 .rodata._svfprintf_r.str1.1
                0x0000000008010018       0x11 c:/st/stm32cubeide_1.3.0/stm32cubeide/plugins/com.st.stm32cube.ide.mcu.externaltools.gnu-tools-for-stm32.7-2018-q2-update.win32_1.0.0.201904181610/tools/bin/../lib/gcc/arm-none-eabi/7.3.1/../../../../arm-none-eabi/lib/thumb/v7e-m/fpv4-sp/hard\libc_nano.a(lib_a-nano-svfprintf.o)
 .rodata._printf_i.str1.1
                0x0000000008010029       0x22 c:/st/stm32cubeide_1.3.0/stm32cubeide/plugins/com.st.stm32cube.ide.mcu.externaltools.gnu-tools-for-stm32.7-2018-q2-update.win32_1.0.0.201904181610/tools/bin/../lib/gcc/arm-none-eabi/7.3.1/../../../../arm-none-eabi/lib/thumb/v7e-m/fpv4-sp/hard\libc_nano.a(lib_a-nano-vfprintf_i.o)
                0x000000000801004c                . = ALIGN (0x4)
 *fill*         0x000000000801004b        0x1 

.ARM.extab      0x000000000801004c        0x0
                0x000000000801004c                . = ALIGN (0x4)
 *(.ARM.extab* .gnu.linkonce.armextab.*)
                0x000000000801004c                . = ALIGN (0x4)

.ARM            0x000000000801004c        0x8
                0x000000000801004c                . = ALIGN (0x4)
                0x000000000801004c                __exidx_start = .
 *(.ARM.exidx*)
 .ARM.exidx     0x000000000801004c        0x8 c:/st/stm32cubeide_1.3.0/stm32cubeide/plugins/com.st.stm32cube.ide.mcu.externaltools.gnu-tools-for-stm32.7-2018-q2-update.win32_1.0.0.201904181610/tools/bin/../lib/gcc/arm-none-eabi/7.3.1/thumb/v7e-m/fpv4-sp/hard\libgcc.a(_udivmoddi4.o)
                0x0000000008010054                __exidx_end = .
                0x0000000008010054                . = ALIGN (0x4)

.rel.dyn        0x0000000008010054        0x0
 .rel.iplt      0x0000000008010054        0x0 c:/st/stm32cubeide_1.3.0/stm32cubeide/plugins/com.st.stm32cube.ide.mcu.externaltools.gnu-tools-for-stm32.7-2018-q2-update.win32_1.0.0.201904181610/tools/bin/../lib/gcc/arm-none-eabi/7.3.1/thumb/v7e-m/fpv4-sp/hard/crtbegin.o

.preinit_array  0x0000000008010054        0x0
                0x0000000008010054                . = ALIGN (0x4)
                0x0000000008010054                PROVIDE (__preinit_array_start = .)
 *(.preinit_array*)
                0x0000000008010054                PROVIDE (__preinit_array_end = .)
                0x0000000008010054                . = ALIGN (0x4)

.init_array     0x0000000008010054        0x4
                0x0000000008010054                . = ALIGN (0x4)
                0x0000000008010054                PROVIDE (__init_array_start = .)
 *(SORT_BY_NAME(.init_array.*))
 *(.init_array*)
 .init_array    0x0000000008010054        0x4 c:/st/stm32cubeide_1.3.0/stm32cubeide/plugins/com.st.stm32cube.ide.mcu.externaltools.gnu-tools-for-stm32.7-2018-q2-update.win32_1.0.0.201904181610/tools/bin/../lib/gcc/arm-none-eabi/7.3.1/thumb/v7e-m/fpv4-sp/hard/crtbegin.o
                0x0000000008010058                PROVIDE (__init_array_end = .)
                0x0000000008010058                . = ALIGN (0x4)

.fini_array     0x0000000008010058        0x4
                0x0000000008010058                . = ALIGN (0x4)
                [!provide]                        PROVIDE (__fini_array_start = .)
 *(SORT_BY_NAME(.fini_array.*))
 *(.fini_array*)
 .fini_array    0x0000000008010058        0x4 c:/st/stm32cubeide_1.3.0/stm32cubeide/plugins/com.st.stm32cube.ide.mcu.externaltools.gnu-tools-for-stm32.7-2018-q2-update.win32_1.0.0.201904181610/tools/bin/../lib/gcc/arm-none-eabi/7.3.1/thumb/v7e-m/fpv4-sp/hard/crtbegin.o
                [!provide]                        PROVIDE (__fini_array_end = .)
                0x000000000801005c                . = ALIGN (0x4)
                0x000000000801005c                _sidata = LOADADDR (.data)

.data           0x0000000020000000       0xbc load address 0x000000000801005c
                0x0000000020000000                . = ALIGN (0x4)
                0x0000000020000000                _sdata = .
 *(.data)
 *(.data*)
 .data.old_selection
                0x0000000020000000        0x4 Core/Src/main.o
                0x0000000020000000                old_selection
 .data.step     0x0000000020000004        0x4 Core/Src/main.o
                0x0000000020000004                step
 .data.iter     0x0000000020000008        0x4 Core/Src/main.o
                0x0000000020000008                iter
 .data.queue    0x000000002000000c        0x6 Core/Src/main.o
                0x000000002000000c                queue
 *fill*         0x0000000020000012        0x2 
 .data.recipe_1
                0x0000000020000014        0x5 Core/Src/main.o
                0x0000000020000014                recipe_1
 *fill*         0x0000000020000019        0x3 
 .data.recipe_2
                0x000000002000001c        0x5 Core/Src/main.o
                0x000000002000001c                recipe_2
 *fill*         0x0000000020000021        0x3 
 .data.recipe_3
                0x0000000020000024        0x5 Core/Src/main.o
                0x0000000020000024                recipe_3
 *fill*         0x0000000020000029        0x3 
 .data.SystemCoreClock
                0x000000002000002c        0x4 Core/Src/system_stm32f4xx.o
                0x000000002000002c                SystemCoreClock
 .data.uwTickPrio
                0x0000000020000030        0x4 Drivers/STM32F4xx_HAL_Driver/Src/stm32f4xx_hal.o
                0x0000000020000030                uwTickPrio
 .data.uwTickFreq
                0x0000000020000034        0x1 Drivers/STM32F4xx_HAL_Driver/Src/stm32f4xx_hal.o
                0x0000000020000034                uwTickFreq
 *fill*         0x0000000020000035        0x3 
 .data.USBH_msc
                0x0000000020000038       0x20 Middlewares/ST/STM32_USB_Host_Library/Class/MSC/Src/usbh_msc.o
                0x0000000020000038                USBH_msc
 .data._impure_ptr
                0x0000000020000058        0x4 c:/st/stm32cubeide_1.3.0/stm32cubeide/plugins/com.st.stm32cube.ide.mcu.externaltools.gnu-tools-for-stm32.7-2018-q2-update.win32_1.0.0.201904181610/tools/bin/../lib/gcc/arm-none-eabi/7.3.1/../../../../arm-none-eabi/lib/thumb/v7e-m/fpv4-sp/hard\libc_nano.a(lib_a-impure.o)
                0x0000000020000058                _impure_ptr
 .data.impure_data
                0x000000002000005c       0x60 c:/st/stm32cubeide_1.3.0/stm32cubeide/plugins/com.st.stm32cube.ide.mcu.externaltools.gnu-tools-for-stm32.7-2018-q2-update.win32_1.0.0.201904181610/tools/bin/../lib/gcc/arm-none-eabi/7.3.1/../../../../arm-none-eabi/lib/thumb/v7e-m/fpv4-sp/hard\libc_nano.a(lib_a-impure.o)
                0x00000000200000bc                . = ALIGN (0x4)
                0x00000000200000bc                _edata = .

.igot.plt       0x00000000200000bc        0x0 load address 0x0000000008010118
 .igot.plt      0x00000000200000bc        0x0 c:/st/stm32cubeide_1.3.0/stm32cubeide/plugins/com.st.stm32cube.ide.mcu.externaltools.gnu-tools-for-stm32.7-2018-q2-update.win32_1.0.0.201904181610/tools/bin/../lib/gcc/arm-none-eabi/7.3.1/thumb/v7e-m/fpv4-sp/hard/crtbegin.o
                0x00000000200000bc                . = ALIGN (0x4)

.bss            0x00000000200000bc     0x209c load address 0x0000000008010118
                0x00000000200000bc                _sbss = .
                0x00000000200000bc                __bss_start__ = _sbss
 *(.bss)
 .bss           0x00000000200000bc       0x1c c:/st/stm32cubeide_1.3.0/stm32cubeide/plugins/com.st.stm32cube.ide.mcu.externaltools.gnu-tools-for-stm32.7-2018-q2-update.win32_1.0.0.201904181610/tools/bin/../lib/gcc/arm-none-eabi/7.3.1/thumb/v7e-m/fpv4-sp/hard/crtbegin.o
 *(.bss*)
 .bss.i2cx      0x00000000200000d8       0x54 Core/Src/MY_CS43L22.o
 .bss.hAudioI2S
                0x000000002000012c        0x4 Core/Src/audioI2S.o
 .bss.lcd16x2_i2cHandle
                0x0000000020000130        0x4 Core/Src/lcd16x2_i2c.o
 .bss.LCD_I2C_SLAVE_ADDRESS
                0x0000000020000134        0x1 Core/Src/lcd16x2_i2c.o
 *fill*         0x0000000020000135        0x3 
 .bss.duty      0x0000000020000138        0x4 Core/Src/main.o
                0x0000000020000138                duty
 .bss.confirm   0x000000002000013c        0x4 Core/Src/main.o
                0x000000002000013c                confirm
 .bss.selection
                0x0000000020000140        0x4 Core/Src/main.o
                0x0000000020000140                selection
 .bss.audio_flag
                0x0000000020000144        0x4 Core/Src/main.o
                0x0000000020000144                audio_flag
 .bss.time_pour
                0x0000000020000148        0x4 Core/Src/main.o
                0x0000000020000148                time_pour
 .bss.flag_endofroad
                0x000000002000014c        0x4 Core/Src/main.o
                0x000000002000014c                flag_endofroad
 .bss.flag_busy
                0x0000000020000150        0x4 Core/Src/main.o
                0x0000000020000150                flag_busy
 .bss.last_position
                0x0000000020000154        0x4 Core/Src/main.o
                0x0000000020000154                last_position
 .bss.recipe    0x0000000020000158        0x4 Core/Src/main.o
                0x0000000020000158                recipe
 .bss.in_progress
                0x000000002000015c        0x4 Core/Src/main.o
                0x000000002000015c                in_progress
 .bss.pour_position
                0x0000000020000160        0x4 Core/Src/main.o
                0x0000000020000160                pour_position
 .bss.heap_end.6424
                0x0000000020000164        0x4 Core/Src/sysmem.o
 .bss.wavFile   0x0000000020000168      0x230 Core/Src/wav_player.o
 .bss.fileLength
                0x0000000020000398        0x4 Core/Src/wav_player.o
 .bss.audioBuffer
                0x000000002000039c     0x1000 Core/Src/wav_player.o
 .bss.audioRemainSize
                0x000000002000139c        0x4 Core/Src/wav_player.o
 .bss.samplingFreq
                0x00000000200013a0        0x4 Core/Src/wav_player.o
 .bss.playerReadBytes
                0x00000000200013a4        0x4 Core/Src/wav_player.o
 .bss.isFinished
                0x00000000200013a8        0x1 Core/Src/wav_player.o
 .bss.playerControlSM
                0x00000000200013a9        0x1 Core/Src/wav_player.o
 *fill*         0x00000000200013aa        0x2 
 .bss.tmpreg.8650
                0x00000000200013ac        0x4 Drivers/STM32F4xx_HAL_Driver/Src/stm32f4xx_ll_usb.o
 .bss.FatFs     0x00000000200013b0        0x4 Middlewares/Third_Party/FatFs/src/ff.o
 .bss.Fsid      0x00000000200013b4        0x2 Middlewares/Third_Party/FatFs/src/ff.o
 *fill*         0x00000000200013b6        0x2 
 .bss.Files     0x00000000200013b8       0x20 Middlewares/Third_Party/FatFs/src/ff.o
 .bss.disk      0x00000000200013d8        0xc Middlewares/Third_Party/FatFs/src/ff_gen_drv.o
                0x00000000200013d8                disk
 .bss.Appli_state
                0x00000000200013e4        0x1 USB_HOST/App/usb_host.o
                0x00000000200013e4                Appli_state
 *fill*         0x00000000200013e5        0x3 
 .bss.__malloc_free_list
                0x00000000200013e8        0x4 c:/st/stm32cubeide_1.3.0/stm32cubeide/plugins/com.st.stm32cube.ide.mcu.externaltools.gnu-tools-for-stm32.7-2018-q2-update.win32_1.0.0.201904181610/tools/bin/../lib/gcc/arm-none-eabi/7.3.1/../../../../arm-none-eabi/lib/thumb/v7e-m/fpv4-sp/hard\libc_nano.a(lib_a-nano-mallocr.o)
                0x00000000200013e8                __malloc_free_list
 .bss.__malloc_sbrk_start