Archive member included to satisfy reference by file (symbol)

c:/st/stm32cubeide_1.3.0/stm32cubeide/plugins/com.st.stm32cube.ide.mcu.externaltools.gnu-tools-for-stm32.7-2018-q2-update.win32_1.0.0.201904181610/tools/bin/../lib/gcc/arm-none-eabi/7.3.1/../../../../arm-none-eabi/lib/thumb/v7e-m/fpv4-sp/hard\libc_nano.a(lib_a-errno.o)
                              Core/Src/syscalls.o (__errno)
c:/st/stm32cubeide_1.3.0/stm32cubeide/plugins/com.st.stm32cube.ide.mcu.externaltools.gnu-tools-for-stm32.7-2018-q2-update.win32_1.0.0.201904181610/tools/bin/../lib/gcc/arm-none-eabi/7.3.1/../../../../arm-none-eabi/lib/thumb/v7e-m/fpv4-sp/hard\libc_nano.a(lib_a-exit.o)
                              c:/st/stm32cubeide_1.3.0/stm32cubeide/plugins/com.st.stm32cube.ide.mcu.externaltools.gnu-tools-for-stm32.7-2018-q2-update.win32_1.0.0.201904181610/tools/bin/../lib/gcc/arm-none-eabi/7.3.1/../../../../arm-none-eabi/lib/thumb/v7e-m/fpv4-sp/hard/crt0.o (exit)
c:/st/stm32cubeide_1.3.0/stm32cubeide/plugins/com.st.stm32cube.ide.mcu.externaltools.gnu-tools-for-stm32.7-2018-q2-update.win32_1.0.0.201904181610/tools/bin/../lib/gcc/arm-none-eabi/7.3.1/../../../../arm-none-eabi/lib/thumb/v7e-m/fpv4-sp/hard\libc_nano.a(lib_a-impure.o)
                              c:/st/stm32cubeide_1.3.0/stm32cubeide/plugins/com.st.stm32cube.ide.mcu.externaltools.gnu-tools-for-stm32.7-2018-q2-update.win32_1.0.0.201904181610/tools/bin/../lib/gcc/arm-none-eabi/7.3.1/../../../../arm-none-eabi/lib/thumb/v7e-m/fpv4-sp/hard\libc_nano.a(lib_a-exit.o) (_global_impure_ptr)
c:/st/stm32cubeide_1.3.0/stm32cubeide/plugins/com.st.stm32cube.ide.mcu.externaltools.gnu-tools-for-stm32.7-2018-q2-update.win32_1.0.0.201904181610/tools/bin/../lib/gcc/arm-none-eabi/7.3.1/../../../../arm-none-eabi/lib/thumb/v7e-m/fpv4-sp/hard\libc_nano.a(lib_a-init.o)
                              c:/st/stm32cubeide_1.3.0/stm32cubeide/plugins/com.st.stm32cube.ide.mcu.externaltools.gnu-tools-for-stm32.7-2018-q2-update.win32_1.0.0.201904181610/tools/bin/../lib/gcc/arm-none-eabi/7.3.1/../../../../arm-none-eabi/lib/thumb/v7e-m/fpv4-sp/hard/crt0.o (__libc_init_array)
c:/st/stm32cubeide_1.3.0/stm32cubeide/plugins/com.st.stm32cube.ide.mcu.externaltools.gnu-tools-for-stm32.7-2018-q2-update.win32_1.0.0.201904181610/tools/bin/../lib/gcc/arm-none-eabi/7.3.1/../../../../arm-none-eabi/lib/thumb/v7e-m/fpv4-sp/hard\libc_nano.a(lib_a-malloc.o)
                              Middlewares/ST/STM32_USB_Host_Library/Class/MSC/Src/usbh_msc.o (malloc)
c:/st/stm32cubeide_1.3.0/stm32cubeide/plugins/com.st.stm32cube.ide.mcu.externaltools.gnu-tools-for-stm32.7-2018-q2-update.win32_1.0.0.201904181610/tools/bin/../lib/gcc/arm-none-eabi/7.3.1/../../../../arm-none-eabi/lib/thumb/v7e-m/fpv4-sp/hard\libc_nano.a(lib_a-memcpy-stub.o)
                              Core/Src/MY_CS43L22.o (memcpy)
c:/st/stm32cubeide_1.3.0/stm32cubeide/plugins/com.st.stm32cube.ide.mcu.externaltools.gnu-tools-for-stm32.7-2018-q2-update.win32_1.0.0.201904181610/tools/bin/../lib/gcc/arm-none-eabi/7.3.1/../../../../arm-none-eabi/lib/thumb/v7e-m/fpv4-sp/hard\libc_nano.a(lib_a-memset.o)
                              c:/st/stm32cubeide_1.3.0/stm32cubeide/plugins/com.st.stm32cube.ide.mcu.externaltools.gnu-tools-for-stm32.7-2018-q2-update.win32_1.0.0.201904181610/tools/bin/../lib/gcc/arm-none-eabi/7.3.1/../../../../arm-none-eabi/lib/thumb/v7e-m/fpv4-sp/hard/crt0.o (memset)
c:/st/stm32cubeide_1.3.0/stm32cubeide/plugins/com.st.stm32cube.ide.mcu.externaltools.gnu-tools-for-stm32.7-2018-q2-update.win32_1.0.0.201904181610/tools/bin/../lib/gcc/arm-none-eabi/7.3.1/../../../../arm-none-eabi/lib/thumb/v7e-m/fpv4-sp/hard\libc_nano.a(lib_a-nano-freer.o)
                              c:/st/stm32cubeide_1.3.0/stm32cubeide/plugins/com.st.stm32cube.ide.mcu.externaltools.gnu-tools-for-stm32.7-2018-q2-update.win32_1.0.0.201904181610/tools/bin/../lib/gcc/arm-none-eabi/7.3.1/../../../../arm-none-eabi/lib/thumb/v7e-m/fpv4-sp/hard\libc_nano.a(lib_a-malloc.o) (_free_r)
c:/st/stm32cubeide_1.3.0/stm32cubeide/plugins/com.st.stm32cube.ide.mcu.externaltools.gnu-tools-for-stm32.7-2018-q2-update.win32_1.0.0.201904181610/tools/bin/../lib/gcc/arm-none-eabi/7.3.1/../../../../arm-none-eabi/lib/thumb/v7e-m/fpv4-sp/hard\libc_nano.a(lib_a-nano-mallocr.o)
                              c:/st/stm32cubeide_1.3.0/stm32cubeide/plugins/com.st.stm32cube.ide.mcu.externaltools.gnu-tools-for-stm32.7-2018-q2-update.win32_1.0.0.201904181610/tools/bin/../lib/gcc/arm-none-eabi/7.3.1/../../../../arm-none-eabi/lib/thumb/v7e-m/fpv4-sp/hard\libc_nano.a(lib_a-malloc.o) (_malloc_r)
c:/st/stm32cubeide_1.3.0/stm32cubeide/plugins/com.st.stm32cube.ide.mcu.externaltools.gnu-tools-for-stm32.7-2018-q2-update.win32_1.0.0.201904181610/tools/bin/../lib/gcc/arm-none-eabi/7.3.1/../../../../arm-none-eabi/lib/thumb/v7e-m/fpv4-sp/hard\libc_nano.a(lib_a-sbrkr.o)
[...]
Memory Configuration

Name             Origin             Length             Attributes
RAM              0x0000000020000000 0x0000000000020000 xrw
FLASH            0x0000000008000000 0x0000000000080000 xr
*default*        0x0000000000000000 0xffffffffffffffff

Linker script and memory map

LOAD c:/st/stm32cubeide_1.3.0/stm32cubeide/plugins/com.st.stm32cube.ide.mcu.externaltools.gnu-tools-for-stm32.7-2018-q2-update.win32_1.0.0.201904181610/tools/bin/../lib/gcc/arm-none-eabi/7.3.1/thumb/v7e-m/fpv4-sp/hard/crti.o
LOAD c:/st/stm32cubeide_1.3.0/stm32cubeide/plugins/com.st.stm32cube.ide.mcu.externaltools.gnu-tools-for-stm32.7-2018-q2-update.win32_1.0.0.201904181610/tools/bin/../lib/gcc/arm-none-eabi/7.3.1/thumb/v7e-m/fpv4-sp/hard/crtbegin.o
LOAD c:/st/stm32cubeide_1.3.0/stm32cubeide/plugins/com.st.stm32cube.ide.mcu.externaltools.gnu-tools-for-stm32.7-2018-q2-update.win32_1.0.0.201904181610/tools/bin/../lib/gcc/arm-none-eabi/7.3.1/../../../../arm-none-eabi/lib/thumb/v7e-m/fpv4-sp/hard/crt0.o
LOAD Core/Src/MY_CS43L22.o
LOAD Core/Src/audioI2S.o
LOAD Core/Src/lcd16x2_i2c.o
LOAD Core/Src/main.o
LOAD Core/Src/stm32f4xx_hal_msp.o
LOAD Core/Src/stm32f4xx_it.o
LOAD Core/Src/syscalls.o
LOAD Core/Src/sysmem.o
LOAD Core/Src/system_stm32f4xx.o
LOAD Core/Src/wav_player.o
LOAD Core/Startup/startup_stm32f411vetx.o
LOAD Drivers/STM32F4xx_HAL_Driver/Src/stm32f4xx_hal.o
LOAD Drivers/STM32F4xx_HAL_Driver/Src/stm32f4xx_hal_cortex.o
LOAD Drivers/STM32F4xx_HAL_Driver/Src/stm32f4xx_hal_dma.o
LOAD Drivers/STM32F4xx_HAL_Driver/Src/stm32f4xx_hal_dma_ex.o
LOAD Drivers/STM32F4xx_HAL_Driver/Src/stm32f4xx_hal_exti.o
LOAD Drivers/STM32F4xx_HAL_Driver/Src/stm32f4xx_hal_flash.o
LOAD Drivers/STM32F4xx_HAL_Driver/Src/stm32f4xx_hal_flash_ex.o
LOAD Drivers/STM32F4xx_HAL_Driver/Src/stm32f4xx_hal_flash_ramfunc.o
LOAD Drivers/STM32F4xx_HAL_Driver/Src/stm32f4xx_hal_gpio.o
LOAD Drivers/STM32F4xx_HAL_Driver/Src/stm32f4xx_hal_hcd.o
LOAD Drivers/STM32F4xx_HAL_Driver/Src/stm32f4xx_hal_i2c.o
LOAD Drivers/STM32F4xx_HAL_Driver/Src/stm32f4xx_hal_i2c_ex.o
LOAD Drivers/STM32F4xx_HAL_Driver/Src/stm32f4xx_hal_i2s.o
LOAD Drivers/STM32F4xx_HAL_Driver/Src/stm32f4xx_hal_i2s_ex.o
LOAD Drivers/STM32F4xx_HAL_Driver/Src/stm32f4xx_hal_pwr.o
LOAD Drivers/STM32F4xx_HAL_Driver/Src/stm32f4xx_hal_pwr_ex.o
LOAD Drivers/STM32F4xx_HAL_Driver/Src/stm32f4xx_hal_rcc.o
LOAD Drivers/STM32F4xx_HAL_Driver/Src/stm32f4xx_hal_rcc_ex.o
LOAD Drivers/STM32F4xx_HAL_Driver/Src/stm32f4xx_hal_tim.o
LOAD Drivers/STM32F4xx_HAL_Driver/Src/stm32f4xx_hal_tim_ex.o
LOAD Drivers/STM32F4xx_HAL_Driver/Src/stm32f4xx_ll_usb.o
LOAD FATFS/App/fatfs.o
LOAD FATFS/Target/usbh_diskio.o
LOAD Middlewares/ST/STM32_USB_Host_Library/Class/MSC/Src/usbh_msc.o
LOAD Middlewares/ST/STM32_USB_Host_Library/Class/MSC/Src/usbh_msc_bot.o
LOAD Middlewares/ST/STM32_USB_Host_Library/Class/MSC/Src/usbh_msc_scsi.o
LOAD Middlewares/ST/STM32_USB_Host_Library/Core/Src/usbh_core.o
LOAD Middlewares/ST/STM32_USB_Host_Library/Core/Src/usbh_ctlreq.o
LOAD Middlewares/ST/STM32_USB_Host_Library/Core/Src/usbh_ioreq.o
LOAD Middlewares/ST/STM32_USB_Host_Library/Core/Src/usbh_pipes.o
LOAD Middlewares/Third_Party/FatFs/src/diskio.o
LOAD Middlewares/Third_Party/FatFs/src/ff.o
LOAD Middlewares/Third_Party/FatFs/src/ff_gen_drv.o
LOAD Middlewares/Third_Party/FatFs/src/option/syscall.o
LOAD USB_HOST/App/usb_host.o
LOAD USB_HOST/Target/usbh_conf.o
LOAD USB_HOST/Target/usbh_platform.o
START GROUP
LOAD c:/st/stm32cubeide_1.3.0/stm32cubeide/plugins/com.st.stm32cube.ide.mcu.externaltools.gnu-tools-for-stm32.7-2018-q2-update.win32_1.0.0.201904181610/tools/bin/../lib/gcc/arm-none-eabi/7.3.1/../../../../arm-none-eabi/lib/thumb/v7e-m/fpv4-sp/hard\libc_nano.a
LOAD c:/st/stm32cubeide_1.3.0/stm32cubeide/plugins/com.st.stm32cube.ide.mcu.externaltools.gnu-tools-for-stm32.7-2018-q2-update.win32_1.0.0.201904181610/tools/bin/../lib/gcc/arm-none-eabi/7.3.1/../../../../arm-none-eabi/lib/thumb/v7e-m/fpv4-sp/hard\libm.a
END GROUP
START GROUP
LOAD c:/st/stm32cubeide_1.3.0/stm32cubeide/plugins/com.st.stm32cube.ide.mcu.externaltools.gnu-tools-for-stm32.7-2018-q2-update.win32_1.0.0.201904181610/tools/bin/../lib/gcc/arm-none-eabi/7.3.1/thumb/v7e-m/fpv4-sp/hard\libgcc.a
LOAD c:/st/stm32cubeide_1.3.0/stm32cubeide/plugins/com.st.stm32cube.ide.mcu.externaltools.gnu-tools-for-stm32.7-2018-q2-update.win32_1.0.0.201904181610/tools/bin/../lib/gcc/arm-none-eabi/7.3.1/../../../../arm-none-eabi/lib/thumb/v7e-m/fpv4-sp/hard\libc_nano.a
END GROUP
START GROUP
LOAD c:/st/stm32cubeide_1.3.0/stm32cubeide/plugins/com.st.stm32cube.ide.mcu.externaltools.gnu-tools-for-stm32.7-2018-q2-update.win32_1.0.0.201904181610/tools/bin/../lib/gcc/arm-none-eabi/7.3.1/thumb/v7e-m/fpv4-sp/hard\libgcc.a
LOAD c:/st/stm32cubeide_1.3.0/stm32cubeide/plugins/com.st.stm32cube.ide.mcu.externaltools.gnu-tools-for-stm32.7-2018-q2-update.win32_1.0.0.201904181610/tools/bin/../lib/gcc/arm-none-eabi/7.3.1/../../../../arm-none-eabi/lib/thumb/v7e-m/fpv4-sp/hard\libc_nano.a
LOAD c:/st/stm32cubeide_1.3.0/stm32cubeide/plugins/com.st.stm32cube.ide.mcu.externaltools.gnu-tools-for-stm32.7-2018-q2-update.win32_1.0.0.201904181610/tools/bin/../lib/gcc/arm-none-eabi/7.3.1/../../../../arm-none-eabi/lib/thumb/v7e-m/fpv4-sp/hard\libnosys.a
END GROUP
START GROUP
LOAD c:/st/stm32cubeide_1.3.0/stm32cubeide/plugins/com.st.stm32cube.ide.mcu.externaltools.gnu-tools-for-stm32.7-2018-q2-update.win32_1.0.0.201904181610/tools/bin/../lib/gcc/arm-none-eabi/7.3.1/thumb/v7e-m/fpv4-sp/hard\libgcc.a
LOAD c:/st/stm32cubeide_1.3.0/stm32cubeide/plugins/com.st.stm32cube.ide.mcu.externaltools.gnu-tools-for-stm32.7-2018-q2-update.win32_1.0.0.201904181610/tools/bin/../lib/gcc/arm-none-eabi/7.3.1/../../../../arm-none-eabi/lib/thumb/v7e-m/fpv4-sp/hard\libc_nano.a
LOAD c:/st/stm32cubeide_1.3.0/stm32cubeide/plugins/com.st.stm32cube.ide.mcu.externaltools.gnu-tools-for-stm32.7-2018-q2-update.win32_1.0.0.201904181610/tools/bin/../lib/gcc/arm-none-eabi/7.3.1/../../../../arm-none-eabi/lib/thumb/v7e-m/fpv4-sp/hard\libnosys.a
END GROUP
LOAD c:/st/stm32cubeide_1.3.0/stm32cubeide/plugins/com.st.stm32cube.ide.mcu.externaltools.gnu-tools-for-stm32.7-2018-q2-update.win32_1.0.0.201904181610/tools/bin/../lib/gcc/arm-none-eabi/7.3.1/thumb/v7e-m/fpv4-sp/hard/crtend.o
LOAD c:/st/stm32cubeide_1.3.0/stm32cubeide/plugins/com.st.stm32cube.ide.mcu.externaltools.gnu-tools-for-stm32.7-2018-q2-update.win32_1.0.0.201904181610/tools/bin/../lib/gcc/arm-none-eabi/7.3.1/thumb/v7e-m/fpv4-sp/hard/crtn.o
                0x0000000020020000                _estack = (ORIGIN (RAM) + LENGTH (RAM))
                0x0000000000002000                _Min_Heap_Size = 0x2000
                0x0000000000002000                _Min_Stack_Size = 0x2000

.isr_vector     0x0000000008000000      0x198
                0x0000000008000000                . = ALIGN (0x4)
 *(.isr_vector)
 .isr_vector    0x0000000008000000      0x198 Core/Startup/startup_stm32f411vetx.o
                0x0000000008000000                g_pfnVectors
                0x0000000008000198                . = ALIGN (0x4)

.text           0x0000000008000198     0xe10c
                0x0000000008000198                . = ALIGN (0x4)
 *(.text)
 .text          0x0000000008000198       0x40 c:/st/stm32cubeide_1.3.0/stm32cubeide/plugins/com.st.stm32cube.ide.mcu.externaltools.gnu-tools-for-stm32.7-2018-q2-update.win32_1.0.0.201904181610/tools/bin/../lib/gcc/arm-none-eabi/7.3.1/thumb/v7e-m/fpv4-sp/hard/crtbegin.o
 .text          0x00000000080001d8       0x30 c:/st/stm32cubeide_1.3.0/stm32cubeide/plugins/com.st.stm32cube.ide.mcu.externaltools.gnu-tools-for-stm32.7-2018-q2-update.win32_1.0.0.201904181610/tools/bin/../lib/gcc/arm-none-eabi/7.3.1/thumb/v7e-m/fpv4-sp/hard\libgcc.a(_aeabi_uldivmod.o)
                0x00000000080001d8                __aeabi_uldivmod
 .text          0x0000000008000208      0x2cc c:/st/stm32cubeide_1.3.0/stm32cubeide/plugins/com.st.stm32cube.ide.mcu.externaltools.gnu-tools-for-stm32.7-2018-q2-update.win32_1.0.0.201904181610/tools/bin/../lib/gcc/arm-none-eabi/7.3.1/thumb/v7e-m/fpv4-sp/hard\libgcc.a(_udivmoddi4.o)
                0x0000000008000208                __udivmoddi4
 .text          0x00000000080004d4        0x4 c:/st/stm32cubeide_1.3.0/stm32cubeide/plugins/com.st.stm32cube.ide.mcu.externaltools.gnu-tools-for-stm32.7-2018-q2-update.win32_1.0.0.201904181610/tools/bin/../lib/gcc/arm-none-eabi/7.3.1/thumb/v7e-m/fpv4-sp/hard\libgcc.a(_dvmd_tls.o)
                0x00000000080004d4                __aeabi_idiv0
                0x00000000080004d4                __aeabi_ldiv0
 *(.text*)
 .text.write_register
                0x00000000080004d8       0x34 Core/Src/MY_CS43L22.o
 .text.read_register
                0x000000000800050c       0x40 Core/Src/MY_CS43L22.o
 .text.CS43_Init
                0x000000000800054c      0x20c Core/Src/MY_CS43L22.o
                0x000000000800054c                CS43_Init
 .text.CS43_Enable_RightLeft
                0x0000000008000758       0x94 Core/Src/MY_CS43L22.o
                0x0000000008000758                CS43_Enable_RightLeft
 .text.CS43_SetVolume
                0x00000000080007ec       0x36 Core/Src/MY_CS43L22.o
                0x00000000080007ec                CS43_SetVolume
 .text.CS43_SetMute
                0x0000000008000822       0x7e Core/Src/MY_CS43L22.o
                0x0000000008000822                CS43_SetMute
 .text.CS43_Start
                0x00000000080008a0       0x98 Core/Src/MY_CS43L22.o
                0x00000000080008a0                CS43_Start
 .text.audioI2S_pllClockConfig
                0x0000000008000938       0xb0 Core/Src/audioI2S.o
 .text.I2S3_freqUpdate
                0x00000000080009e8       0x88 Core/Src/audioI2S.o
 .text.audioI2S_setHandle
                0x0000000008000a70       0x20 Core/Src/audioI2S.o
                0x0000000008000a70                audioI2S_setHandle
 .text.audioI2S_init
                0x0000000008000a90       0x1e Core/Src/audioI2S.o
                0x0000000008000a90                audioI2S_init
 *fill*         0x0000000008000aae        0x2 
 .text.audioI2S_play
                0x0000000008000ab0       0x3c Core/Src/audioI2S.o
                0x0000000008000ab0                audioI2S_play
 .text.HAL_I2S_TxCpltCallback
                0x0000000008000aec       0x24 Core/Src/audioI2S.o
                0x0000000008000aec                HAL_I2S_TxCpltCallback
 .text.HAL_I2S_TxHalfCpltCallback
                0x0000000008000b10       0x24 Core/Src/audioI2S.o
                0x0000000008000b10                HAL_I2S_TxHalfCpltCallback
 .text.main     0x0000000008000b34      0x118 Core/Src/main.o
                0x0000000008000b34                main
 .text.SystemClock_Config
                0x0000000008000c4c      0x108 Core/Src/main.o
                0x0000000008000c4c                SystemClock_Config
 .text.MX_I2C1_Init
                0x0000000008000d54       0x5c Core/Src/main.o
 .text.MX_I2C2_Init
                0x0000000008000db0       0x5c Core/Src/main.o
 .text.MX_I2S3_Init
                0x0000000008000e0c       0x5c Core/Src/main.o
 .text.MX_TIM4_Init
                0x0000000008000e68       0x9c Core/Src/main.o
 .text.MX_TIM5_Init
                0x0000000008000f04       0xe0 Core/Src/main.o
 .text.MX_TIM10_Init
                0x0000000008000fe4       0x48 Core/Src/main.o
 .text.MX_DMA_Init
                0x000000000800102c       0x40 Core/Src/main.o
 .text.MX_GPIO_Init
                0x000000000800106c      0x1d8 Core/Src/main.o
 .text.Error_Handler
                0x0000000008001244        0xe Core/Src/main.o
                0x0000000008001244                Error_Handler
 *fill*         0x0000000008001252        0x2 
 .text.HAL_MspInit
                0x0000000008001254       0x50 Core/Src/stm32f4xx_hal_msp.o
                0x0000000008001254                HAL_MspInit
 .text.HAL_I2C_MspInit
                0x00000000080012a4      0x11c Core/Src/stm32f4xx_hal_msp.o
                0x00000000080012a4                HAL_I2C_MspInit
 .text.HAL_I2S_MspInit
                0x00000000080013c0      0x14c Core/Src/stm32f4xx_hal_msp.o
                0x00000000080013c0                HAL_I2S_MspInit
 .text.HAL_TIM_Base_MspInit
                0x000000000800150c       0x8c Core/Src/stm32f4xx_hal_msp.o
                0x000000000800150c                HAL_TIM_Base_MspInit
 .text.HAL_TIM_PWM_MspInit
                0x0000000008001598       0x44 Core/Src/stm32f4xx_hal_msp.o
                0x0000000008001598                HAL_TIM_PWM_MspInit
 .text.HAL_TIM_MspPostInit
                0x00000000080015dc       0x74 Core/Src/stm32f4xx_hal_msp.o
                0x00000000080015dc                HAL_TIM_MspPostInit
 .text.NMI_Handler
                0x0000000008001650        0xe Core/Src/stm32f4xx_it.o
                0x0000000008001650                NMI_Handler
 .text.HardFault_Handler
                0x000000000800165e        0x6 Core/Src/stm32f4xx_it.o
                0x000000000800165e                HardFault_Handler
 .text.MemManage_Handler
                0x0000000008001664        0x6 Core/Src/stm32f4xx_it.o
                0x0000000008001664                MemManage_Handler
 .text.BusFault_Handler
                0x000000000800166a        0x6 Core/Src/stm32f4xx_it.o
                0x000000000800166a                BusFault_Handler
 .text.UsageFault_Handler
                0x0000000008001670        0x6 Core/Src/stm32f4xx_it.o
                0x0000000008001670                UsageFault_Handler
 .text.SVC_Handler
                0x0000000008001676        0xe Core/Src/stm32f4xx_it.o
                0x0000000008001676                SVC_Handler
 .text.DebugMon_Handler
                0x0000000008001684        0xe Core/Src/stm32f4xx_it.o
                0x0000000008001684                DebugMon_Handler
 .text.PendSV_Handler
                0x0000000008001692        0xe Core/Src/stm32f4xx_it.o
                0x0000000008001692                PendSV_Handler
 .text.SysTick_Handler
                0x00000000080016a0        0xc Core/Src/stm32f4xx_it.o
                0x00000000080016a0                SysTick_Handler
 .text.EXTI1_IRQHandler
                0x00000000080016ac        0xe Core/Src/stm32f4xx_it.o
                0x00000000080016ac                EXTI1_IRQHandler
 .text.EXTI3_IRQHandler
                0x00000000080016ba        0xe Core/Src/stm32f4xx_it.o
                0x00000000080016ba                EXTI3_IRQHandler
 .text.DMA1_Stream5_IRQHandler
                0x00000000080016c8       0x14 Core/Src/stm32f4xx_it.o
                0x00000000080016c8                DMA1_Stream5_IRQHandler
 .text.EXTI9_5_IRQHandler
                0x00000000080016dc        0xe Core/Src/stm32f4xx_it.o
                0x00000000080016dc                EXTI9_5_IRQHandler
 *fill*         0x00000000080016ea        0x2 
 .text.TIM1_UP_TIM10_IRQHandler
                0x00000000080016ec       0x14 Core/Src/stm32f4xx_it.o
                0x00000000080016ec                TIM1_UP_TIM10_IRQHandler
 .text.TIM4_IRQHandler
                0x0000000008001700       0x14 Core/Src/stm32f4xx_it.o
                0x0000000008001700                TIM4_IRQHandler
 .text.OTG_FS_IRQHandler
                0x0000000008001714       0x14 Core/Src/stm32f4xx_it.o
                0x0000000008001714                OTG_FS_IRQHandler
 .text._sbrk    0x0000000008001728       0x58 Core/Src/sysmem.o
                0x0000000008001728                _sbrk
 .text.SystemInit
                0x0000000008001780       0x2c Core/Src/system_stm32f4xx.o
                0x0000000008001780                SystemInit
 .text.wavPlayer_reset
                0x00000000080017ac       0x24 Core/Src/wav_player.o
 .text.wavPlayer_fileSelect
                0x00000000080017d0       0x54 Core/Src/wav_player.o
                0x00000000080017d0                wavPlayer_fileSelect
 .text.wavPlayer_play
                0x0000000008001824       0x64 Core/Src/wav_player.o
                0x0000000008001824                wavPlayer_play
 .text.wavPlayer_process
                0x0000000008001888       0xe4 Core/Src/wav_player.o
                0x0000000008001888                wavPlayer_process
 .text.audioI2S_halfTransfer_Callback
                0x000000000800196c       0x18 Core/Src/wav_player.o
                0x000000000800196c                audioI2S_halfTransfer_Callback
 .text.audioI2S_fullTransfer_Callback
                0x0000000008001984       0x18 Core/Src/wav_player.o
                0x0000000008001984                audioI2S_fullTransfer_Callback
 .text.Reset_Handler
                0x000000000800199c       0x50 Core/Startup/startup_stm32f411vetx.o
                0x000000000800199c                Reset_Handler
 .text.Default_Handler
                0x00000000080019ec        0x2 Core/Startup/startup_stm32f411vetx.o
                0x00000000080019ec                RTC_Alarm_IRQHandler
                0x00000000080019ec                EXTI2_IRQHandler
                0x00000000080019ec                SPI4_IRQHandler
                0x00000000080019ec                TIM1_CC_IRQHandler
                0x00000000080019ec                DMA2_Stream5_IRQHandler
                0x00000000080019ec                PVD_IRQHandler
                0x00000000080019ec                SDIO_IRQHandler
                0x00000000080019ec                TAMP_STAMP_IRQHandler
                0x00000000080019ec                I2C3_ER_IRQHandler
                0x00000000080019ec                EXTI0_IRQHandler
                0x00000000080019ec                I2C2_EV_IRQHandler
                0x00000000080019ec                DMA1_Stream2_IRQHandler
                0x00000000080019ec                FPU_IRQHandler
                0x00000000080019ec                DMA2_Stream2_IRQHandler
                0x00000000080019ec                SPI1_IRQHandler
                0x00000000080019ec                TIM1_BRK_TIM9_IRQHandler
                0x00000000080019ec                DMA2_Stream3_IRQHandler
                0x00000000080019ec                USART6_IRQHandler
                0x00000000080019ec                DMA2_Stream0_IRQHandler
                0x00000000080019ec                I2C1_EV_IRQHandler
                0x00000000080019ec                DMA1_Stream6_IRQHandler
                0x00000000080019ec                DMA1_Stream1_IRQHandler
                0x00000000080019ec                TIM3_IRQHandler
                0x00000000080019ec                RCC_IRQHandler
                0x00000000080019ec                Default_Handler
                0x00000000080019ec                EXTI15_10_IRQHandler
                0x00000000080019ec                ADC_IRQHandler
                0x00000000080019ec                DMA1_Stream7_IRQHandler
                0x00000000080019ec                SPI5_IRQHandler
                0x00000000080019ec                TIM5_IRQHandler
                0x00000000080019ec                DMA2_Stream7_IRQHandler
                0x00000000080019ec                I2C3_EV_IRQHandler
                0x00000000080019ec                RTC_WKUP_IRQHandler
                0x00000000080019ec                SPI2_IRQHandler
                0x00000000080019ec                DMA1_Stream0_IRQHandler
                0x00000000080019ec                EXTI4_IRQHandler
                0x00000000080019ec                WWDG_IRQHandler
                0x00000000080019ec                TIM2_IRQHandler
                0x00000000080019ec                OTG_FS_WKUP_IRQHandler
                0x00000000080019ec                TIM1_TRG_COM_TIM11_IRQHandler
                0x00000000080019ec                USART2_IRQHandler
                0x00000000080019ec                I2C2_ER_IRQHandler
                0x00000000080019ec                DMA2_Stream1_IRQHandler
                0x00000000080019ec                FLASH_IRQHandler
                0x00000000080019ec                DMA2_Stream4_IRQHandler
                0x00000000080019ec                USART1_IRQHandler
                0x00000000080019ec                SPI3_IRQHandler
                0x00000000080019ec                DMA1_Stream4_IRQHandler
                0x00000000080019ec                I2C1_ER_IRQHandler
                0x00000000080019ec                DMA2_Stream6_IRQHandler
                0x00000000080019ec                DMA1_Stream3_IRQHandler
 *fill*         0x00000000080019ee        0x2 
 .text.HAL_Init
                0x00000000080019f0       0x44 Drivers/STM32F4xx_HAL_Driver/Src/stm32f4xx_hal.o
                0x00000000080019f0                HAL_Init
 .text.HAL_InitTick
                0x0000000008001a34       0x60 Drivers/STM32F4xx_HAL_Driver/Src/stm32f4xx_hal.o
                0x0000000008001a34                HAL_InitTick
 .text.HAL_IncTick
                0x0000000008001a94       0x28 Drivers/STM32F4xx_HAL_Driver/Src/stm32f4xx_hal.o
                0x0000000008001a94                HAL_IncTick
 .text.HAL_GetTick
                0x0000000008001abc       0x18 Drivers/STM32F4xx_HAL_Driver/Src/stm32f4xx_hal.o
                0x0000000008001abc                HAL_GetTick
 .text.HAL_Delay
                0x0000000008001ad4       0x44 Drivers/STM32F4xx_HAL_Driver/Src/stm32f4xx_hal.o
                0x0000000008001ad4                HAL_Delay
 .text.__NVIC_SetPriorityGrouping
                0x0000000008001b18       0x48 Drivers/STM32F4xx_HAL_Driver/Src/stm32f4xx_hal_cortex.o
 .text.__NVIC_GetPriorityGrouping
                0x0000000008001b60       0x1c Drivers/STM32F4xx_HAL_Driver/Src/stm32f4xx_hal_cortex.o
 .text.__NVIC_EnableIRQ
                0x0000000008001b7c       0x3c Drivers/STM32F4xx_HAL_Driver/Src/stm32f4xx_hal_cortex.o
 .text.__NVIC_SetPriority
                0x0000000008001bb8       0x54 Drivers/STM32F4xx_HAL_Driver/Src/stm32f4xx_hal_cortex.o
 .text.NVIC_EncodePriority
                0x0000000008001c0c       0x66 Drivers/STM32F4xx_HAL_Driver/Src/stm32f4xx_hal_cortex.o
 *fill*         0x0000000008001c72        0x2 
 .text.SysTick_Config
                0x0000000008001c74       0x44 Drivers/STM32F4xx_HAL_Driver/Src/stm32f4xx_hal_cortex.o
 .text.HAL_NVIC_SetPriorityGrouping
                0x0000000008001cb8       0x16 Drivers/STM32F4xx_HAL_Driver/Src/stm32f4xx_hal_cortex.o
                0x0000000008001cb8                HAL_NVIC_SetPriorityGrouping
 .text.HAL_NVIC_SetPriority
                0x0000000008001cce       0x38 Drivers/STM32F4xx_HAL_Driver/Src/stm32f4xx_hal_cortex.o
                0x0000000008001cce                HAL_NVIC_SetPriority
 .text.HAL_NVIC_EnableIRQ
                0x0000000008001d06       0x1c Drivers/STM32F4xx_HAL_Driver/Src/stm32f4xx_hal_cortex.o
                0x0000000008001d06                HAL_NVIC_EnableIRQ
 .text.HAL_SYSTICK_Config
                0x0000000008001d22       0x18 Drivers/STM32F4xx_HAL_Driver/Src/stm32f4xx_hal_cortex.o
                0x0000000008001d22                HAL_SYSTICK_Config
 *fill*         0x0000000008001d3a        0x2 
 .text.HAL_DMA_Init
                0x0000000008001d3c      0x15c Drivers/STM32F4xx_HAL_Driver/Src/stm32f4xx_hal_dma.o
                0x0000000008001d3c                HAL_DMA_Init
 .text.HAL_DMA_Start_IT
                0x0000000008001e98       0xb0 Drivers/STM32F4xx_HAL_Driver/Src/stm32f4xx_hal_dma.o
                0x0000000008001e98                HAL_DMA_Start_IT
 .text.HAL_DMA_IRQHandler
                0x0000000008001f48      0x314 Drivers/STM32F4xx_HAL_Driver/Src/stm32f4xx_hal_dma.o
                0x0000000008001f48                HAL_DMA_IRQHandler
 .text.DMA_SetConfig
                0x000000000800225c       0x5c Drivers/STM32F4xx_HAL_Driver/Src/stm32f4xx_hal_dma.o
 .text.DMA_CalcBaseAndBitshift
                0x00000000080022b8       0x6c Drivers/STM32F4xx_HAL_Driver/Src/stm32f4xx_hal_dma.o
 .text.DMA_CheckFifoParam
                0x0000000008002324       0xf4 Drivers/STM32F4xx_HAL_Driver/Src/stm32f4xx_hal_dma.o
 .text.HAL_GPIO_Init
                0x0000000008002418      0x304 Drivers/STM32F4xx_HAL_Driver/Src/stm32f4xx_hal_gpio.o
                0x0000000008002418                HAL_GPIO_Init
 .text.HAL_GPIO_ReadPin
                0x000000000800271c       0x30 Drivers/STM32F4xx_HAL_Driver/Src/stm32f4xx_hal_gpio.o
                0x000000000800271c                HAL_GPIO_ReadPin
 .text.HAL_GPIO_WritePin
                0x000000000800274c       0x32 Drivers/STM32F4xx_HAL_Driver/Src/stm32f4xx_hal_gpio.o
                0x000000000800274c                HAL_GPIO_WritePin
 *fill*         0x000000000800277e        0x2 
 .text.HAL_GPIO_EXTI_IRQHandler
                0x0000000008002780       0x30 Drivers/STM32F4xx_HAL_Driver/Src/stm32f4xx_hal_gpio.o
                0x0000000008002780                HAL_GPIO_EXTI_IRQHandler
 .text.HAL_GPIO_EXTI_Callback
                0x00000000080027b0       0x16 Drivers/STM32F4xx_HAL_Driver/Src/stm32f4xx_hal_gpio.o
                0x00000000080027b0                HAL_GPIO_EXTI_Callback
 .text.HAL_HCD_Init
                0x00000000080027c6       0xc4 Drivers/STM32F4xx_HAL_Driver/Src/stm32f4xx_hal_hcd.o
                0x00000000080027c6                HAL_HCD_Init
 .text.HAL_HCD_HC_Init
                0x000000000800288a      0x130 Drivers/STM32F4xx_HAL_Driver/Src/stm32f4xx_hal_hcd.o
                0x000000000800288a                HAL_HCD_HC_Init
 .text.HAL_HCD_HC_Halt
                0x00000000080029ba       0x46 Drivers/STM32F4xx_HAL_Driver/Src/stm32f4xx_hal_hcd.o
                0x00000000080029ba                HAL_HCD_HC_Halt
 .text.HAL_HCD_HC_SubmitRequest
                0x0000000008002a00      0x2e4 Drivers/STM32F4xx_HAL_Driver/Src/stm32f4xx_hal_hcd.o
                0x0000000008002a00                HAL_HCD_HC_SubmitRequest
 .text.HAL_HCD_IRQHandler
                0x0000000008002ce4      0x208 Drivers/STM32F4xx_HAL_Driver/Src/stm32f4xx_hal_hcd.o
                0x0000000008002ce4                HAL_HCD_IRQHandler
 .text.HAL_HCD_Start
                0x0000000008002eec       0x46 Drivers/STM32F4xx_HAL_Driver/Src/stm32f4xx_hal_hcd.o
                0x0000000008002eec                HAL_HCD_Start
 .text.HAL_HCD_Stop
                0x0000000008002f32       0x3a Drivers/STM32F4xx_HAL_Driver/Src/stm32f4xx_hal_hcd.o
                0x0000000008002f32                HAL_HCD_Stop
 .text.HAL_HCD_ResetPort
                0x0000000008002f6c       0x1c Drivers/STM32F4xx_HAL_Driver/Src/stm32f4xx_hal_hcd.o
                0x0000000008002f6c                HAL_HCD_ResetPort
 .text.HAL_HCD_HC_GetURBState
                0x0000000008002f88       0x2a Drivers/STM32F4xx_HAL_Driver/Src/stm32f4xx_hal_hcd.o
                0x0000000008002f88                HAL_HCD_HC_GetURBState
 .text.HAL_HCD_HC_GetXferCount
                0x0000000008002fb2       0x2a Drivers/STM32F4xx_HAL_Driver/Src/stm32f4xx_hal_hcd.o
                0x0000000008002fb2                HAL_HCD_HC_GetXferCount
 .text.HAL_HCD_GetCurrentFrame
                0x0000000008002fdc       0x1c Drivers/STM32F4xx_HAL_Driver/Src/stm32f4xx_hal_hcd.o
                0x0000000008002fdc                HAL_HCD_GetCurrentFrame
 .text.HAL_HCD_GetCurrentSpeed
                0x0000000008002ff8       0x1c Drivers/STM32F4xx_HAL_Driver/Src/stm32f4xx_hal_hcd.o
                0x0000000008002ff8                HAL_HCD_GetCurrentSpeed
 .text.HCD_HC_IN_IRQHandler
                0x0000000008003014      0x86a Drivers/STM32F4xx_HAL_Driver/Src/stm32f4xx_hal_hcd.o
 .text.HCD_HC_OUT_IRQHandler
                0x000000000800387e      0x6ea Drivers/STM32F4xx_HAL_Driver/Src/stm32f4xx_hal_hcd.o
 .text.HCD_RXQLVL_IRQHandler
                0x0000000008003f68      0x158 Drivers/STM32F4xx_HAL_Driver/Src/stm32f4xx_hal_hcd.o
 .text.HCD_Port_IRQHandler
                0x00000000080040c0       0xe6 Drivers/STM32F4xx_HAL_Driver/Src/stm32f4xx_hal_hcd.o
 *fill*         0x00000000080041a6        0x2 
 .text.HAL_I2C_Init
                0x00000000080041a8      0x270 Drivers/STM32F4xx_HAL_Driver/Src/stm32f4xx_hal_i2c.o
                0x00000000080041a8                HAL_I2C_Init
 .text.HAL_I2C_Master_Transmit
                0x0000000008004418      0x1fc Drivers/STM32F4xx_HAL_Driver/Src/stm32f4xx_hal_i2c.o
                0x0000000008004418                HAL_I2C_Master_Transmit
 .text.HAL_I2C_Master_Receive
                0x0000000008004614      0x44c Drivers/STM32F4xx_HAL_Driver/Src/stm32f4xx_hal_i2c.o
                0x0000000008004614                HAL_I2C_Master_Receive
 .text.I2C_MasterRequestWrite
                0x0000000008004a60      0x104 Drivers/STM32F4xx_HAL_Driver/Src/stm32f4xx_hal_i2c.o
 .text.I2C_MasterRequestRead
                0x0000000008004b64      0x198 Drivers/STM32F4xx_HAL_Driver/Src/stm32f4xx_hal_i2c.o
 .text.I2C_WaitOnFlagUntilTimeout
                0x0000000008004cfc       0xae Drivers/STM32F4xx_HAL_Driver/Src/stm32f4xx_hal_i2c.o
 .text.I2C_WaitOnMasterAddressFlagUntilTimeout
                0x0000000008004daa       0xfe Drivers/STM32F4xx_HAL_Driver/Src/stm32f4xx_hal_i2c.o
 .text.I2C_WaitOnTXEFlagUntilTimeout
                0x0000000008004ea8       0x82 Drivers/STM32F4xx_HAL_Driver/Src/stm32f4xx_hal_i2c.o
 .text.I2C_WaitOnBTFFlagUntilTimeout
                0x0000000008004f2a       0x82 Drivers/STM32F4xx_HAL_Driver/Src/stm32f4xx_hal_i2c.o
 .text.I2C_WaitOnRXNEFlagUntilTimeout
                0x0000000008004fac       0xac Drivers/STM32F4xx_HAL_Driver/Src/stm32f4xx_hal_i2c.o
 .text.I2C_IsAcknowledgeFailed
                0x0000000008005058       0x5e Drivers/STM32F4xx_HAL_Driver/Src/stm32f4xx_hal_i2c.o
 *fill*         0x00000000080050b6        0x2 
 .text.HAL_I2S_Init
                0x00000000080050b8      0x280 Drivers/STM32F4xx_HAL_Driver/Src/stm32f4xx_hal_i2s.o
                0x00000000080050b8                HAL_I2S_Init
 .text.HAL_I2S_Transmit_DMA
                0x0000000008005338      0x150 Drivers/STM32F4xx_HAL_Driver/Src/stm32f4xx_hal_i2s.o
                0x0000000008005338                HAL_I2S_Transmit_DMA
 .text.HAL_I2S_RxCpltCallback
                0x0000000008005488       0x14 Drivers/STM32F4xx_HAL_Driver/Src/stm32f4xx_hal_i2s.o
                0x0000000008005488                HAL_I2S_RxCpltCallback
 .text.HAL_I2S_ErrorCallback
                0x000000000800549c       0x14 Drivers/STM32F4xx_HAL_Driver/Src/stm32f4xx_hal_i2s.o
                0x000000000800549c                HAL_I2S_ErrorCallback
 .text.I2S_DMATxCplt
                0x00000000080054b0       0x42 Drivers/STM32F4xx_HAL_Driver/Src/stm32f4xx_hal_i2s.o
 .text.I2S_DMATxHalfCplt
                0x00000000080054f2       0x1c Drivers/STM32F4xx_HAL_Driver/Src/stm32f4xx_hal_i2s.o
 .text.I2S_DMAError
                0x000000000800550e       0x4c Drivers/STM32F4xx_HAL_Driver/Src/stm32f4xx_hal_i2s.o
 .text.I2S_Transmit_IT
                0x000000000800555a       0x5c Drivers/STM32F4xx_HAL_Driver/Src/stm32f4xx_hal_i2s.o
 .text.I2S_Receive_IT
                0x00000000080055b6       0x5e Drivers/STM32F4xx_HAL_Driver/Src/stm32f4xx_hal_i2s.o
 .text.I2S_IRQHandler
                0x0000000008005614      0x114 Drivers/STM32F4xx_HAL_Driver/Src/stm32f4xx_hal_i2s.o
 .text.HAL_I2SEx_FullDuplex_IRQHandler
                0x0000000008005728      0x2a8 Drivers/STM32F4xx_HAL_Driver/Src/stm32f4xx_hal_i2s_ex.o
                0x0000000008005728                HAL_I2SEx_FullDuplex_IRQHandler
 .text.HAL_I2SEx_TxRxCpltCallback
                0x00000000080059d0       0x14 Drivers/STM32F4xx_HAL_Driver/Src/stm32f4xx_hal_i2s_ex.o
                0x00000000080059d0                HAL_I2SEx_TxRxCpltCallback
 .text.I2SEx_TxISR_I2S
                0x00000000080059e4       0x62 Drivers/STM32F4xx_HAL_Driver/Src/stm32f4xx_hal_i2s_ex.o
 *fill*         0x0000000008005a46        0x2 
 .text.I2SEx_TxISR_I2SExt
                0x0000000008005a48       0x98 Drivers/STM32F4xx_HAL_Driver/Src/stm32f4xx_hal_i2s_ex.o
 .text.I2SEx_RxISR_I2S
                0x0000000008005ae0       0x64 Drivers/STM32F4xx_HAL_Driver/Src/stm32f4xx_hal_i2s_ex.o
 .text.I2SEx_RxISR_I2SExt
                0x0000000008005b44       0x98 Drivers/STM32F4xx_HAL_Driver/Src/stm32f4xx_hal_i2s_ex.o
 .text.HAL_RCC_OscConfig
                0x0000000008005bdc      0x4e0 Drivers/STM32F4xx_HAL_Driver/Src/stm32f4xx_hal_rcc.o
                0x0000000008005bdc                HAL_RCC_OscConfig
 .text.HAL_RCC_ClockConfig
                0x00000000080060bc      0x1cc Drivers/STM32F4xx_HAL_Driver/Src/stm32f4xx_hal_rcc.o
                0x00000000080060bc                HAL_RCC_ClockConfig
 .text.HAL_RCC_GetSysClockFreq
                0x0000000008006288      0x1b0 Drivers/STM32F4xx_HAL_Driver/Src/stm32f4xx_hal_rcc.o
                0x0000000008006288                HAL_RCC_GetSysClockFreq
 .text.HAL_RCC_GetHCLKFreq
                0x0000000008006438       0x18 Drivers/STM32F4xx_HAL_Driver/Src/stm32f4xx_hal_rcc.o
                0x0000000008006438                HAL_RCC_GetHCLKFreq
 .text.HAL_RCC_GetPCLK1Freq
                0x0000000008006450       0x28 Drivers/STM32F4xx_HAL_Driver/Src/stm32f4xx_hal_rcc.o
                0x0000000008006450                HAL_RCC_GetPCLK1Freq
 .text.HAL_RCCEx_PeriphCLKConfig
                0x0000000008006478      0x1e0 Drivers/STM32F4xx_HAL_Driver/Src/stm32f4xx_hal_rcc_ex.o
                0x0000000008006478                HAL_RCCEx_PeriphCLKConfig
 .text.HAL_RCCEx_GetPeriphCLKConfig
                0x0000000008006658       0x84 Drivers/STM32F4xx_HAL_Driver/Src/stm32f4xx_hal_rcc_ex.o
                0x0000000008006658                HAL_RCCEx_GetPeriphCLKConfig
 .text.HAL_RCCEx_GetPeriphCLKFreq
                0x00000000080066dc       0xbc Drivers/STM32F4xx_HAL_Driver/Src/stm32f4xx_hal_rcc_ex.o
                0x00000000080066dc                HAL_RCCEx_GetPeriphCLKFreq
 .text.HAL_TIM_Base_Init
                0x0000000008006798       0x56 Drivers/STM32F4xx_HAL_Driver/Src/stm32f4xx_hal_tim.o
                0x0000000008006798                HAL_TIM_Base_Init
 .text.HAL_TIM_Base_Start_IT
                0x00000000080067ee       0x48 Drivers/STM32F4xx_HAL_Driver/Src/stm32f4xx_hal_tim.o
                0x00000000080067ee                HAL_TIM_Base_Start_IT
 .text.HAL_TIM_PWM_Init
                0x0000000008006836       0x56 Drivers/STM32F4xx_HAL_Driver/Src/stm32f4xx_hal_tim.o
                0x0000000008006836                HAL_TIM_PWM_Init
 .text.HAL_TIM_IRQHandler
                0x000000000800688c      0x210 Drivers/STM32F4xx_HAL_Driver/Src/stm32f4xx_hal_tim.o
                0x000000000800688c                HAL_TIM_IRQHandler
 .text.HAL_TIM_PWM_ConfigChannel
                0x0000000008006a9c      0x18c Drivers/STM32F4xx_HAL_Driver/Src/stm32f4xx_hal_tim.o
                0x0000000008006a9c                HAL_TIM_PWM_ConfigChannel
 .text.HAL_TIM_ConfigClockSource
                0x0000000008006c28      0x16e Drivers/STM32F4xx_HAL_Driver/Src/stm32f4xx_hal_tim.o
                0x0000000008006c28                HAL_TIM_ConfigClockSource
 .text.HAL_TIM_PeriodElapsedCallback
                0x0000000008006d96       0x14 Drivers/STM32F4xx_HAL_Driver/Src/stm32f4xx_hal_tim.o
                0x0000000008006d96                HAL_TIM_PeriodElapsedCallback
 .text.HAL_TIM_OC_DelayElapsedCallback
                0x0000000008006daa       0x14 Drivers/STM32F4xx_HAL_Driver/Src/stm32f4xx_hal_tim.o
                0x0000000008006daa                HAL_TIM_OC_DelayElapsedCallback
 .text.HAL_TIM_IC_CaptureCallback
                0x0000000008006dbe       0x14 Drivers/STM32F4xx_HAL_Driver/Src/stm32f4xx_hal_tim.o
                0x0000000008006dbe                HAL_TIM_IC_CaptureCallback
 .text.HAL_TIM_PWM_PulseFinishedCallback
                0x0000000008006dd2       0x14 Drivers/STM32F4xx_HAL_Driver/Src/stm32f4xx_hal_tim.o
                0x0000000008006dd2                HAL_TIM_PWM_PulseFinishedCallback
 .text.HAL_TIM_TriggerCallback
                0x0000000008006de6       0x14 Drivers/STM32F4xx_HAL_Driver/Src/stm32f4xx_hal_tim.o
                0x0000000008006de6                HAL_TIM_TriggerCallback
 *fill*         0x0000000008006dfa        0x2 
 .text.TIM_Base_SetConfig
                0x0000000008006dfc      0x100 Drivers/STM32F4xx_HAL_Driver/Src/stm32f4xx_hal_tim.o
                0x0000000008006dfc                TIM_Base_SetConfig
 .text.TIM_OC1_SetConfig
                0x0000000008006efc       0xcc Drivers/STM32F4xx_HAL_Driver/Src/stm32f4xx_hal_tim.o
 .text.TIM_OC2_SetConfig
                0x0000000008006fc8       0xd8 Drivers/STM32F4xx_HAL_Driver/Src/stm32f4xx_hal_tim.o
                0x0000000008006fc8                TIM_OC2_SetConfig
 .text.TIM_OC3_SetConfig
                0x00000000080070a0       0xd4 Drivers/STM32F4xx_HAL_Driver/Src/stm32f4xx_hal_tim.o
 .text.TIM_OC4_SetConfig
                0x0000000008007174       0xa0 Drivers/STM32F4xx_HAL_Driver/Src/stm32f4xx_hal_tim.o
 .text.TIM_TI1_ConfigInputStage
                0x0000000008007214       0x5e Drivers/STM32F4xx_HAL_Driver/Src/stm32f4xx_hal_tim.o
 .text.TIM_TI2_ConfigInputStage
                0x0000000008007272       0x60 Drivers/STM32F4xx_HAL_Driver/Src/stm32f4xx_hal_tim.o
 .text.TIM_ITRx_SetConfig
                0x00000000080072d2       0x36 Drivers/STM32F4xx_HAL_Driver/Src/stm32f4xx_hal_tim.o
 .text.TIM_ETR_SetConfig
                0x0000000008007308       0x40 Drivers/STM32F4xx_HAL_Driver/Src/stm32f4xx_hal_tim.o
                0x0000000008007308                TIM_ETR_SetConfig
 .text.HAL_TIMEx_MasterConfigSynchronization
                0x0000000008007348       0xdc Drivers/STM32F4xx_HAL_Driver/Src/stm32f4xx_hal_tim_ex.o
                0x0000000008007348                HAL_TIMEx_MasterConfigSynchronization
 .text.HAL_TIMEx_CommutCallback
                0x0000000008007424       0x14 Drivers/STM32F4xx_HAL_Driver/Src/stm32f4xx_hal_tim_ex.o
                0x0000000008007424                HAL_TIMEx_CommutCallback
 .text.HAL_TIMEx_BreakCallback
                0x0000000008007438       0x14 Drivers/STM32F4xx_HAL_Driver/Src/stm32f4xx_hal_tim_ex.o
                0x0000000008007438                HAL_TIMEx_BreakCallback
 .text.USB_CoreInit
                0x000000000800744c       0xc2 Drivers/STM32F4xx_HAL_Driver/Src/stm32f4xx_ll_usb.o
                0x000000000800744c                USB_CoreInit
 .text.USB_EnableGlobalInt
                0x000000000800750e       0x22 Drivers/STM32F4xx_HAL_Driver/Src/stm32f4xx_ll_usb.o
                0x000000000800750e                USB_EnableGlobalInt
 .text.USB_DisableGlobalInt
                0x0000000008007530       0x22 Drivers/STM32F4xx_HAL_Driver/Src/stm32f4xx_ll_usb.o
                0x0000000008007530                USB_DisableGlobalInt
 .text.USB_SetCurrentMode
                0x0000000008007552       0x54 Drivers/STM32F4xx_HAL_Driver/Src/stm32f4xx_ll_usb.o
                0x0000000008007552                USB_SetCurrentMode
 *fill*         0x00000000080075a6        0x2 
 .text.USB_FlushTxFifo
                0x00000000080075a8       0x4c Drivers/STM32F4xx_HAL_Driver/Src/stm32f4xx_ll_usb.o
                0x00000000080075a8                USB_FlushTxFifo
 .text.USB_FlushRxFifo
                0x00000000080075f4       0x44 Drivers/STM32F4xx_HAL_Driver/Src/stm32f4xx_ll_usb.o
                0x00000000080075f4                USB_FlushRxFifo
 .text.USB_WritePacket
                0x0000000008007638       0x6a Drivers/STM32F4xx_HAL_Driver/Src/stm32f4xx_ll_usb.o
                0x0000000008007638                USB_WritePacket
 .text.USB_ReadPacket
                0x00000000080076a2       0x52 Drivers/STM32F4xx_HAL_Driver/Src/stm32f4xx_ll_usb.o
                0x00000000080076a2                USB_ReadPacket
 .text.USB_ReadInterrupts
                0x00000000080076f4       0x26 Drivers/STM32F4xx_HAL_Driver/Src/stm32f4xx_ll_usb.o
                0x00000000080076f4                USB_ReadInterrupts
 .text.USB_GetMode
                0x000000000800771a       0x1c Drivers/STM32F4xx_HAL_Driver/Src/stm32f4xx_ll_usb.o
                0x000000000800771a                USB_GetMode
 *fill*         0x0000000008007736        0x2 
 .text.USB_CoreReset
                0x0000000008007738       0x68 Drivers/STM32F4xx_HAL_Driver/Src/stm32f4xx_ll_usb.o
 .text.USB_HostInit
                0x00000000080077a0      0x178 Drivers/STM32F4xx_HAL_Driver/Src/stm32f4xx_ll_usb.o
                0x00000000080077a0                USB_HostInit
 .text.USB_InitFSLSPClkSel
                0x0000000008007918       0x74 Drivers/STM32F4xx_HAL_Driver/Src/stm32f4xx_ll_usb.o
                0x0000000008007918                USB_InitFSLSPClkSel
 .text.USB_ResetPort
                0x000000000800798c       0x54 Drivers/STM32F4xx_HAL_Driver/Src/stm32f4xx_ll_usb.o
                0x000000000800798c                USB_ResetPort
 .text.USB_DriveVbus
                0x00000000080079e0       0x72 Drivers/STM32F4xx_HAL_Driver/Src/stm32f4xx_ll_usb.o
                0x00000000080079e0                USB_DriveVbus
 .text.USB_GetHostSpeed
                0x0000000008007a52       0x2e Drivers/STM32F4xx_HAL_Driver/Src/stm32f4xx_ll_usb.o
                0x0000000008007a52                USB_GetHostSpeed
 .text.USB_GetCurrentFrame
                0x0000000008007a80       0x22 Drivers/STM32F4xx_HAL_Driver/Src/stm32f4xx_ll_usb.o
                0x0000000008007a80                USB_GetCurrentFrame
 *fill*         0x0000000008007aa2        0x2 
 .text.USB_HC_Init
                0x0000000008007aa4      0x214 Drivers/STM32F4xx_HAL_Driver/Src/stm32f4xx_ll_usb.o
                0x0000000008007aa4                USB_HC_Init
 .text.USB_HC_StartXfer
                0x0000000008007cb8      0x288 Drivers/STM32F4xx_HAL_Driver/Src/stm32f4xx_ll_usb.o
                0x0000000008007cb8                USB_HC_StartXfer
 .text.USB_HC_ReadInterrupt
                0x0000000008007f40       0x22 Drivers/STM32F4xx_HAL_Driver/Src/stm32f4xx_ll_usb.o
                0x0000000008007f40                USB_HC_ReadInterrupt
 .text.USB_HC_Halt
                0x0000000008007f62      0x1fe Drivers/STM32F4xx_HAL_Driver/Src/stm32f4xx_ll_usb.o
                0x0000000008007f62                USB_HC_Halt
 .text.USB_DoPing
                0x0000000008008160       0x78 Drivers/STM32F4xx_HAL_Driver/Src/stm32f4xx_ll_usb.o
                0x0000000008008160                USB_DoPing
 .text.USB_StopHost
                0x00000000080081d8      0x10c Drivers/STM32F4xx_HAL_Driver/Src/stm32f4xx_ll_usb.o
                0x00000000080081d8                USB_StopHost
 .text.MX_FATFS_Init
                0x00000000080082e4       0x24 FATFS/App/fatfs.o
                0x00000000080082e4                MX_FATFS_Init
 .text.get_fattime
                0x0000000008008308       0x10 FATFS/App/fatfs.o
                0x0000000008008308                get_fattime
 .text.USBH_initialize
                0x0000000008008318       0x18 FATFS/Target/usbh_diskio.o
                0x0000000008008318                USBH_initialize
 .text.USBH_status
                0x0000000008008330       0x38 FATFS/Target/usbh_diskio.o
                0x0000000008008330                USBH_status
 .text.USBH_read
                0x0000000008008368       0x70 FATFS/Target/usbh_diskio.o
                0x0000000008008368                USBH_read
 .text.USBH_write
                0x00000000080083d8       0x84 FATFS/Target/usbh_diskio.o
                0x00000000080083d8                USBH_write
 .text.USBH_ioctl
                0x000000000800845c       0xd8 FATFS/Target/usbh_diskio.o
                0x000000000800845c                USBH_ioctl
 .text.USBH_MSC_InterfaceInit
                0x0000000008008534      0x216 Middlewares/ST/STM32_USB_Host_Library/Class/MSC/Src/usbh_msc.o
 .text.USBH_MSC_InterfaceDeInit
                0x000000000800874a       0x8c Middlewares/ST/STM32_USB_Host_Library/Class/MSC/Src/usbh_msc.o
 .text.USBH_MSC_ClassRequest
                0x00000000080087d6       0xc8 Middlewares/ST/STM32_USB_Host_Library/Class/MSC/Src/usbh_msc.o
 *fill*         0x000000000800889e        0x2 
 .text.USBH_MSC_Process
                0x00000000080088a0      0x520 Middlewares/ST/STM32_USB_Host_Library/Class/MSC/Src/usbh_msc.o
 .text.USBH_MSC_SOFProcess
                0x0000000008008dc0       0x16 Middlewares/ST/STM32_USB_Host_Library/Class/MSC/Src/usbh_msc.o
 .text.USBH_MSC_RdWrProcess
                0x0000000008008dd6      0x194 Middlewares/ST/STM32_USB_Host_Library/Class/MSC/Src/usbh_msc.o
 .text.USBH_MSC_UnitIsReady
                0x0000000008008f6a       0x4c Middlewares/ST/STM32_USB_Host_Library/Class/MSC/Src/usbh_msc.o
                0x0000000008008f6a                USBH_MSC_UnitIsReady
 .text.USBH_MSC_GetLUNInfo
                0x0000000008008fb6       0x48 Middlewares/ST/STM32_USB_Host_Library/Class/MSC/Src/usbh_msc.o
                0x0000000008008fb6                USBH_MSC_GetLUNInfo
 .text.USBH_MSC_Read
                0x0000000008008ffe       0xd2 Middlewares/ST/STM32_USB_Host_Library/Class/MSC/Src/usbh_msc.o
                0x0000000008008ffe                USBH_MSC_Read
 .text.USBH_MSC_Write
                0x00000000080090d0       0xd2 Middlewares/ST/STM32_USB_Host_Library/Class/MSC/Src/usbh_msc.o
                0x00000000080090d0                USBH_MSC_Write
 .text.USBH_MSC_BOT_REQ_Reset
                0x00000000080091a2       0x3a Middlewares/ST/STM32_USB_Host_Library/Class/MSC/Src/usbh_msc_bot.o
                0x00000000080091a2                USBH_MSC_BOT_REQ_Reset
 .text.USBH_MSC_BOT_REQ_GetMaxLUN
                0x00000000080091dc       0x3c Middlewares/ST/STM32_USB_Host_Library/Class/MSC/Src/usbh_msc_bot.o
                0x00000000080091dc                USBH_MSC_BOT_REQ_GetMaxLUN
 .text.USBH_MSC_BOT_Init
                0x0000000008009218       0x44 Middlewares/ST/STM32_USB_Host_Library/Class/MSC/Src/usbh_msc_bot.o
                0x0000000008009218                USBH_MSC_BOT_Init
 .text.USBH_MSC_BOT_Process
                0x000000000800925c      0x3a4 Middlewares/ST/STM32_USB_Host_Library/Class/MSC/Src/usbh_msc_bot.o
                0x000000000800925c                USBH_MSC_BOT_Process
 .text.USBH_MSC_BOT_Abort
                0x0000000008009600       0x58 Middlewares/ST/STM32_USB_Host_Library/Class/MSC/Src/usbh_msc_bot.o
 .text.USBH_MSC_DecodeCSW
                0x0000000008009658       0x88 Middlewares/ST/STM32_USB_Host_Library/Class/MSC/Src/usbh_msc_bot.o
 .text.USBH_MSC_SCSI_TestUnitReady
                0x00000000080096e0       0x86 Middlewares/ST/STM32_USB_Host_Library/Class/MSC/Src/usbh_msc_scsi.o
                0x00000000080096e0                USBH_MSC_SCSI_TestUnitReady
 .text.USBH_MSC_SCSI_ReadCapacity
                0x0000000008009766       0xf6 Middlewares/ST/STM32_USB_Host_Library/Class/MSC/Src/usbh_msc_scsi.o
                0x0000000008009766                USBH_MSC_SCSI_ReadCapacity
 .text.USBH_MSC_SCSI_Inquiry
                0x000000000800985c      0x14a Middlewares/ST/STM32_USB_Host_Library/Class/MSC/Src/usbh_msc_scsi.o
                0x000000000800985c                USBH_MSC_SCSI_Inquiry
 .text.USBH_MSC_SCSI_RequestSense
                0x00000000080099a6       0xf2 Middlewares/ST/STM32_USB_Host_Library/Class/MSC/Src/usbh_msc_scsi.o
                0x00000000080099a6                USBH_MSC_SCSI_RequestSense
 .text.USBH_MSC_SCSI_Write
                0x0000000008009a98       0xd6 Middlewares/ST/STM32_USB_Host_Library/Class/MSC/Src/usbh_msc_scsi.o
                0x0000000008009a98                USBH_MSC_SCSI_Write
 .text.USBH_MSC_SCSI_Read
                0x0000000008009b6e       0xd6 Middlewares/ST/STM32_USB_Host_Library/Class/MSC/Src/usbh_msc_scsi.o
                0x0000000008009b6e                USBH_MSC_SCSI_Read
 .text.USBH_Init
                0x0000000008009c44       0x74 Middlewares/ST/STM32_USB_Host_Library/Core/Src/usbh_core.o
                0x0000000008009c44                USBH_Init
 .text.DeInitStateMachine
                0x0000000008009cb8       0xa8 Middlewares/ST/STM32_USB_Host_Library/Core/Src/usbh_core.o
 .text.USBH_RegisterClass
                0x0000000008009d60       0x54 Middlewares/ST/STM32_USB_Host_Library/Core/Src/usbh_core.o
                0x0000000008009d60                USBH_RegisterClass
 .text.USBH_SelectInterface
                0x0000000008009db4       0x38 Middlewares/ST/STM32_USB_Host_Library/Core/Src/usbh_core.o
                0x0000000008009db4                USBH_SelectInterface
 .text.USBH_FindInterface
                0x0000000008009dec       0x8c Middlewares/ST/STM32_USB_Host_Library/Core/Src/usbh_core.o
                0x0000000008009dec                USBH_FindInterface
 .text.USBH_Start
                0x0000000008009e78       0x20 Middlewares/ST/STM32_USB_Host_Library/Core/Src/usbh_core.o
                0x0000000008009e78                USBH_Start
 .text.USBH_Process
                0x0000000008009e98      0x3c0 Middlewares/ST/STM32_USB_Host_Library/Core/Src/usbh_core.o
                0x0000000008009e98                USBH_Process
 .text.USBH_HandleEnum
                0x000000000800a258      0x3c8 Middlewares/ST/STM32_USB_Host_Library/Core/Src/usbh_core.o
 .text.USBH_LL_SetTimer
                0x000000000800a620       0x1e Middlewares/ST/STM32_USB_Host_Library/Core/Src/usbh_core.o
                0x000000000800a620                USBH_LL_SetTimer
 .text.USBH_LL_IncTimer
                0x000000000800a63e       0x24 Middlewares/ST/STM32_USB_Host_Library/Core/Src/usbh_core.o
                0x000000000800a63e                USBH_LL_IncTimer
 .text.USBH_HandleSof
                0x000000000800a662       0x30 Middlewares/ST/STM32_USB_Host_Library/Core/Src/usbh_core.o
 .text.USBH_LL_PortEnabled
                0x000000000800a692       0x1c Middlewares/ST/STM32_USB_Host_Library/Core/Src/usbh_core.o
                0x000000000800a692                USBH_LL_PortEnabled
 .text.USBH_LL_PortDisabled
                0x000000000800a6ae       0x1c Middlewares/ST/STM32_USB_Host_Library/Core/Src/usbh_core.o
                0x000000000800a6ae                USBH_LL_PortDisabled
 .text.USBH_LL_Connect
                0x000000000800a6ca       0x2e Middlewares/ST/STM32_USB_Host_Library/Core/Src/usbh_core.o
                0x000000000800a6ca                USBH_LL_Connect
 .text.USBH_LL_Disconnect
                0x000000000800a6f8       0x48 Middlewares/ST/STM32_USB_Host_Library/Core/Src/usbh_core.o
                0x000000000800a6f8                USBH_LL_Disconnect
 .text.USBH_Get_DevDesc
                0x000000000800a740       0x50 Middlewares/ST/STM32_USB_Host_Library/Core/Src/usbh_ctlreq.o
                0x000000000800a740                USBH_Get_DevDesc
 .text.USBH_Get_CfgDesc
                0x000000000800a790       0x48 Middlewares/ST/STM32_USB_Host_Library/Core/Src/usbh_ctlreq.o
                0x000000000800a790                USBH_Get_CfgDesc
 .text.USBH_Get_StringDesc
                0x000000000800a7d8       0x56 Middlewares/ST/STM32_USB_Host_Library/Core/Src/usbh_ctlreq.o
                0x000000000800a7d8                USBH_Get_StringDesc
 .text.USBH_GetDescriptor
                0x000000000800a82e       0x6a Middlewares/ST/STM32_USB_Host_Library/Core/Src/usbh_ctlreq.o
                0x000000000800a82e                USBH_GetDescriptor
 .text.USBH_SetAddress
                0x000000000800a898       0x48 Middlewares/ST/STM32_USB_Host_Library/Core/Src/usbh_ctlreq.o
                0x000000000800a898                USBH_SetAddress
 .text.USBH_SetCfg
                0x000000000800a8e0       0x46 Middlewares/ST/STM32_USB_Host_Library/Core/Src/usbh_ctlreq.o
                0x000000000800a8e0                USBH_SetCfg
 .text.USBH_SetFeature
                0x000000000800a926       0x48 Middlewares/ST/STM32_USB_Host_Library/Core/Src/usbh_ctlreq.o
                0x000000000800a926                USBH_SetFeature
 .text.USBH_ClrFeature
                0x000000000800a96e       0x48 Middlewares/ST/STM32_USB_Host_Library/Core/Src/usbh_ctlreq.o
                0x000000000800a96e                USBH_ClrFeature
 .text.USBH_ParseDevDesc
                0x000000000800a9b6       0xe0 Middlewares/ST/STM32_USB_Host_Library/Core/Src/usbh_ctlreq.o
 .text.USBH_ParseCfgDesc
                0x000000000800aa96      0x144 Middlewares/ST/STM32_USB_Host_Library/Core/Src/usbh_ctlreq.o
 .text.USBH_ParseInterfaceDesc
                0x000000000800abda       0x5e Middlewares/ST/STM32_USB_Host_Library/Core/Src/usbh_ctlreq.o
 .text.USBH_ParseEPDesc
                0x000000000800ac38       0x5a Middlewares/ST/STM32_USB_Host_Library/Core/Src/usbh_ctlreq.o
 .text.USBH_ParseStringDesc
                0x000000000800ac92       0x66 Middlewares/ST/STM32_USB_Host_Library/Core/Src/usbh_ctlreq.o
 .text.USBH_GetNextDesc
                0x000000000800acf8       0x36 Middlewares/ST/STM32_USB_Host_Library/Core/Src/usbh_ctlreq.o
                0x000000000800acf8                USBH_GetNextDesc
 .text.USBH_CtlReq
                0x000000000800ad2e       0x7a Middlewares/ST/STM32_USB_Host_Library/Core/Src/usbh_ctlreq.o
                0x000000000800ad2e                USBH_CtlReq
 .text.USBH_HandleControl
                0x000000000800ada8      0x2ec Middlewares/ST/STM32_USB_Host_Library/Core/Src/usbh_ctlreq.o
 .text.USBH_CtlSendSetup
                0x000000000800b094       0x34 Middlewares/ST/STM32_USB_Host_Library/Core/Src/usbh_ioreq.o
                0x000000000800b094                USBH_CtlSendSetup
 .text.USBH_CtlSendData
                0x000000000800b0c8       0x4a Middlewares/ST/STM32_USB_Host_Library/Core/Src/usbh_ioreq.o
                0x000000000800b0c8                USBH_CtlSendData
 .text.USBH_CtlReceiveData
                0x000000000800b112       0x3c Middlewares/ST/STM32_USB_Host_Library/Core/Src/usbh_ioreq.o
                0x000000000800b112                USBH_CtlReceiveData
 .text.USBH_BulkSendData
                0x000000000800b14e       0x4a Middlewares/ST/STM32_USB_Host_Library/Core/Src/usbh_ioreq.o
                0x000000000800b14e                USBH_BulkSendData
 .text.USBH_BulkReceiveData
                0x000000000800b198       0x3c Middlewares/ST/STM32_USB_Host_Library/Core/Src/usbh_ioreq.o
                0x000000000800b198                USBH_BulkReceiveData
 .text.USBH_OpenPipe
                0x000000000800b1d4       0x3e Middlewares/ST/STM32_USB_Host_Library/Core/Src/usbh_pipes.o
                0x000000000800b1d4                USBH_OpenPipe
 .text.USBH_ClosePipe
                0x000000000800b212       0x20 Middlewares/ST/STM32_USB_Host_Library/Core/Src/usbh_pipes.o
                0x000000000800b212                USBH_ClosePipe
 .text.USBH_AllocPipe
                0x000000000800b232       0x42 Middlewares/ST/STM32_USB_Host_Library/Core/Src/usbh_pipes.o
                0x000000000800b232                USBH_AllocPipe
 .text.USBH_FreePipe
                0x000000000800b274       0x3c Middlewares/ST/STM32_USB_Host_Library/Core/Src/usbh_pipes.o
                0x000000000800b274                USBH_FreePipe
 .text.USBH_GetFreePipe
                0x000000000800b2b0       0x48 Middlewares/ST/STM32_USB_Host_Library/Core/Src/usbh_pipes.o
 .text.disk_status
                0x000000000800b2f8       0x34 Middlewares/Third_Party/FatFs/src/diskio.o
                0x000000000800b2f8                disk_status
 .text.disk_initialize
                0x000000000800b32c       0x4c Middlewares/Third_Party/FatFs/src/diskio.o
                0x000000000800b32c                disk_initialize
 .text.disk_read
                0x000000000800b378       0x40 Middlewares/Third_Party/FatFs/src/diskio.o
                0x000000000800b378                disk_read
 .text.disk_write
                0x000000000800b3b8       0x40 Middlewares/Third_Party/FatFs/src/diskio.o
                0x000000000800b3b8                disk_write
 .text.disk_ioctl
                0x000000000800b3f8       0x3c Middlewares/Third_Party/FatFs/src/diskio.o
                0x000000000800b3f8                disk_ioctl
 .text.ld_word  0x000000000800b434       0x30 Middlewares/Third_Party/FatFs/src/ff.o
 .text.ld_dword
                0x000000000800b464       0x46 Middlewares/Third_Party/FatFs/src/ff.o
 .text.st_word  0x000000000800b4aa       0x36 Middlewares/Third_Party/FatFs/src/ff.o
 .text.st_dword
                0x000000000800b4e0       0x58 Middlewares/Third_Party/FatFs/src/ff.o
 .text.mem_cpy  0x000000000800b538       0x42 Middlewares/Third_Party/FatFs/src/ff.o
 .text.mem_set  0x000000000800b57a       0x34 Middlewares/Third_Party/FatFs/src/ff.o
 .text.mem_cmp  0x000000000800b5ae       0x4e Middlewares/Third_Party/FatFs/src/ff.o
 .text.chk_chr  0x000000000800b5fc       0x36 Middlewares/Third_Party/FatFs/src/ff.o
 *fill*         0x000000000800b632        0x2 
 .text.chk_lock
                0x000000000800b634       0xb8 Middlewares/Third_Party/FatFs/src/ff.o
 .text.enq_lock
                0x000000000800b6ec       0x44 Middlewares/Third_Party/FatFs/src/ff.o
 .text.inc_lock
                0x000000000800b730      0x11c Middlewares/Third_Party/FatFs/src/ff.o
 .text.dec_lock
                0x000000000800b84c       0x78 Middlewares/Third_Party/FatFs/src/ff.o
 .text.clear_lock
                0x000000000800b8c4       0x48 Middlewares/Third_Party/FatFs/src/ff.o
 .text.sync_window
                0x000000000800b90c       0x88 Middlewares/Third_Party/FatFs/src/ff.o
 .text.move_window
                0x000000000800b994       0x5a Middlewares/Third_Party/FatFs/src/ff.o
 *fill*         0x000000000800b9ee        0x2 
 .text.sync_fs  0x000000000800b9f0       0xdc Middlewares/Third_Party/FatFs/src/ff.o
 .text.clust2sect
                0x000000000800bacc       0x3e Middlewares/Third_Party/FatFs/src/ff.o
 .text.get_fat  0x000000000800bb0a      0x14a Middlewares/Third_Party/FatFs/src/ff.o
 .text.put_fat  0x000000000800bc54      0x1ce Middlewares/Third_Party/FatFs/src/ff.o
 .text.remove_chain
                0x000000000800be22       0xca Middlewares/Third_Party/FatFs/src/ff.o
 .text.create_chain
                0x000000000800beec      0x130 Middlewares/Third_Party/FatFs/src/ff.o
 .text.clmt_clust
                0x000000000800c01c       0x68 Middlewares/Third_Party/FatFs/src/ff.o
 .text.dir_sdi  0x000000000800c084       0xf6 Middlewares/Third_Party/FatFs/src/ff.o
 .text.dir_next
                0x000000000800c17a      0x18a Middlewares/Third_Party/FatFs/src/ff.o
 .text.dir_alloc
                0x000000000800c304       0x8e Middlewares/Third_Party/FatFs/src/ff.o
 .text.ld_clust
                0x000000000800c392       0x3e Middlewares/Third_Party/FatFs/src/ff.o
 .text.st_clust
                0x000000000800c3d0       0x40 Middlewares/Third_Party/FatFs/src/ff.o
 .text.dir_find
                0x000000000800c410       0xaa Middlewares/Third_Party/FatFs/src/ff.o
 .text.dir_register
                0x000000000800c4ba       0x64 Middlewares/Third_Party/FatFs/src/ff.o
 *fill*         0x000000000800c51e        0x2 
 .text.create_name
                0x000000000800c520      0x128 Middlewares/Third_Party/FatFs/src/ff.o
 .text.follow_path
                0x000000000800c648       0xe2 Middlewares/Third_Party/FatFs/src/ff.o
 .text.get_ldnumber
                0x000000000800c72a       0x88 Middlewares/Third_Party/FatFs/src/ff.o
 *fill*         0x000000000800c7b2        0x2 
 .text.check_fs
                0x000000000800c7b4       0xac Middlewares/Third_Party/FatFs/src/ff.o
 .text.find_volume
                0x000000000800c860      0x498 Middlewares/Third_Party/FatFs/src/ff.o
 .text.validate
                0x000000000800ccf8       0x6a Middlewares/Third_Party/FatFs/src/ff.o
 *fill*         0x000000000800cd62        0x2 
 .text.f_mount  0x000000000800cd64       0x8c Middlewares/Third_Party/FatFs/src/ff.o
                0x000000000800cd64                f_mount
 .text.f_open   0x000000000800cdf0      0x37c Middlewares/Third_Party/FatFs/src/ff.o
                0x000000000800cdf0                f_open
 .text.f_read   0x000000000800d16c      0x27e Middlewares/Third_Party/FatFs/src/ff.o
                0x000000000800d16c                f_read
 .text.f_sync   0x000000000800d3ea       0xfc Middlewares/Third_Party/FatFs/src/ff.o
                0x000000000800d3ea                f_sync
 .text.f_close  0x000000000800d4e6       0x54 Middlewares/Third_Party/FatFs/src/ff.o
                0x000000000800d4e6                f_close
 .text.f_lseek  0x000000000800d53a      0x412 Middlewares/Third_Party/FatFs/src/ff.o
                0x000000000800d53a                f_lseek
 .text.FATFS_LinkDriverEx
                0x000000000800d94c       0x98 Middlewares/Third_Party/FatFs/src/ff_gen_drv.o
                0x000000000800d94c                FATFS_LinkDriverEx
 .text.FATFS_LinkDriver
                0x000000000800d9e4       0x1e Middlewares/Third_Party/FatFs/src/ff_gen_drv.o
                0x000000000800d9e4                FATFS_LinkDriver
 *fill*         0x000000000800da02        0x2 
 .text.MX_USB_HOST_Init
                0x000000000800da04       0x4c USB_HOST/App/usb_host.o
                0x000000000800da04                MX_USB_HOST_Init
 .text.MX_USB_HOST_Process
                0x000000000800da50       0x14 USB_HOST/App/usb_host.o
                0x000000000800da50                MX_USB_HOST_Process
 .text.USBH_UserProcess
                0x000000000800da64       0x5c USB_HOST/App/usb_host.o
 .text.HAL_HCD_MspInit
                0x000000000800dac0       0xc4 USB_HOST/Target/usbh_conf.o
                0x000000000800dac0                HAL_HCD_MspInit
 .text.HAL_HCD_SOF_Callback
                0x000000000800db84       0x1c USB_HOST/Target/usbh_conf.o
                0x000000000800db84                HAL_HCD_SOF_Callback
 .text.HAL_HCD_Connect_Callback
                0x000000000800dba0       0x1c USB_HOST/Target/usbh_conf.o
                0x000000000800dba0                HAL_HCD_Connect_Callback
 .text.HAL_HCD_Disconnect_Callback
                0x000000000800dbbc       0x1c USB_HOST/Target/usbh_conf.o
                0x000000000800dbbc                HAL_HCD_Disconnect_Callback
 .text.HAL_HCD_HC_NotifyURBChange_Callback
                0x000000000800dbd8       0x1c USB_HOST/Target/usbh_conf.o
                0x000000000800dbd8                HAL_HCD_HC_NotifyURBChange_Callback
 .text.HAL_HCD_PortEnabled_Callback
                0x000000000800dbf4       0x1c USB_HOST/Target/usbh_conf.o
                0x000000000800dbf4                HAL_HCD_PortEnabled_Callback
 .text.HAL_HCD_PortDisabled_Callback
                0x000000000800dc10       0x1c USB_HOST/Target/usbh_conf.o
                0x000000000800dc10                HAL_HCD_PortDisabled_Callback
 .text.USBH_LL_Init
                0x000000000800dc2c       0x78 USB_HOST/Target/usbh_conf.o
                0x000000000800dc2c                USBH_LL_Init
 .text.USBH_LL_Start
                0x000000000800dca4       0x36 USB_HOST/Target/usbh_conf.o
                0x000000000800dca4                USBH_LL_Start
 .text.USBH_LL_Stop
                0x000000000800dcda       0x36 USB_HOST/Target/usbh_conf.o
                0x000000000800dcda                USBH_LL_Stop
 .text.USBH_LL_GetSpeed
                0x000000000800dd10       0x4a USB_HOST/Target/usbh_conf.o
                0x000000000800dd10                USBH_LL_GetSpeed
 .text.USBH_LL_ResetPort
                0x000000000800dd5a       0x36 USB_HOST/Target/usbh_conf.o
                0x000000000800dd5a                USBH_LL_ResetPort
 .text.USBH_LL_GetLastXferSize
                0x000000000800dd90       0x26 USB_HOST/Target/usbh_conf.o
                0x000000000800dd90                USBH_LL_GetLastXferSize
 .text.USBH_LL_OpenPipe
                0x000000000800ddb6       0x5e USB_HOST/Target/usbh_conf.o
                0x000000000800ddb6                USBH_LL_OpenPipe
 .text.USBH_LL_ClosePipe
                0x000000000800de14       0x3e USB_HOST/Target/usbh_conf.o
                0x000000000800de14                USBH_LL_ClosePipe
 .text.USBH_LL_SubmitURB
                0x000000000800de52       0x62 USB_HOST/Target/usbh_conf.o
                0x000000000800de52                USBH_LL_SubmitURB
 .text.USBH_LL_GetURBState
                0x000000000800deb4       0x26 USB_HOST/Target/usbh_conf.o
                0x000000000800deb4                USBH_LL_GetURBState
 .text.USBH_LL_DriverVBUS
                0x000000000800deda       0x2e USB_HOST/Target/usbh_conf.o
                0x000000000800deda                USBH_LL_DriverVBUS
 .text.USBH_LL_SetToggle
                0x000000000800df08       0x66 USB_HOST/Target/usbh_conf.o
                0x000000000800df08                USBH_LL_SetToggle
 .text.USBH_LL_GetToggle
                0x000000000800df6e       0x66 USB_HOST/Target/usbh_conf.o
                0x000000000800df6e                USBH_LL_GetToggle
 .text.USBH_Delay
                0x000000000800dfd4       0x16 USB_HOST/Target/usbh_conf.o
                0x000000000800dfd4                USBH_Delay
 *fill*         0x000000000800dfea        0x2 
 .text.USBH_Get_USB_Status
                0x000000000800dfec       0x58 USB_HOST/Target/usbh_conf.o
                0x000000000800dfec                USBH_Get_USB_Status
 .text.MX_DriverVbusFS
                0x000000000800e044       0x38 USB_HOST/Target/usbh_platform.o
                0x000000000800e044                MX_DriverVbusFS
 .text.__errno  0x000000000800e07c        0xc c:/st/stm32cubeide_1.3.0/stm32cubeide/plugins/com.st.stm32cube.ide.mcu.externaltools.gnu-tools-for-stm32.7-2018-q2-update.win32_1.0.0.201904181610/tools/bin/../lib/gcc/arm-none-eabi/7.3.1/../../../../arm-none-eabi/lib/thumb/v7e-m/fpv4-sp/hard\libc_nano.a(lib_a-errno.o)
                0x000000000800e07c                __errno
 .text.__libc_init_array
                0x000000000800e088       0x48 c:/st/stm32cubeide_1.3.0/stm32cubeide/plugins/com.st.stm32cube.ide.mcu.externaltools.gnu-tools-for-stm32.7-2018-q2-update.win32_1.0.0.201904181610/tools/bin/../lib/gcc/arm-none-eabi/7.3.1/../../../../arm-none-eabi/lib/thumb/v7e-m/fpv4-sp/hard\libc_nano.a(lib_a-init.o)
                0x000000000800e088                __libc_init_array
 .text.malloc   0x000000000800e0d0       0x10 c:/st/stm32cubeide_1.3.0/stm32cubeide/plugins/com.st.stm32cube.ide.mcu.externaltools.gnu-tools-for-stm32.7-2018-q2-update.win32_1.0.0.201904181610/tools/bin/../lib/gcc/arm-none-eabi/7.3.1/../../../../arm-none-eabi/lib/thumb/v7e-m/fpv4-sp/hard\libc_nano.a(lib_a-malloc.o)
                0x000000000800e0d0                malloc
 .text.free     0x000000000800e0e0       0x10 c:/st/stm32cubeide_1.3.0/stm32cubeide/plugins/com.st.stm32cube.ide.mcu.externaltools.gnu-tools-for-stm32.7-2018-q2-update.win32_1.0.0.201904181610/tools/bin/../lib/gcc/arm-none-eabi/7.3.1/../../../../arm-none-eabi/lib/thumb/v7e-m/fpv4-sp/hard\libc_nano.a(lib_a-malloc.o)
                0x000000000800e0e0                free
 .text.memcpy   0x000000000800e0f0       0x16 c:/st/stm32cubeide_1.3.0/stm32cubeide/plugins/com.st.stm32cube.ide.mcu.externaltools.gnu-tools-for-stm32.7-2018-q2-update.win32_1.0.0.201904181610/tools/bin/../lib/gcc/arm-none-eabi/7.3.1/../../../../arm-none-eabi/lib/thumb/v7e-m/fpv4-sp/hard\libc_nano.a(lib_a-memcpy-stub.o)
                0x000000000800e0f0                memcpy
 .text.memset   0x000000000800e106       0x10 c:/st/stm32cubeide_1.3.0/stm32cubeide/plugins/com.st.stm32cube.ide.mcu.externaltools.gnu-tools-for-stm32.7-2018-q2-update.win32_1.0.0.201904181610/tools/bin/../lib/gcc/arm-none-eabi/7.3.1/../../../../arm-none-eabi/lib/thumb/v7e-m/fpv4-sp/hard\libc_nano.a(lib_a-memset.o)
                0x000000000800e106                memset
 *fill*         0x000000000800e116        0x2 
 .text._free_r  0x000000000800e118       0x9c c:/st/stm32cubeide_1.3.0/stm32cubeide/plugins/com.st.stm32cube.ide.mcu.externaltools.gnu-tools-for-stm32.7-2018-q2-update.win32_1.0.0.201904181610/tools/bin/../lib/gcc/arm-none-eabi/7.3.1/../../../../arm-none-eabi/lib/thumb/v7e-m/fpv4-sp/hard\libc_nano.a(lib_a-nano-freer.o)
                0x000000000800e118                _free_r
 .text._malloc_r
                0x000000000800e1b4       0xb4 c:/st/stm32cubeide_1.3.0/stm32cubeide/plugins/com.st.stm32cube.ide.mcu.externaltools.gnu-tools-for-stm32.7-2018-q2-update.win32_1.0.0.201904181610/tools/bin/../lib/gcc/arm-none-eabi/7.3.1/../../../../arm-none-eabi/lib/thumb/v7e-m/fpv4-sp/hard\libc_nano.a(lib_a-nano-mallocr.o)
                0x000000000800e1b4                _malloc_r
 .text._sbrk_r  0x000000000800e268       0x20 c:/st/stm32cubeide_1.3.0/stm32cubeide/plugins/com.st.stm32cube.ide.mcu.externaltools.gnu-tools-for-stm32.7-2018-q2-update.win32_1.0.0.201904181610/tools/bin/../lib/gcc/arm-none-eabi/7.3.1/../../../../arm-none-eabi/lib/thumb/v7e-m/fpv4-sp/hard\libc_nano.a(lib_a-sbrkr.o)
                0x000000000800e268                _sbrk_r
 .text.__malloc_lock
                0x000000000800e288        0x2 c:/st/stm32cubeide_1.3.0/stm32cubeide/plugins/com.st.stm32cube.ide.mcu.externaltools.gnu-tools-for-stm32.7-2018-q2-update.win32_1.0.0.201904181610/tools/bin/../lib/gcc/arm-none-eabi/7.3.1/../../../../arm-none-eabi/lib/thumb/v7e-m/fpv4-sp/hard\libc_nano.a(lib_a-mlock.o)
                0x000000000800e288                __malloc_lock
 .text.__malloc_unlock
                0x000000000800e28a        0x2 c:/st/stm32cubeide_1.3.0/stm32cubeide/plugins/com.st.stm32cube.ide.mcu.externaltools.gnu-tools-for-stm32.7-2018-q2-update.win32_1.0.0.201904181610/tools/bin/../lib/gcc/arm-none-eabi/7.3.1/../../../../arm-none-eabi/lib/thumb/v7e-m/fpv4-sp/hard\libc_nano.a(lib_a-mlock.o)
                0x000000000800e28a                __malloc_unlock
 *(.glue_7)
 .glue_7        0x000000000800e28c        0x0 linker stubs
 *(.glue_7t)
 .glue_7t       0x000000000800e28c        0x0 linker stubs
 *(.eh_frame)
 .eh_frame      0x000000000800e28c        0x0 c:/st/stm32cubeide_1.3.0/stm32cubeide/plugins/com.st.stm32cube.ide.mcu.externaltools.gnu-tools-for-stm32.7-2018-q2-update.win32_1.0.0.201904181610/tools/bin/../lib/gcc/arm-none-eabi/7.3.1/thumb/v7e-m/fpv4-sp/hard/crtbegin.o
 *(.init)
 .init          0x000000000800e28c        0x4 c:/st/stm32cubeide_1.3.0/stm32cubeide/plugins/com.st.stm32cube.ide.mcu.externaltools.gnu-tools-for-stm32.7-2018-q2-update.win32_1.0.0.201904181610/tools/bin/../lib/gcc/arm-none-eabi/7.3.1/thumb/v7e-m/fpv4-sp/hard/crti.o
                0x000000000800e28c                _init
 .init          0x000000000800e290        0x8 c:/st/stm32cubeide_1.3.0/stm32cubeide/plugins/com.st.stm32cube.ide.mcu.externaltools.gnu-tools-for-stm32.7-2018-q2-update.win32_1.0.0.201904181610/tools/bin/../lib/gcc/arm-none-eabi/7.3.1/thumb/v7e-m/fpv4-sp/hard/crtn.o
 *(.fini)
 .fini          0x000000000800e298        0x4 c:/st/stm32cubeide_1.3.0/stm32cubeide/plugins/com.st.stm32cube.ide.mcu.externaltools.gnu-tools-for-stm32.7-2018-q2-update.win32_1.0.0.201904181610/tools/bin/../lib/gcc/arm-none-eabi/7.3.1/thumb/v7e-m/fpv4-sp/hard/crti.o
                0x000000000800e298                _fini
 .fini          0x000000000800e29c        0x8 c:/st/stm32cubeide_1.3.0/stm32cubeide/plugins/com.st.stm32cube.ide.mcu.externaltools.gnu-tools-for-stm32.7-2018-q2-update.win32_1.0.0.201904181610/tools/bin/../lib/gcc/arm-none-eabi/7.3.1/thumb/v7e-m/fpv4-sp/hard/crtn.o
                0x000000000800e2a4                . = ALIGN (0x4)
                0x000000000800e2a4                _etext = .

.vfp11_veneer   0x000000000800e2a4        0x0
 .vfp11_veneer  0x000000000800e2a4        0x0 linker stubs

.v4_bx          0x000000000800e2a4        0x0
 .v4_bx         0x000000000800e2a4        0x0 linker stubs

.iplt           0x000000000800e2a4        0x0
 .iplt          0x000000000800e2a4        0x0 c:/st/stm32cubeide_1.3.0/stm32cubeide/plugins/com.st.stm32cube.ide.mcu.externaltools.gnu-tools-for-stm32.7-2018-q2-update.win32_1.0.0.201904181610/tools/bin/../lib/gcc/arm-none-eabi/7.3.1/thumb/v7e-m/fpv4-sp/hard/crtbegin.o

.rodata         0x000000000800e2a4      0x168
                0x000000000800e2a4                . = ALIGN (0x4)
 *(.rodata)
 .rodata        0x000000000800e2a4        0xc Core/Src/main.o
 .rodata        0x000000000800e2b0        0x4 Middlewares/ST/STM32_USB_Host_Library/Class/MSC/Src/usbh_msc.o
 .rodata        0x000000000800e2b4       0x44 Middlewares/Third_Party/FatFs/src/ff.o
 *(.rodata*)
 .rodata.I2SFreq
                0x000000000800e2f8       0x20 Core/Src/audioI2S.o
                0x000000000800e2f8                I2SFreq
 .rodata.I2SPLLN
                0x000000000800e318       0x20 Core/Src/audioI2S.o
                0x000000000800e318                I2SPLLN
 .rodata.I2SPLLR
                0x000000000800e338       0x20 Core/Src/audioI2S.o
                0x000000000800e338                I2SPLLR
 .rodata.AHBPrescTable
                0x000000000800e358       0x10 Core/Src/system_stm32f4xx.o
                0x000000000800e358                AHBPrescTable
 .rodata.APBPrescTable
                0x000000000800e368        0x8 Core/Src/system_stm32f4xx.o
                0x000000000800e368                APBPrescTable
 .rodata.flagBitshiftOffset.8494
                0x000000000800e370        0x8 Drivers/STM32F4xx_HAL_Driver/Src/stm32f4xx_hal_dma.o
 .rodata.USBH_Driver
                0x000000000800e378       0x14 FATFS/Target/usbh_diskio.o
                0x000000000800e378                USBH_Driver
 .rodata.ExCvt  0x000000000800e38c       0x80 Middlewares/Third_Party/FatFs/src/ff.o
                0x000000000800e40c                . = ALIGN (0x4)

.ARM.extab      0x000000000800e40c        0x0
                0x000000000800e40c                . = ALIGN (0x4)
 *(.ARM.extab* .gnu.linkonce.armextab.*)
                0x000000000800e40c                . = ALIGN (0x4)

.ARM            0x000000000800e40c        0x8
                0x000000000800e40c                . = ALIGN (0x4)
                0x000000000800e40c                __exidx_start = .
 *(.ARM.exidx*)
 .ARM.exidx     0x000000000800e40c        0x8 c:/st/stm32cubeide_1.3.0/stm32cubeide/plugins/com.st.stm32cube.ide.mcu.externaltools.gnu-tools-for-stm32.7-2018-q2-update.win32_1.0.0.201904181610/tools/bin/../lib/gcc/arm-none-eabi/7.3.1/thumb/v7e-m/fpv4-sp/hard\libgcc.a(_udivmoddi4.o)
                0x000000000800e414                __exidx_end = .
                0x000000000800e414                . = ALIGN (0x4)

.rel.dyn        0x000000000800e414        0x0
 .rel.iplt      0x000000000800e414        0x0 c:/st/stm32cubeide_1.3.0/stm32cubeide/plugins/com.st.stm32cube.ide.mcu.externaltools.gnu-tools-for-stm32.7-2018-q2-update.win32_1.0.0.201904181610/tools/bin/../lib/gcc/arm-none-eabi/7.3.1/thumb/v7e-m/fpv4-sp/hard/crtbegin.o

.preinit_array  0x000000000800e414        0x0
                0x000000000800e414                . = ALIGN (0x4)
                0x000000000800e414                PROVIDE (__preinit_array_start = .)
 *(.preinit_array*)
                0x000000000800e414                PROVIDE (__preinit_array_end = .)
                0x000000000800e414                . = ALIGN (0x4)

.init_array     0x000000000800e414        0x4
                0x000000000800e414                . = ALIGN (0x4)
                0x000000000800e414                PROVIDE (__init_array_start = .)
 *(SORT_BY_NAME(.init_array.*))
 *(.init_array*)
 .init_array    0x000000000800e414        0x4 c:/st/stm32cubeide_1.3.0/stm32cubeide/plugins/com.st.stm32cube.ide.mcu.externaltools.gnu-tools-for-stm32.7-2018-q2-update.win32_1.0.0.201904181610/tools/bin/../lib/gcc/arm-none-eabi/7.3.1/thumb/v7e-m/fpv4-sp/hard/crtbegin.o
                0x000000000800e418                PROVIDE (__init_array_end = .)
                0x000000000800e418                . = ALIGN (0x4)

.fini_array     0x000000000800e418        0x4
                0x000000000800e418                . = ALIGN (0x4)
                [!provide]                        PROVIDE (__fini_array_start = .)
 *(SORT_BY_NAME(.fini_array.*))
 *(.fini_array*)
 .fini_array    0x000000000800e418        0x4 c:/st/stm32cubeide_1.3.0/stm32cubeide/plugins/com.st.stm32cube.ide.mcu.externaltools.gnu-tools-for-stm32.7-2018-q2-update.win32_1.0.0.201904181610/tools/bin/../lib/gcc/arm-none-eabi/7.3.1/thumb/v7e-m/fpv4-sp/hard/crtbegin.o
                [!provide]                        PROVIDE (__fini_array_end = .)
                0x000000000800e41c                . = ALIGN (0x4)
                0x000000000800e41c                _sidata = LOADADDR (.data)

.data           0x0000000020000000       0x90 load address 0x000000000800e41c
                0x0000000020000000                . = ALIGN (0x4)
                0x0000000020000000                _sdata = .
 *(.data)
 *(.data*)
 .data.SystemCoreClock
                0x0000000020000000        0x4 Core/Src/system_stm32f4xx.o
                0x0000000020000000                SystemCoreClock
 .data.uwTickPrio
                0x0000000020000004        0x4 Drivers/STM32F4xx_HAL_Driver/Src/stm32f4xx_hal.o
                0x0000000020000004                uwTickPrio
 .data.uwTickFreq
                0x0000000020000008        0x1 Drivers/STM32F4xx_HAL_Driver/Src/stm32f4xx_hal.o
                0x0000000020000008                uwTickFreq
 *fill*         0x0000000020000009        0x3 
 .data.USBH_msc
                0x000000002000000c       0x20 Middlewares/ST/STM32_USB_Host_Library/Class/MSC/Src/usbh_msc.o
                0x000000002000000c                USBH_msc
 .data._impure_ptr
                0x000000002000002c        0x4 c:/st/stm32cubeide_1.3.0/stm32cubeide/plugins/com.st.stm32cube.ide.mcu.externaltools.gnu-tools-for-stm32.7-2018-q2-update.win32_1.0.0.201904181610/tools/bin/../lib/gcc/arm-none-eabi/7.3.1/../../../../arm-none-eabi/lib/thumb/v7e-m/fpv4-sp/hard\libc_nano.a(lib_a-impure.o)
                0x000000002000002c                _impure_ptr
 .data.impure_data
                0x0000000020000030       0x60 c:/st/stm32cubeide_1.3.0/stm32cubeide/plugins/com.st.stm32cube.ide.mcu.externaltools.gnu-tools-for-stm32.7-2018-q2-update.win32_1.0.0.201904181610/tools/bin/../lib/gcc/arm-none-eabi/7.3.1/../../../../arm-none-eabi/lib/thumb/v7e-m/fpv4-sp/hard\libc_nano.a(lib_a-impure.o)
                0x0000000020000090                . = ALIGN (0x4)
                0x0000000020000090                _edata = .

.igot.plt       0x0000000020000090        0x0 load address 0x000000000800e4ac
 .igot.plt      0x0000000020000090        0x0 c:/st/stm32cubeide_1.3.0/stm32cubeide/plugins/com.st.stm32cube.ide.mcu.externaltools.gnu-tools-for-stm32.7-2018-q2-update.win32_1.0.0.201904181610/tools/bin/../lib/gcc/arm-none-eabi/7.3.1/thumb/v7e-m/fpv4-sp/hard/crtbegin.o
                0x0000000020000090                . = ALIGN (0x4)

.bss            0x0000000020000090     0x201c load address 0x000000000800e4ac
                0x0000000020000090                _sbss = .
                0x0000000020000090                __bss_start__ = _sbss
 *(.bss)
 .bss           0x0000000020000090       0x1c c:/st/stm32cubeide_1.3.0/stm32cubeide/plugins/com.st.stm32cube.ide.mcu.externaltools.gnu-tools-for-stm32.7-2018-q2-update.win32_1.0.0.201904181610/tools/bin/../lib/gcc/arm-none-eabi/7.3.1/thumb/v7e-m/fpv4-sp/hard/crtbegin.o
 *(.bss*)
 .bss.i2cx      0x00000000200000ac       0x54 Core/Src/MY_CS43L22.o
 .bss.hAudioI2S
                0x0000000020000100        0x4 Core/Src/audioI2S.o
 .bss.heap_end.6424
                0x0000000020000104        0x4 Core/Src/sysmem.o
 .bss.wavFile   0x0000000020000108      0x230 Core/Src/wav_player.o
 .bss.fileLength
                0x0000000020000338        0x4 Core/Src/wav_player.o
 .bss.audioBuffer
                0x000000002000033c     0x1000 Core/Src/wav_player.o
 .bss.audioRemainSize
                0x000000002000133c        0x4 Core/Src/wav_player.o
 .bss.samplingFreq
                0x0000000020001340        0x4 Core/Src/wav_player.o
 .bss.playerReadBytes
                0x0000000020001344        0x4 Core/Src/wav_player.o
 .bss.isFinished
                0x0000000020001348        0x1 Core/Src/wav_player.o
 .bss.playerControlSM
                0x0000000020001349        0x1 Core/Src/wav_player.o
 *fill*         0x000000002000134a        0x2 
 .bss.tmpreg.8650
                0x000000002000134c        0x4 Drivers/STM32F4xx_HAL_Driver/Src/stm32f4xx_ll_usb.o
 .bss.FatFs     0x0000000020001350        0x4 Middlewares/Third_Party/FatFs/src/ff.o
 .bss.Fsid      0x0000000020001354        0x2 Middlewares/Third_Party/FatFs/src/ff.o
 *fill*         0x0000000020001356        0x2 
 .bss.Files     0x0000000020001358       0x20 Middlewares/Third_Party/FatFs/src/ff.o
 .bss.disk      0x0000000020001378        0xc Middlewares/Third_Party/FatFs/src/ff_gen_drv.o
                0x0000000020001378                disk
 .bss.Appli_state
                0x0000000020001384        0x1 USB_HOST/App/usb_host.o
                0x0000000020001384                Appli_state
 *fill*         0x0000000020001385        0x3 
 .bss.__malloc_free_list
                0x0000000020001388        0x4 c:/st/stm32cubeide_1.3.0/stm32cubeide/plugins/com.st.stm32cube.ide.mcu.externaltools.gnu-tools-for-stm32.7-2018-q2-update.win32_1.0.0.201904181610/tools/bin/../lib/gcc/arm-none-eabi/7.3.1/../../../../arm-none-eabi/lib/thumb/v7e-m/fpv4-sp/hard\libc_nano.a(lib_a-nano-mallocr.o)
                0x0000000020001388                __malloc_free_list
 .bss.__malloc_sbrk_start
                0x000000002000138c        0x4 c:/st/stm32cubeide_1.3.0/stm32cubeide/plugins/com.st.stm32cube.ide.mcu.externaltools.gnu-tools-for-stm32.7-2018-q2-update.win32_1.0.0.201904181610/tools/bin/../lib/gcc/arm-none-eabi/7.3.1/../../../../arm-none-eabi/lib/thumb/v7e-m/fpv4-sp/hard\libc_nano.a(lib_a-nano-mallocr.o)
                0x000000002000138c                __malloc_sbrk_start
 *(COMMON)
 COMMON         0x0000000020001390      0x210 Core/Src/main.o
                0x0000000020001390                htim4
                0x00000000200013d0                hi2c1
                0x0000000020001424                htim10
                0x0000000020001464                hi2c2
                0x00000000200014b8                htim5
                0x00000000200014f8                hdma_spi3_tx
                0x0000000020001558                hi2s3
 COMMON         0x00000000200015a0        0x4 Drivers/STM32F4xx_HAL_Driver/Src/stm32f4xx_hal.o
                0x00000000200015a0                uwTick
 COMMON         0x00000000200015a4      0x465 FATFS/App/fatfs.o
                0x00000000200015a4                USBHPath
                0x00000000200015a8                USBHFile
                0x00000000200017d8                USBHFatFS
                0x0000000020001a08                retUSBH
 *fill*         0x0000000020001a09        0x3 
 COMMON         0x0000000020001a0c      0x3d8 USB_HOST/App/usb_host.o
                0x0000000020001a0c                hUsbHostFS
 COMMON         0x0000000020001de4      0x2c4 USB_HOST/Target/usbh_conf.o
                0x0000000020001de4                hhcd_USB_OTG_FS
 COMMON         0x00000000200020a8        0x4 c:/st/stm32cubeide_1.3.0/stm32cubeide/plugins/com.st.stm32cube.ide.mcu.externaltools.gnu-tools-for-stm32.7-2018-q2-update.win32_1.0.0.201904181610/tools/bin/../lib/gcc/arm-none-eabi/7.3.1/../../../../arm-none-eabi/lib/thumb/v7e-m/fpv4-sp/hard\libc_nano.a(lib_a-reent.o)
                0x00000000200020a8                errno
                0x00000000200020ac                . = ALIGN (0x4)
                0x00000000200020ac                _ebss = .
                0x00000000200020ac                __bss_end__ = _ebss

._user_heap_stack
                0x00000000200020ac     0x4004 load address 0x000000000800e4ac
                0x00000000200020b0                . = ALIGN (0x8)
 *fill*         0x00000000200020ac        0x4 
                0x00000000200020b0                PROVIDE (end = .)
                [!provide]                        PROVIDE (_end = .)
                0x00000000200040b0                . = (. + _Min_Heap_Size)
 *fill*         0x00000000200020b0     0x2000 
                0x00000000200060b0                . = (. + _Min_Stack_Size)
 *fill*         0x00000000200040b0     0x2000 
                0x00000000200060b0                . = ALIGN (0x8)

/DISCARD/
 libc.a(*)
 libm.a(*)
 libgcc.a(*)

.ARM.attributes
                0x0000000000000000       0x30
 *(.ARM.attributes)
 .ARM.attributes
                0x0000000000000000       0x22 c:/st/stm32cubeide_1.3.0/stm32cubeide/plugins/com.st.stm32cube.ide.mcu.externaltools.gnu-tools-for-stm32.7-2018-q2-update.win32_1.0.0.201904181610/tools/bin/../lib/gcc/arm-none-eabi/7.3.1/thumb/v7e-m/fpv4-sp/hard/crti.o
 .ARM.attributes
                0x0000000000000022       0x34 c:/st/stm32cubeide_1.3.0/stm32cubeide/plugins/com.st.stm32cube.ide.mcu.externaltools.gnu-tools-for-stm32.7-2018-q2-update.win32_1.0.0.201904181610/tools/bin/../lib/gcc/arm-none-eabi/7.3.1/thumb/v7e-m/fpv4-sp/hard/crtbegin.o
 .ARM.attributes
                0x0000000000000056       0x39 Core/Src/MY_CS43L22.o
 .ARM.attributes
                0x000000000000008f       0x39 Core/Src/audioI2S.o
 .ARM.attributes
                0x00000000000000c8       0x39 Core/Src/main.o
 .ARM.attributes
                0x0000000000000101       0x39 Core/Src/stm32f4xx_hal_msp.o
 .ARM.attributes
                0x000000000000013a       0x39 Core/Src/stm32f4xx_it.o
 .ARM.attributes
                0x0000000000000173       0x39 Core/Src/sysmem.o
 .ARM.attributes
                0x00000000000001ac       0x39 Core/Src/system_stm32f4xx.o
 .ARM.attributes
                0x00000000000001e5       0x39 Core/Src/wav_player.o
 .ARM.attributes
                0x000000000000021e       0x21 Core/Startup/startup_stm32f411vetx.o
 .ARM.attributes
                0x000000000000023f       0x39 Drivers/STM32F4xx_HAL_Driver/Src/stm32f4xx_hal.o
 .ARM.attributes
                0x0000000000000278       0x39 Drivers/STM32F4xx_HAL_Driver/Src/stm32f4xx_hal_cortex.o
 .ARM.attributes
                0x00000000000002b1       0x39 Drivers/STM32F4xx_HAL_Driver/Src/stm32f4xx_hal_dma.o
 .ARM.attributes
                0x00000000000002ea       0x39 Drivers/STM32F4xx_HAL_Driver/Src/stm32f4xx_hal_gpio.o
 .ARM.attributes
                0x0000000000000323       0x39 Drivers/STM32F4xx_HAL_Driver/Src/stm32f4xx_hal_hcd.o
 .ARM.attributes
                0x000000000000035c       0x39 Drivers/STM32F4xx_HAL_Driver/Src/stm32f4xx_hal_i2c.o
 .ARM.attributes
                0x0000000000000395       0x39 Drivers/STM32F4xx_HAL_Driver/Src/stm32f4xx_hal_i2s.o
 .ARM.attributes
                0x00000000000003ce       0x39 Drivers/STM32F4xx_HAL_Driver/Src/stm32f4xx_hal_i2s_ex.o
 .ARM.attributes
                0x0000000000000407       0x39 Drivers/STM32F4xx_HAL_Driver/Src/stm32f4xx_hal_rcc.o
 .ARM.attributes
                0x0000000000000440       0x39 Drivers/STM32F4xx_HAL_Driver/Src/stm32f4xx_hal_rcc_ex.o
 .ARM.attributes
                0x0000000000000479       0x39 Drivers/STM32F4xx_HAL_Driver/Src/stm32f4xx_hal_tim.o
 .ARM.attributes
                0x00000000000004b2       0x39 Drivers/STM32F4xx_HAL_Driver/Src/stm32f4xx_hal_tim_ex.o
 .ARM.attributes
                0x00000000000004eb       0x39 Drivers/STM32F4xx_HAL_Driver/Src/stm32f4xx_ll_usb.o
 .ARM.attributes
                0x0000000000000524       0x39 FATFS/App/fatfs.o
 .ARM.attributes
                0x000000000000055d       0x39 FATFS/Target/usbh_diskio.o
 .ARM.attributes
                0x0000000000000596       0x39 Middlewares/ST/STM32_USB_Host_Library/Class/MSC/Src/usbh_msc.o
 .ARM.attributes
                0x00000000000005cf       0x39 Middlewares/ST/STM32_USB_Host_Library/Class/MSC/Src/usbh_msc_bot.o
 .ARM.attributes
                0x0000000000000608       0x39 Middlewares/ST/STM32_USB_Host_Library/Class/MSC/Src/usbh_msc_scsi.o
 .ARM.attributes
                0x0000000000000641       0x39 Middlewares/ST/STM32_USB_Host_Library/Core/Src/usbh_core.o
 .ARM.attributes
                0x000000000000067a       0x39 Middlewares/ST/STM32_USB_Host_Library/Core/Src/usbh_ctlreq.o
 .ARM.attributes
                0x00000000000006b3       0x39 Middlewares/ST/STM32_USB_Host_Library/Core/Src/usbh_ioreq.o
 .ARM.attributes
                0x00000000000006ec       0x39 Middlewares/ST/STM32_USB_Host_Library/Core/Src/usbh_pipes.o
 .ARM.attributes
                0x0000000000000725       0x39 Middlewares/Third_Party/FatFs/src/diskio.o
 .ARM.attributes
                0x000000000000075e       0x39 Middlewares/Third_Party/FatFs/src/ff.o
 .ARM.attributes
                0x0000000000000797       0x39 Middlewares/Third_Party/FatFs/src/ff_gen_drv.o
 .ARM.attributes
                0x00000000000007d0       0x39 USB_HOST/App/usb_host.o
 .ARM.attributes
                0x0000000000000809       0x39 USB_HOST/Target/usbh_conf.o
 .ARM.attributes
                0x0000000000000842       0x39 USB_HOST/Target/usbh_platform.o
 .ARM.attributes
                0x000000000000087b       0x34 c:/st/stm32cubeide_1.3.0/stm32cubeide/plugins/com.st.stm32cube.ide.mcu.externaltools.gnu-tools-for-stm32.7-2018-q2-update.win32_1.0.0.201904181610/tools/bin/../lib/gcc/arm-none-eabi/7.3.1/../../../../arm-none-eabi/lib/thumb/v7e-m/fpv4-sp/hard\libc_nano.a(lib_a-errno.o)
 .ARM.attributes
                0x00000000000008af       0x34 c:/st/stm32cubeide_1.3.0/stm32cubeide/plugins/com.st.stm32cube.ide.mcu.externaltools.gnu-tools-for-stm32.7-2018-q2-update.win32_1.0.0.201904181610/tools/bin/../lib/gcc/arm-none-eabi/7.3.1/../../../../arm-none-eabi/lib/thumb/v7e-m/fpv4-sp/hard\libc_nano.a(lib_a-impure.o)
 .ARM.attributes
                0x00000000000008e3       0x34 c:/st/stm32cubeide_1.3.0/stm32cubeide/plugins/com.st.stm32cube.ide.mcu.externaltools.gnu-tools-for-stm32.7-2018-q2-update.win32_1.0.0.201904181610/tools/bin/../lib/gcc/arm-none-eabi/7.3.1/../../../../arm-none-eabi/lib/thumb/v7e-m/fpv4-sp/hard\libc_nano.a(lib_a-init.o)
 .ARM.attributes
                0x0000000000000917       0x34 c:/st/stm32cubeide_1.3.0/stm32cubeide/plugins/com.st.stm32cube.ide.mcu.externaltools.gnu-tools-for-stm32.7-2018-q2-update.win32_1.0.0.201904181610/tools/bin/../lib/gcc/arm-none-eabi/7.3.1/../../../../arm-none-eabi/lib/thumb/v7e-m/fpv4-sp/hard\libc_nano.a(lib_a-malloc.o)
 .ARM.attributes
                0x000000000000094b       0x34 c:/st/stm32cubeide_1.3.0/stm32cubeide/plugins/com.st.stm32cube.ide.mcu.externaltools.gnu-tools-for-stm32.7-2018-q2-update.win32_1.0.0.201904181610/tools/bin/../lib/gcc/arm-none-eabi/7.3.1/../../../../arm-none-eabi/lib/thumb/v7e-m/fpv4-sp/hard\libc_nano.a(lib_a-memcpy-stub.o)
 .ARM.attributes
                0x000000000000097f       0x34 c:/st/stm32cubeide_1.3.0/stm32cubeide/plugins/com.st.stm32cube.ide.mcu.externaltools.gnu-tools-for-stm32.7-2018-q2-update.win32_1.0.0.201904181610/tools/bin/../lib/gcc/arm-none-eabi/7.3.1/../../../../arm-none-eabi/lib/thumb/v7e-m/fpv4-sp/hard\libc_nano.a(lib_a-memset.o)
 .ARM.attributes
                0x00000000000009b3       0x34 c:/st/stm32cubeide_1.3.0/stm32cubeide/plugins/com.st.stm32cube.ide.mcu.externaltools.gnu-tools-for-stm32.7-2018-q2-update.win32_1.0.0.201904181610/tools/bin/../lib/gcc/arm-none-eabi/7.3.1/../../../../arm-none-eabi/lib/thumb/v7e-m/fpv4-sp/hard\libc_nano.a(lib_a-nano-freer.o)
 .ARM.attributes
                0x00000000000009e7       0x34 c:/st/stm32cubeide_1.3.0/stm32cubeide/plugins/com.st.stm32cube.ide.mcu.externaltools.gnu-tools-for-stm32.7-2018-q2-update.win32_1.0.0.201904181610/tools/bin/../lib/gcc/arm-none-eabi/7.3.1/../../../../arm-none-eabi/lib/thumb/v7e-m/fpv4-sp/hard\libc_nano.a(lib_a-nano-mallocr.o)
 .ARM.attributes
                0x0000000000000a1b       0x34 c:/st/stm32cubeide_1.3.0/stm32cubeide/plugins/com.st.stm32cube.ide.mcu.externaltools.gnu-tools-for-stm32.7-2018-q2-update.win32_1.0.0.201904181610/tools/bin/../lib/gcc/arm-none-eabi/7.3.1/../../../../arm-none-eabi/lib/thumb/v7e-m/fpv4-sp/hard\libc_nano.a(lib_a-sbrkr.o)
 .ARM.attributes
                0x0000000000000a4f       0x34 c:/st/stm32cubeide_1.3.0/stm32cubeide/plugins/com.st.stm32cube.ide.mcu.externaltools.gnu-tools-for-stm32.7-2018-q2-update.win32_1.0.0.201904181610/tools/bin/../lib/gcc/arm-none-eabi/7.3.1/../../../../arm-none-eabi/lib/thumb/v7e-m/fpv4-sp/hard\libc_nano.a(lib_a-mlock.o)
 .ARM.attributes
                0x0000000000000a83       0x34 c:/st/stm32cubeide_1.3.0/stm32cubeide/plugins/com.st.stm32cube.ide.mcu.externaltools.gnu-tools-for-stm32.7-2018-q2-update.win32_1.0.0.201904181610/tools/bin/../lib/gcc/arm-none-eabi/7.3.1/../../../../arm-none-eabi/lib/thumb/v7e-m/fpv4-sp/hard\libc_nano.a(lib_a-reent.o)
 .ARM.attributes
                0x0000000000000ab7       0x22 c:/st/stm32cubeide_1.3.0/stm32cubeide/plugins/com.st.stm32cube.ide.mcu.externaltools.gnu-tools-for-stm32.7-2018-q2-update.win32_1.0.0.201904181610/tools/bin/../lib/gcc/arm-none-eabi/7.3.1/thumb/v7e-m/fpv4-sp/hard\libgcc.a(_aeabi_uldivmod.o)
 .ARM.attributes
                0x0000000000000ad9       0x34 c:/st/stm32cubeide_1.3.0/stm32cubeide/plugins/com.st.stm32cube.ide.mcu.externaltools.gnu-tools-for-stm32.7-2018-q2-update.win32_1.0.0.201904181610/tools/bin/../lib/gcc/arm-none-eabi/7.3.1/thumb/v7e-m/fpv4-sp/hard\libgcc.a(_udivmoddi4.o)
 .ARM.attributes
                0x0000000000000b0d       0x22 c:/st/stm32cubeide_1.3.0/stm32cubeide/plugins/com.st.stm32cube.ide.mcu.externaltools.gnu-tools-for-stm32.7-2018-q2-update.win32_1.0.0.201904181610/tools/bin/../lib/gcc/arm-none-eabi/7.3.1/thumb/v7e-m/fpv4-sp/hard\libgcc.a(_dvmd_tls.o)
 .ARM.attributes
                0x0000000000000b2f       0x22 c:/st/stm32cubeide_1.3.0/stm32cubeide/plugins/com.st.stm32cube.ide.mcu.externaltools.gnu-tools-for-stm32.7-2018-q2-update.win32_1.0.0.201904181610/tools/bin/../lib/gcc/arm-none-eabi/7.3.1/thumb/v7e-m/fpv4-sp/hard/crtn.o
OUTPUT(AuBaDi_final.elf elf32-littlearm)

.debug_info     0x0000000000000000    0x2b79c
 .debug_info    0x0000000000000000      0xb48 Core/Src/MY_CS43L22.o