main.c:96:6:HAL_TIM_PeriodElapsedCallback	16	static
main.c:122:6:HAL_GPIO_EXTI_Callback	16	static
main.c:147:6:wake	16	static
main.c:157:6:move	16	static
main.c:182:6:move_begin	8	static
main.c:191:6:setPosition	24	static
main.c:228:5:main	96	static
main.c:448:6:SystemClock_Config	112	static
main.c:500:13:MX_I2C1_Init	8	static
main.c:534:13:MX_I2C2_Init	8	static
main.c:568:13:MX_I2S3_Init	8	static
main.c:602:13:MX_TIM4_Init	32	static
main.c:647:13:MX_TIM5_Init	48	static
main.c:704:13:MX_TIM10_Init	8	static
main.c:733:13:MX_DMA_Init	16	static
main.c:751:13:MX_GPIO_Init	56	static
main.c:837:6:Error_Handler	4	static
