main.c:108:6:HAL_TIM_PeriodElapsedCallback	16	static
main.c:170:6:HAL_GPIO_EXTI_Callback	16	static
main.c:192:6:wake	16	static
main.c:200:6:move	16	static
main.c:219:6:moveBegin	8	static
main.c:228:6:bartender	24	static
main.c:257:6:pumpInit	8	static
main.c:275:5:main	96	static
main.c:542:6:SystemClock_Config	112	static
main.c:594:13:MX_I2C1_Init	8	static
main.c:628:13:MX_I2C2_Init	8	static
main.c:662:13:MX_I2S3_Init	8	static
main.c:696:13:MX_TIM3_Init	32	static
main.c:741:13:MX_TIM4_Init	32	static
main.c:786:13:MX_TIM5_Init	48	static
main.c:843:13:MX_TIM10_Init	8	static
main.c:872:13:MX_DMA_Init	16	static
main.c:890:13:MX_GPIO_Init	56	static
main.c:989:6:Error_Handler	4	static
